Archive member included to satisfy reference by file (symbol)

C:\Users\Lauri\Documents\MCUXpressoIDE_10.2.1_795\workspace\lab7PWM_Workspace\FreeRTOS\Debug\libfreertos.a(queue.o)
                              ./src/cdc_main.o (xQueueGenericCreate)
C:\Users\Lauri\Documents\MCUXpressoIDE_10.2.1_795\workspace\lab7PWM_Workspace\FreeRTOS\Debug\libfreertos.a(tasks.o)
                              ./src/usb_cdc.o (xTaskCreate)
C:\Users\Lauri\Documents\MCUXpressoIDE_10.2.1_795\workspace\lab7PWM_Workspace\FreeRTOS\Debug\libfreertos.a(heap_3.o)
                              C:\Users\Lauri\Documents\MCUXpressoIDE_10.2.1_795\workspace\lab7PWM_Workspace\FreeRTOS\Debug\libfreertos.a(queue.o) (pvPortMalloc)
C:\Users\Lauri\Documents\MCUXpressoIDE_10.2.1_795\workspace\lab7PWM_Workspace\FreeRTOS\Debug\libfreertos.a(port.o)
                              C:\Users\Lauri\Documents\MCUXpressoIDE_10.2.1_795\workspace\lab7PWM_Workspace\FreeRTOS\Debug\libfreertos.a(tasks.o) (pxPortInitialiseStack)
C:\Users\Lauri\Documents\MCUXpressoIDE_10.2.1_795\workspace\lab7PWM_Workspace\FreeRTOS\Debug\libfreertos.a(FreeRTOSCommonHooks.o)
                              C:\Users\Lauri\Documents\MCUXpressoIDE_10.2.1_795\workspace\lab7PWM_Workspace\FreeRTOS\Debug\libfreertos.a(heap_3.o) (vApplicationMallocFailedHook)
C:\Users\Lauri\Documents\MCUXpressoIDE_10.2.1_795\workspace\lab7PWM_Workspace\FreeRTOS\Debug\libfreertos.a(list.o)
                              C:\Users\Lauri\Documents\MCUXpressoIDE_10.2.1_795\workspace\lab7PWM_Workspace\FreeRTOS\Debug\libfreertos.a(queue.o) (vListInitialise)
C:\Users\Lauri\Documents\MCUXpressoIDE_10.2.1_795\workspace\lab7PWM_Workspace\lpc_board_nxp_lpcxpresso_1549\Debug\liblpc_board_nxp_lpcxpresso_1549.a(board.o)
                              ./src/usb_cdc.o (Board_LED_Set)
C:\Users\Lauri\Documents\MCUXpressoIDE_10.2.1_795\workspace\lab7PWM_Workspace\lpc_board_nxp_lpcxpresso_1549\Debug\liblpc_board_nxp_lpcxpresso_1549.a(board_sysinit.o)
                              ./src/sysinit.o (Board_SystemInit)
C:\Users\Lauri\Documents\MCUXpressoIDE_10.2.1_795\workspace\lab7PWM_Workspace\lpc_chip_15xx\Debug\liblpc_chip_15xx.a(chip_15xx.o)
                              C:\Users\Lauri\Documents\MCUXpressoIDE_10.2.1_795\workspace\lab7PWM_Workspace\FreeRTOS\Debug\libfreertos.a(port.o) (SystemCoreClock)
C:\Users\Lauri\Documents\MCUXpressoIDE_10.2.1_795\workspace\lab7PWM_Workspace\lpc_chip_15xx\Debug\liblpc_chip_15xx.a(clock_15xx.o)
                              C:\Users\Lauri\Documents\MCUXpressoIDE_10.2.1_795\workspace\lab7PWM_Workspace\lpc_board_nxp_lpcxpresso_1549\Debug\liblpc_board_nxp_lpcxpresso_1549.a(board.o) (Chip_Clock_GetMainClockRate)
C:\Users\Lauri\Documents\MCUXpressoIDE_10.2.1_795\workspace\lab7PWM_Workspace\lpc_chip_15xx\Debug\liblpc_chip_15xx.a(gpio_15xx.o)
                              C:\Users\Lauri\Documents\MCUXpressoIDE_10.2.1_795\workspace\lab7PWM_Workspace\lpc_board_nxp_lpcxpresso_1549\Debug\liblpc_board_nxp_lpcxpresso_1549.a(board.o) (Chip_GPIO_Init)
C:\Users\Lauri\Documents\MCUXpressoIDE_10.2.1_795\workspace\lab7PWM_Workspace\lpc_chip_15xx\Debug\liblpc_chip_15xx.a(iocon_15xx.o)
                              C:\Users\Lauri\Documents\MCUXpressoIDE_10.2.1_795\workspace\lab7PWM_Workspace\lpc_board_nxp_lpcxpresso_1549\Debug\liblpc_board_nxp_lpcxpresso_1549.a(board_sysinit.o) (Chip_IOCON_SetPinMuxing)
C:\Users\Lauri\Documents\MCUXpressoIDE_10.2.1_795\workspace\lab7PWM_Workspace\lpc_chip_15xx\Debug\liblpc_chip_15xx.a(sct_15xx.o)
                              ./src/usb_cdc.o (Chip_SCT_Init)
C:\Users\Lauri\Documents\MCUXpressoIDE_10.2.1_795\workspace\lab7PWM_Workspace\lpc_chip_15xx\Debug\liblpc_chip_15xx.a(swm_15xx.o)
                              ./src/ITM_write.o (Chip_SWM_MovablePinAssign)
C:\Users\Lauri\Documents\MCUXpressoIDE_10.2.1_795\workspace\lab7PWM_Workspace\lpc_chip_15xx\Debug\liblpc_chip_15xx.a(sysctl_15xx.o)
                              C:\Users\Lauri\Documents\MCUXpressoIDE_10.2.1_795\workspace\lab7PWM_Workspace\lpc_board_nxp_lpcxpresso_1549\Debug\liblpc_board_nxp_lpcxpresso_1549.a(board_sysinit.o) (Chip_SYSCTL_AssertPeriphReset)
C:\Users\Lauri\Documents\MCUXpressoIDE_10.2.1_795\workspace\lab7PWM_Workspace\lpc_chip_15xx\Debug\liblpc_chip_15xx.a(sysinit_15xx.o)
                              C:\Users\Lauri\Documents\MCUXpressoIDE_10.2.1_795\workspace\lab7PWM_Workspace\lpc_board_nxp_lpcxpresso_1549\Debug\liblpc_board_nxp_lpcxpresso_1549.a(board_sysinit.o) (Chip_SetupXtalClocking)
C:\Users\Lauri\Documents\MCUXpressoIDE_10.2.1_795\workspace\lab7PWM_Workspace\lpc_chip_15xx\Debug\liblpc_chip_15xx.a(uart_15xx.o)
                              C:\Users\Lauri\Documents\MCUXpressoIDE_10.2.1_795\workspace\lab7PWM_Workspace\lpc_board_nxp_lpcxpresso_1549\Debug\liblpc_board_nxp_lpcxpresso_1549.a(board.o) (Chip_UART_Init)
C:\Users\Lauri\Documents\MCUXpressoIDE_10.2.1_795\workspace\lab7PWM_Workspace\lpc_chip_15xx\Debug\liblpc_chip_15xx.a(ring_buffer.o)
[...]
Memory Configuration

Name             Origin             Length             Attributes
MFlash256        0x00000000         0x00040000         xr
Ram0_16_32       0x02000000         0x00008000         xrw
Ram2_4           0x02008000         0x00001000         xrw
*default*        0x00000000         0xffffffff

Linker script and memory map

LOAD ./src/DigitalIoPin.o
LOAD ./src/Fmutex.o
LOAD ./src/ITM_write.o
LOAD ./src/LimitedCounter.o
LOAD ./src/cdc_desc.o
LOAD ./src/cdc_main.o
LOAD ./src/cdc_vcom.o
LOAD ./src/cr_cpp_config.o
LOAD ./src/cr_startup_lpc15xx.o
LOAD ./src/crp.o
LOAD ./src/sysinit.o
LOAD ./src/usb_cdc.o
LOAD C:\Users\Lauri\Documents\MCUXpressoIDE_10.2.1_795\workspace\lab7PWM_Workspace\FreeRTOS\Debug\libfreertos.a
LOAD C:\Users\Lauri\Documents\MCUXpressoIDE_10.2.1_795\workspace\lab7PWM_Workspace\lpc_board_nxp_lpcxpresso_1549\Debug\liblpc_board_nxp_lpcxpresso_1549.a
LOAD C:\Users\Lauri\Documents\MCUXpressoIDE_10.2.1_795\workspace\lab7PWM_Workspace\lpc_chip_15xx\Debug\liblpc_chip_15xx.a
LOAD C:\Users\Lauri\Documents\MCUXpressoIDE_10.2.1_795\workspace\lab7PWM_Workspace\FreeRTOS\Debug\libFreeRTOS.a
START GROUP
LOAD c:/nxp/mcuxpressoide_10.2.1_795/ide/tools/bin/../lib/gcc/arm-none-eabi/7.2.1/thumb/v7-m\libgcc.a
LOAD c:/nxp/mcuxpressoide_10.2.1_795/ide/tools/bin/../lib/gcc/arm-none-eabi/7.2.1/../../../../arm-none-eabi/lib/thumb/v7-m\libc.a
LOAD c:/nxp/mcuxpressoide_10.2.1_795/ide/tools/bin/../lib/gcc/arm-none-eabi/7.2.1/../../../../arm-none-eabi/lib/thumb/v7-m\libstdc++.a
LOAD c:/nxp/mcuxpressoide_10.2.1_795/ide/tools/bin/../lib/gcc/arm-none-eabi/7.2.1/../../../../arm-none-eabi/lib/thumb/v7-m\libm.a
LOAD c:/nxp/mcuxpressoide_10.2.1_795/ide/tools/bin/../lib/gcc/arm-none-eabi/7.2.1/../../../../arm-none-eabi/lib/thumb/v7-m\libcr_newlib_nohost.a
LOAD c:/nxp/mcuxpressoide_10.2.1_795/ide/tools/bin/../lib/gcc/arm-none-eabi/7.2.1/thumb/v7-m\crti.o
LOAD c:/nxp/mcuxpressoide_10.2.1_795/ide/tools/bin/../lib/gcc/arm-none-eabi/7.2.1/thumb/v7-m\crtn.o
LOAD c:/nxp/mcuxpressoide_10.2.1_795/ide/tools/bin/../lib/gcc/arm-none-eabi/7.2.1/thumb/v7-m\crtbegin.o
LOAD c:/nxp/mcuxpressoide_10.2.1_795/ide/tools/bin/../lib/gcc/arm-none-eabi/7.2.1/thumb/v7-m\crtend.o
END GROUP
                0x00000000                __base_MFlash256 = 0x0
                0x00000000                __base_Flash = 0x0
                0x00040000                __top_MFlash256 = 0x40000
                0x00040000                __top_Flash = 0x40000
                0x02000000                __base_Ram0_16_32 = 0x2000000
                0x02000000                __base_RAM = 0x2000000
                0x02008000                __top_Ram0_16_32 = 0x2008000
                0x02008000                __top_RAM = 0x2008000
                0x02008000                __base_Ram2_4 = 0x2008000
                0x02008000                __base_RAM2 = 0x2008000
                0x02009000                __top_Ram2_4 = 0x2009000
                0x02009000                __top_RAM2 = 0x2009000

.text           0x00000000     0xbbe0
 FILL mask 0xff
                0x00000000                __vectors_start__ = ABSOLUTE (.)
 *(.isr_vector)
 .isr_vector    0x00000000       0xfc ./src/cr_startup_lpc15xx.o
                0x00000000                g_pfnVectors
                0x000000fc                . = ALIGN (0x4)
                0x000000fc                __section_table_start = .
                0x000000fc                __data_section_table = .
                0x000000fc        0x4 LONG 0xbbe8 LOADADDR (.data)
                0x00000100        0x4 LONG 0x2000000 ADDR (.data)
                0x00000104        0x4 LONG 0x9fc SIZEOF (.data)
                0x00000108        0x4 LONG 0xbbe8 LOADADDR (.data_RAM2)
                0x0000010c        0x4 LONG 0x2008000 ADDR (.data_RAM2)
                0x00000110        0x4 LONG 0x0 SIZEOF (.data_RAM2)
                0x00000114                __data_section_table_end = .
                0x00000114                __bss_section_table = .
                0x00000114        0x4 LONG 0x20009fc ADDR (.bss)
                0x00000118        0x4 LONG 0x644 SIZEOF (.bss)
                0x0000011c        0x4 LONG 0x2008000 ADDR (.bss_RAM2)
                0x00000120        0x4 LONG 0x0 SIZEOF (.bss_RAM2)
                0x00000124                __bss_section_table_end = .
                0x00000124                __section_table_end = .
 *(.after_vectors*)
 .after_vectors
                0x00000124      0x140 ./src/cr_startup_lpc15xx.o
                0x00000124                data_init(unsigned int, unsigned int, unsigned int)
                0x00000166                bss_init(unsigned int, unsigned int)
                0x0000019c                ResetISR
                0x00000228                NMI_Handler
                0x0000022e                HardFault_Handler
                0x00000234                MemManage_Handler
                0x0000023a                BusFault_Handler
                0x00000240                UsageFault_Handler
                0x0000024c                DebugMon_Handler
                0x0000025e                UART1_IRQHandler
                0x0000025e                RTC_WAKE_IRQHandler
                0x0000025e                UART0_IRQHandler
                0x0000025e                MRT_IRQHandler
                0x0000025e                ADC1_THCMP_IRQHandler
                0x0000025e                SPI1_IRQHandler
                0x0000025e                PIN_INT6_IRQHandler
                0x0000025e                IntDefaultHandler
                0x0000025e                PIN_INT4_IRQHandler
                0x0000025e                CAN_IRQHandler
                0x0000025e                RTC_ALARM_IRQHandler
                0x0000025e                ADC1B_IRQHandler
                0x0000025e                ADC1_OVR_IRQHandler
                0x0000025e                USBWakeup_IRQHandler
                0x0000025e                ADC0_OVR_IRQHandler
                0x0000025e                PIN_INT5_IRQHandler
                0x0000025e                SCT1_IRQHandler
                0x0000025e                PIN_INT2_IRQHandler
                0x0000025e                USB_FIQHandler
                0x0000025e                SCT3_IRQHandler
                0x0000025e                PIN_INT7_IRQHandler
                0x0000025e                I2C0_IRQHandler
                0x0000025e                PIN_INT1_IRQHandler
                0x0000025e                BOD_IRQHandler
                0x0000025e                ADC0B_IRQHandler
                0x0000025e                ACMP0_IRQHandler
                0x0000025e                RIT_IRQHandler
                0x0000025e                SCT2_IRQHandler
                0x0000025e                WDT_IRQHandler
                0x0000025e                PIN_INT0_IRQHandler
                0x0000025e                QEI_IRQHandler
                0x0000025e                ACMP3_IRQHandler
                0x0000025e                GINT0_IRQHandler
                0x0000025e                DAC_IRQHandler
                0x0000025e                SPI0_IRQHandler
                0x0000025e                EEPROM_IRQHandler
                0x0000025e                ACMP2_IRQHandler
                0x0000025e                UART2_IRQHandler
                0x0000025e                ADC1A_IRQHandler
                0x0000025e                DMA_IRQHandler
                0x0000025e                PIN_INT3_IRQHandler
                0x0000025e                ACMP1_IRQHandler
                0x0000025e                SCT0_IRQHandler
                0x0000025e                ADC0A_IRQHandler
                0x0000025e                FMC_IRQHandler
                0x0000025e                GINT1_IRQHandler
                0x0000025e                ADC0_THCMP_IRQHandler
 *(.text*)
 .text.Chip_SWM_MovablePortPinAssign
                0x00000264       0x30 ./src/ITM_write.o
 .text.ITM_init
                0x00000294       0x12 ./src/ITM_write.o
                0x00000294                ITM_init
 *fill*         0x000002a6        0x2 ff
 .text.ITM_write
                0x000002a8       0x7c ./src/ITM_write.o
                0x000002a8                ITM_write
 .text.NVIC_EnableIRQ
                0x00000324       0x30 ./src/cdc_main.o
 .text.vcom_connected
                0x00000354       0x1c ./src/cdc_main.o
 .text.USB_send
                0x00000370       0x74 ./src/cdc_main.o
                0x00000370                USB_send
 .text.USB_receive
                0x000003e4       0x5c ./src/cdc_main.o
                0x000003e4                USB_receive
 .text.USB_IRQHandler
                0x00000440       0x58 ./src/cdc_main.o
                0x00000440                USB_IRQHandler
 .text.find_IntfDesc
                0x00000498       0x5c ./src/cdc_main.o
                0x00000498                find_IntfDesc
 .text.cdc_task
                0x000004f4      0x2d8 ./src/cdc_main.o
                0x000004f4                cdc_task
 .text.NVIC_EnableIRQ
                0x000007cc       0x30 ./src/cdc_vcom.o
 .text.NVIC_DisableIRQ
                0x000007fc       0x34 ./src/cdc_vcom.o
 .text.VCOM_bulk_in_hdlr
                0x00000830       0x32 ./src/cdc_vcom.o
 *fill*         0x00000862        0x2 ff
 .text.VCOM_bulk_out_hdlr
                0x00000864       0xe8 ./src/cdc_vcom.o
 .text.VCOM_SetLineCode
                0x0000094c       0x28 ./src/cdc_vcom.o
 .text.vcom_init
                0x00000974       0xec ./src/cdc_vcom.o
                0x00000974                vcom_init
 .text.vcom_bread
                0x00000a60       0x8c ./src/cdc_vcom.o
                0x00000a60                vcom_bread
 .text.vcom_write
                0x00000aec       0x74 ./src/cdc_vcom.o
                0x00000aec                vcom_write
 .text.SystemInit
                0x00000b60        0xc ./src/sysinit.o
                0x00000b60                SystemInit
 .text.Chip_SWM_MovablePortPinAssign
                0x00000b6c       0x30 ./src/usb_cdc.o
 .text._ZL16prvSetupHardwarev
                0x00000b9c       0x18 ./src/usb_cdc.o
 .text._Z6getRedv
                0x00000bb4       0x18 ./src/usb_cdc.o
                0x00000bb4                getRed()
 .text._Z8getGreenv
                0x00000bcc       0x18 ./src/usb_cdc.o
                0x00000bcc                getGreen()
 .text._Z7getBluev
                0x00000be4       0x18 ./src/usb_cdc.o
                0x00000be4                getBlue()
 .text._Z12setRGBValueshhh
                0x00000bfc       0x54 ./src/usb_cdc.o
                0x00000bfc                setRGBValues(unsigned char, unsigned char, unsigned char)
 .text._ZL12receive_taskPv
                0x00000c50      0x24c ./src/usb_cdc.o
 .text._Z11setupSCTLEDv
                0x00000e9c      0x178 ./src/usb_cdc.o
                0x00000e9c                setupSCTLED()
 .text.main     0x00001014       0x70 ./src/usb_cdc.o
                0x00001014                main
 .text.xQueueGenericReset
                0x00001084       0xb4 C:\Users\Lauri\Documents\MCUXpressoIDE_10.2.1_795\workspace\lab7PWM_Workspace\FreeRTOS\Debug\libfreertos.a(queue.o)
                0x00001084                xQueueGenericReset
 .text.xQueueGenericCreate
                0x00001138       0x58 C:\Users\Lauri\Documents\MCUXpressoIDE_10.2.1_795\workspace\lab7PWM_Workspace\FreeRTOS\Debug\libfreertos.a(queue.o)
                0x00001138                xQueueGenericCreate
 .text.prvInitialiseNewQueue
                0x00001190       0x46 C:\Users\Lauri\Documents\MCUXpressoIDE_10.2.1_795\workspace\lab7PWM_Workspace\FreeRTOS\Debug\libfreertos.a(queue.o)
 .text.prvInitialiseMutex
                0x000011d6       0x34 C:\Users\Lauri\Documents\MCUXpressoIDE_10.2.1_795\workspace\lab7PWM_Workspace\FreeRTOS\Debug\libfreertos.a(queue.o)
 .text.xQueueCreateMutex
                0x0000120a       0x30 C:\Users\Lauri\Documents\MCUXpressoIDE_10.2.1_795\workspace\lab7PWM_Workspace\FreeRTOS\Debug\libfreertos.a(queue.o)
                0x0000120a                xQueueCreateMutex
 *fill*         0x0000123a        0x2 ff
 .text.xQueueGenericSend
                0x0000123c      0x154 C:\Users\Lauri\Documents\MCUXpressoIDE_10.2.1_795\workspace\lab7PWM_Workspace\FreeRTOS\Debug\libfreertos.a(queue.o)
                0x0000123c                xQueueGenericSend
 .text.xQueueGiveFromISR
                0x00001390       0xa6 C:\Users\Lauri\Documents\MCUXpressoIDE_10.2.1_795\workspace\lab7PWM_Workspace\FreeRTOS\Debug\libfreertos.a(queue.o)
                0x00001390                xQueueGiveFromISR
 *fill*         0x00001436        0x2 ff
 .text.xQueueReceive
                0x00001438      0x144 C:\Users\Lauri\Documents\MCUXpressoIDE_10.2.1_795\workspace\lab7PWM_Workspace\FreeRTOS\Debug\libfreertos.a(queue.o)
                0x00001438                xQueueReceive
 .text.xQueueSemaphoreTake
                0x0000157c      0x190 C:\Users\Lauri\Documents\MCUXpressoIDE_10.2.1_795\workspace\lab7PWM_Workspace\FreeRTOS\Debug\libfreertos.a(queue.o)
                0x0000157c                xQueueSemaphoreTake
 .text.prvGetDisinheritPriorityAfterTimeout
                0x0000170c       0x2e C:\Users\Lauri\Documents\MCUXpressoIDE_10.2.1_795\workspace\lab7PWM_Workspace\FreeRTOS\Debug\libfreertos.a(queue.o)
 .text.prvCopyDataToQueue
                0x0000173a       0xd4 C:\Users\Lauri\Documents\MCUXpressoIDE_10.2.1_795\workspace\lab7PWM_Workspace\FreeRTOS\Debug\libfreertos.a(queue.o)
 .text.prvCopyDataFromQueue
                0x0000180e       0x4c C:\Users\Lauri\Documents\MCUXpressoIDE_10.2.1_795\workspace\lab7PWM_Workspace\FreeRTOS\Debug\libfreertos.a(queue.o)
 .text.prvUnlockQueue
                0x0000185a       0xa4 C:\Users\Lauri\Documents\MCUXpressoIDE_10.2.1_795\workspace\lab7PWM_Workspace\FreeRTOS\Debug\libfreertos.a(queue.o)
 .text.prvIsQueueEmpty
                0x000018fe       0x2c C:\Users\Lauri\Documents\MCUXpressoIDE_10.2.1_795\workspace\lab7PWM_Workspace\FreeRTOS\Debug\libfreertos.a(queue.o)
 .text.prvIsQueueFull
                0x0000192a       0x30 C:\Users\Lauri\Documents\MCUXpressoIDE_10.2.1_795\workspace\lab7PWM_Workspace\FreeRTOS\Debug\libfreertos.a(queue.o)
 *fill*         0x0000195a        0x2 ff
 .text.vQueueAddToRegistry
                0x0000195c       0x50 C:\Users\Lauri\Documents\MCUXpressoIDE_10.2.1_795\workspace\lab7PWM_Workspace\FreeRTOS\Debug\libfreertos.a(queue.o)
                0x0000195c                vQueueAddToRegistry
 .text.xTaskCreate
                0x000019ac       0x84 C:\Users\Lauri\Documents\MCUXpressoIDE_10.2.1_795\workspace\lab7PWM_Workspace\FreeRTOS\Debug\libfreertos.a(tasks.o)
                0x000019ac                xTaskCreate
 .text.prvInitialiseNewTask
                0x00001a30      0x178 C:\Users\Lauri\Documents\MCUXpressoIDE_10.2.1_795\workspace\lab7PWM_Workspace\FreeRTOS\Debug\libfreertos.a(tasks.o)
 .text.prvAddNewTaskToReadyList
                0x00001ba8       0xdc C:\Users\Lauri\Documents\MCUXpressoIDE_10.2.1_795\workspace\lab7PWM_Workspace\FreeRTOS\Debug\libfreertos.a(tasks.o)
 .text.vTaskStartScheduler
                0x00001c84       0xa0 C:\Users\Lauri\Documents\MCUXpressoIDE_10.2.1_795\workspace\lab7PWM_Workspace\FreeRTOS\Debug\libfreertos.a(tasks.o)
                0x00001c84                vTaskStartScheduler
 .text.vTaskSuspendAll
                0x00001d24       0x1c C:\Users\Lauri\Documents\MCUXpressoIDE_10.2.1_795\workspace\lab7PWM_Workspace\FreeRTOS\Debug\libfreertos.a(tasks.o)
                0x00001d24                vTaskSuspendAll
 .text.xTaskResumeAll
                0x00001d40      0x11c C:\Users\Lauri\Documents\MCUXpressoIDE_10.2.1_795\workspace\lab7PWM_Workspace\FreeRTOS\Debug\libfreertos.a(tasks.o)
                0x00001d40                xTaskResumeAll
 .text.xTaskIncrementTick
                0x00001e5c      0x158 C:\Users\Lauri\Documents\MCUXpressoIDE_10.2.1_795\workspace\lab7PWM_Workspace\FreeRTOS\Debug\libfreertos.a(tasks.o)
                0x00001e5c                xTaskIncrementTick
 .text.vTaskSwitchContext
                0x00001fb4       0xe4 C:\Users\Lauri\Documents\MCUXpressoIDE_10.2.1_795\workspace\lab7PWM_Workspace\FreeRTOS\Debug\libfreertos.a(tasks.o)
                0x00001fb4                vTaskSwitchContext
 .text.vTaskPlaceOnEventList
                0x00002098       0x2c C:\Users\Lauri\Documents\MCUXpressoIDE_10.2.1_795\workspace\lab7PWM_Workspace\FreeRTOS\Debug\libfreertos.a(tasks.o)
                0x00002098                vTaskPlaceOnEventList
 .text.xTaskRemoveFromEventList
                0x000020c4       0xa8 C:\Users\Lauri\Documents\MCUXpressoIDE_10.2.1_795\workspace\lab7PWM_Workspace\FreeRTOS\Debug\libfreertos.a(tasks.o)
                0x000020c4                xTaskRemoveFromEventList
 .text.vTaskInternalSetTimeOutState
                0x0000216c       0x2c C:\Users\Lauri\Documents\MCUXpressoIDE_10.2.1_795\workspace\lab7PWM_Workspace\FreeRTOS\Debug\libfreertos.a(tasks.o)
                0x0000216c                vTaskInternalSetTimeOutState
 .text.xTaskCheckForTimeOut
                0x00002198       0x8c C:\Users\Lauri\Documents\MCUXpressoIDE_10.2.1_795\workspace\lab7PWM_Workspace\FreeRTOS\Debug\libfreertos.a(tasks.o)
                0x00002198                xTaskCheckForTimeOut
 .text.vTaskMissedYield
                0x00002224       0x18 C:\Users\Lauri\Documents\MCUXpressoIDE_10.2.1_795\workspace\lab7PWM_Workspace\FreeRTOS\Debug\libfreertos.a(tasks.o)
                0x00002224                vTaskMissedYield
 .text.prvIdleTask
                0x0000223c        0xe C:\Users\Lauri\Documents\MCUXpressoIDE_10.2.1_795\workspace\lab7PWM_Workspace\FreeRTOS\Debug\libfreertos.a(tasks.o)
 *fill*         0x0000224a        0x2 ff
 .text.prvInitialiseTaskLists
                0x0000224c       0x80 C:\Users\Lauri\Documents\MCUXpressoIDE_10.2.1_795\workspace\lab7PWM_Workspace\FreeRTOS\Debug\libfreertos.a(tasks.o)
 .text.prvCheckTasksWaitingTermination
                0x000022cc       0x58 C:\Users\Lauri\Documents\MCUXpressoIDE_10.2.1_795\workspace\lab7PWM_Workspace\FreeRTOS\Debug\libfreertos.a(tasks.o)
 .text.prvDeleteTCB
                0x00002324       0x2a C:\Users\Lauri\Documents\MCUXpressoIDE_10.2.1_795\workspace\lab7PWM_Workspace\FreeRTOS\Debug\libfreertos.a(tasks.o)
 *fill*         0x0000234e        0x2 ff
 .text.prvResetNextTaskUnblockTime
                0x00002350       0x48 C:\Users\Lauri\Documents\MCUXpressoIDE_10.2.1_795\workspace\lab7PWM_Workspace\FreeRTOS\Debug\libfreertos.a(tasks.o)
 .text.xTaskPriorityInherit
                0x00002398      0x10c C:\Users\Lauri\Documents\MCUXpressoIDE_10.2.1_795\workspace\lab7PWM_Workspace\FreeRTOS\Debug\libfreertos.a(tasks.o)
                0x00002398                xTaskPriorityInherit
 .text.xTaskPriorityDisinherit
                0x000024a4       0xc8 C:\Users\Lauri\Documents\MCUXpressoIDE_10.2.1_795\workspace\lab7PWM_Workspace\FreeRTOS\Debug\libfreertos.a(tasks.o)
                0x000024a4                xTaskPriorityDisinherit
 .text.vTaskPriorityDisinheritAfterTimeout
                0x0000256c       0xfc C:\Users\Lauri\Documents\MCUXpressoIDE_10.2.1_795\workspace\lab7PWM_Workspace\FreeRTOS\Debug\libfreertos.a(tasks.o)
                0x0000256c                vTaskPriorityDisinheritAfterTimeout
 .text.pvTaskIncrementMutexHeldCount
                0x00002668       0x28 C:\Users\Lauri\Documents\MCUXpressoIDE_10.2.1_795\workspace\lab7PWM_Workspace\FreeRTOS\Debug\libfreertos.a(tasks.o)
                0x00002668                pvTaskIncrementMutexHeldCount
 .text.prvAddCurrentTaskToDelayedList
                0x00002690       0xcc C:\Users\Lauri\Documents\MCUXpressoIDE_10.2.1_795\workspace\lab7PWM_Workspace\FreeRTOS\Debug\libfreertos.a(tasks.o)
 .text.pvPortMalloc
                0x0000275c       0x2c C:\Users\Lauri\Documents\MCUXpressoIDE_10.2.1_795\workspace\lab7PWM_Workspace\FreeRTOS\Debug\libfreertos.a(heap_3.o)
                0x0000275c                pvPortMalloc
 .text.vPortFree
                0x00002788       0x24 C:\Users\Lauri\Documents\MCUXpressoIDE_10.2.1_795\workspace\lab7PWM_Workspace\FreeRTOS\Debug\libfreertos.a(heap_3.o)
                0x00002788                vPortFree
 .text.pxPortInitialiseStack
                0x000027ac       0x58 C:\Users\Lauri\Documents\MCUXpressoIDE_10.2.1_795\workspace\lab7PWM_Workspace\FreeRTOS\Debug\libfreertos.a(port.o)
                0x000027ac                pxPortInitialiseStack
 .text.prvTaskExitError
                0x00002804       0x2e C:\Users\Lauri\Documents\MCUXpressoIDE_10.2.1_795\workspace\lab7PWM_Workspace\FreeRTOS\Debug\libfreertos.a(port.o)
 *fill*         0x00002832        0xe ff
 .text.SVC_Handler
                0x00002840       0x28 C:\Users\Lauri\Documents\MCUXpressoIDE_10.2.1_795\workspace\lab7PWM_Workspace\FreeRTOS\Debug\libfreertos.a(port.o)
                0x00002840                SVC_Handler
 .text.prvPortStartFirstTask
                0x00002868       0x20 C:\Users\Lauri\Documents\MCUXpressoIDE_10.2.1_795\workspace\lab7PWM_Workspace\FreeRTOS\Debug\libfreertos.a(port.o)
 .text.xPortStartScheduler
                0x00002888       0x40 C:\Users\Lauri\Documents\MCUXpressoIDE_10.2.1_795\workspace\lab7PWM_Workspace\FreeRTOS\Debug\libfreertos.a(port.o)
                0x00002888                xPortStartScheduler
 .text.vPortEnterCritical
                0x000028c8       0x30 C:\Users\Lauri\Documents\MCUXpressoIDE_10.2.1_795\workspace\lab7PWM_Workspace\FreeRTOS\Debug\libfreertos.a(port.o)
                0x000028c8                vPortEnterCritical
 .text.vPortExitCritical
                0x000028f8       0x30 C:\Users\Lauri\Documents\MCUXpressoIDE_10.2.1_795\workspace\lab7PWM_Workspace\FreeRTOS\Debug\libfreertos.a(port.o)
                0x000028f8                vPortExitCritical
 *fill*         0x00002928        0x8 ff
 .text.PendSV_Handler
                0x00002930       0x48 C:\Users\Lauri\Documents\MCUXpressoIDE_10.2.1_795\workspace\lab7PWM_Workspace\FreeRTOS\Debug\libfreertos.a(port.o)
                0x00002930                PendSV_Handler
 .text.SysTick_Handler
                0x00002978       0x40 C:\Users\Lauri\Documents\MCUXpressoIDE_10.2.1_795\workspace\lab7PWM_Workspace\FreeRTOS\Debug\libfreertos.a(port.o)
                0x00002978                SysTick_Handler
 .text.vPortSetupTimerInterrupt
                0x000029b8       0x44 C:\Users\Lauri\Documents\MCUXpressoIDE_10.2.1_795\workspace\lab7PWM_Workspace\FreeRTOS\Debug\libfreertos.a(port.o)
                0x000029b8                vPortSetupTimerInterrupt
 .text.vApplicationMallocFailedHook
                0x000029fc       0x1c C:\Users\Lauri\Documents\MCUXpressoIDE_10.2.1_795\workspace\lab7PWM_Workspace\FreeRTOS\Debug\libfreertos.a(FreeRTOSCommonHooks.o)
                0x000029fc                vApplicationMallocFailedHook
 .text.vApplicationStackOverflowHook
                0x00002a18       0x20 C:\Users\Lauri\Documents\MCUXpressoIDE_10.2.1_795\workspace\lab7PWM_Workspace\FreeRTOS\Debug\libfreertos.a(FreeRTOSCommonHooks.o)
                0x00002a18                vApplicationStackOverflowHook
 .text.vListInitialise
                0x00002a38       0x3e C:\Users\Lauri\Documents\MCUXpressoIDE_10.2.1_795\workspace\lab7PWM_Workspace\FreeRTOS\Debug\libfreertos.a(list.o)
                0x00002a38                vListInitialise
 .text.vListInitialiseItem
                0x00002a76       0x18 C:\Users\Lauri\Documents\MCUXpressoIDE_10.2.1_795\workspace\lab7PWM_Workspace\FreeRTOS\Debug\libfreertos.a(list.o)
                0x00002a76                vListInitialiseItem
 .text.vListInsertEnd
                0x00002a8e       0x46 C:\Users\Lauri\Documents\MCUXpressoIDE_10.2.1_795\workspace\lab7PWM_Workspace\FreeRTOS\Debug\libfreertos.a(list.o)
                0x00002a8e                vListInsertEnd
 .text.vListInsert
                0x00002ad4       0x70 C:\Users\Lauri\Documents\MCUXpressoIDE_10.2.1_795\workspace\lab7PWM_Workspace\FreeRTOS\Debug\libfreertos.a(list.o)
                0x00002ad4                vListInsert
 .text.uxListRemove
                0x00002b44       0x52 C:\Users\Lauri\Documents\MCUXpressoIDE_10.2.1_795\workspace\lab7PWM_Workspace\FreeRTOS\Debug\libfreertos.a(list.o)
                0x00002b44                uxListRemove
 .text.Chip_IOCON_PinMuxSet
                0x00002b96       0x2c C:\Users\Lauri\Documents\MCUXpressoIDE_10.2.1_795\workspace\lab7PWM_Workspace\lpc_board_nxp_lpcxpresso_1549\Debug\liblpc_board_nxp_lpcxpresso_1549.a(board.o)
 .text.Chip_SWM_MovablePortPinAssign
                0x00002bc2       0x30 C:\Users\Lauri\Documents\MCUXpressoIDE_10.2.1_795\workspace\lab7PWM_Workspace\lpc_board_nxp_lpcxpresso_1549\Debug\liblpc_board_nxp_lpcxpresso_1549.a(board.o)
 .text.Chip_GPIO_SetPinState
                0x00002bf2       0x36 C:\Users\Lauri\Documents\MCUXpressoIDE_10.2.1_795\workspace\lab7PWM_Workspace\lpc_board_nxp_lpcxpresso_1549\Debug\liblpc_board_nxp_lpcxpresso_1549.a(board.o)
 .text.Chip_GPIO_SetPinDIROutput
                0x00002c28       0x3c C:\Users\Lauri\Documents\MCUXpressoIDE_10.2.1_795\workspace\lab7PWM_Workspace\lpc_board_nxp_lpcxpresso_1549\Debug\liblpc_board_nxp_lpcxpresso_1549.a(board.o)
 .text.Chip_UART_Enable
                0x00002c64       0x1e C:\Users\Lauri\Documents\MCUXpressoIDE_10.2.1_795\workspace\lab7PWM_Workspace\lpc_board_nxp_lpcxpresso_1549\Debug\liblpc_board_nxp_lpcxpresso_1549.a(board.o)
 .text.Chip_UART_TXEnable
                0x00002c82       0x1e C:\Users\Lauri\Documents\MCUXpressoIDE_10.2.1_795\workspace\lab7PWM_Workspace\lpc_board_nxp_lpcxpresso_1549\Debug\liblpc_board_nxp_lpcxpresso_1549.a(board.o)
 .text.Chip_UART_ConfigData
                0x00002ca0       0x28 C:\Users\Lauri\Documents\MCUXpressoIDE_10.2.1_795\workspace\lab7PWM_Workspace\lpc_board_nxp_lpcxpresso_1549\Debug\liblpc_board_nxp_lpcxpresso_1549.a(board.o)
 .text.Board_Debug_Init
                0x00002cc8       0x70 C:\Users\Lauri\Documents\MCUXpressoIDE_10.2.1_795\workspace\lab7PWM_Workspace\lpc_board_nxp_lpcxpresso_1549\Debug\liblpc_board_nxp_lpcxpresso_1549.a(board.o)
                0x00002cc8                Board_Debug_Init
 .text.Board_LED_Init
                0x00002d38       0x5c C:\Users\Lauri\Documents\MCUXpressoIDE_10.2.1_795\workspace\lab7PWM_Workspace\lpc_board_nxp_lpcxpresso_1549\Debug\liblpc_board_nxp_lpcxpresso_1549.a(board.o)
 .text.Board_LED_Set
                0x00002d94       0x54 C:\Users\Lauri\Documents\MCUXpressoIDE_10.2.1_795\workspace\lab7PWM_Workspace\lpc_board_nxp_lpcxpresso_1549\Debug\liblpc_board_nxp_lpcxpresso_1549.a(board.o)
                0x00002d94                Board_LED_Set
 .text.Board_Init
                0x00002de8       0x18 C:\Users\Lauri\Documents\MCUXpressoIDE_10.2.1_795\workspace\lab7PWM_Workspace\lpc_board_nxp_lpcxpresso_1549\Debug\liblpc_board_nxp_lpcxpresso_1549.a(board.o)
                0x00002de8                Board_Init
 .text.Chip_SYSCTL_PeriphReset
                0x00002e00       0x22 C:\Users\Lauri\Documents\MCUXpressoIDE_10.2.1_795\workspace\lab7PWM_Workspace\lpc_board_nxp_lpcxpresso_1549\Debug\liblpc_board_nxp_lpcxpresso_1549.a(board_sysinit.o)
 *fill*         0x00002e22        0x2 ff
 .text.Chip_Clock_SetUSBPLLSource
                0x00002e24       0x20 C:\Users\Lauri\Documents\MCUXpressoIDE_10.2.1_795\workspace\lab7PWM_Workspace\lpc_board_nxp_lpcxpresso_1549\Debug\liblpc_board_nxp_lpcxpresso_1549.a(board_sysinit.o)
 .text.Chip_Clock_SetupUSBPLL
                0x00002e44       0x34 C:\Users\Lauri\Documents\MCUXpressoIDE_10.2.1_795\workspace\lab7PWM_Workspace\lpc_board_nxp_lpcxpresso_1549\Debug\liblpc_board_nxp_lpcxpresso_1549.a(board_sysinit.o)
 .text.Chip_Clock_IsUSBPLLLocked
                0x00002e78       0x24 C:\Users\Lauri\Documents\MCUXpressoIDE_10.2.1_795\workspace\lab7PWM_Workspace\lpc_board_nxp_lpcxpresso_1549\Debug\liblpc_board_nxp_lpcxpresso_1549.a(board_sysinit.o)
 .text.Chip_Clock_SetSysTickClockDiv
                0x00002e9c       0x20 C:\Users\Lauri\Documents\MCUXpressoIDE_10.2.1_795\workspace\lab7PWM_Workspace\lpc_board_nxp_lpcxpresso_1549\Debug\liblpc_board_nxp_lpcxpresso_1549.a(board_sysinit.o)
 .text.Chip_SWM_MovablePortPinAssign
                0x00002ebc       0x30 C:\Users\Lauri\Documents\MCUXpressoIDE_10.2.1_795\workspace\lab7PWM_Workspace\lpc_board_nxp_lpcxpresso_1549\Debug\liblpc_board_nxp_lpcxpresso_1549.a(board_sysinit.o)
 .text.Board_SetupMuxing
                0x00002eec       0x80 C:\Users\Lauri\Documents\MCUXpressoIDE_10.2.1_795\workspace\lab7PWM_Workspace\lpc_board_nxp_lpcxpresso_1549\Debug\liblpc_board_nxp_lpcxpresso_1549.a(board_sysinit.o)
                0x00002eec                Board_SetupMuxing
 .text.Board_SetupClocking
                0x00002f6c       0x3a C:\Users\Lauri\Documents\MCUXpressoIDE_10.2.1_795\workspace\lab7PWM_Workspace\lpc_board_nxp_lpcxpresso_1549\Debug\liblpc_board_nxp_lpcxpresso_1549.a(board_sysinit.o)
                0x00002f6c                Board_SetupClocking
 *fill*         0x00002fa6        0x2 ff
 .text.Board_SystemInit
                0x00002fa8       0x1c C:\Users\Lauri\Documents\MCUXpressoIDE_10.2.1_795\workspace\lab7PWM_Workspace\lpc_board_nxp_lpcxpresso_1549\Debug\liblpc_board_nxp_lpcxpresso_1549.a(board_sysinit.o)
                0x00002fa8                Board_SystemInit
 .text.Chip_SYSCTL_PeriphReset
                0x00002fc4       0x22 C:\Users\Lauri\Documents\MCUXpressoIDE_10.2.1_795\workspace\lab7PWM_Workspace\lpc_chip_15xx\Debug\liblpc_chip_15xx.a(chip_15xx.o)
 *fill*         0x00002fe6        0x2 ff
 .text.Chip_Clock_SetUSBClockSource
                0x00002fe8       0x2c C:\Users\Lauri\Documents\MCUXpressoIDE_10.2.1_795\workspace\lab7PWM_Workspace\lpc_chip_15xx\Debug\liblpc_chip_15xx.a(chip_15xx.o)
 .text.Chip_Clock_SetUSBPLLSource
                0x00003014       0x20 C:\Users\Lauri\Documents\MCUXpressoIDE_10.2.1_795\workspace\lab7PWM_Workspace\lpc_chip_15xx\Debug\liblpc_chip_15xx.a(chip_15xx.o)
 .text.Chip_Clock_SetupUSBPLL
                0x00003034       0x34 C:\Users\Lauri\Documents\MCUXpressoIDE_10.2.1_795\workspace\lab7PWM_Workspace\lpc_chip_15xx\Debug\liblpc_chip_15xx.a(chip_15xx.o)
 .text.Chip_Clock_IsUSBPLLLocked
                0x00003068       0x24 C:\Users\Lauri\Documents\MCUXpressoIDE_10.2.1_795\workspace\lab7PWM_Workspace\lpc_chip_15xx\Debug\liblpc_chip_15xx.a(chip_15xx.o)
 .text.SystemCoreClockUpdate
                0x0000308c       0x18 C:\Users\Lauri\Documents\MCUXpressoIDE_10.2.1_795\workspace\lab7PWM_Workspace\lpc_chip_15xx\Debug\liblpc_chip_15xx.a(chip_15xx.o)
                0x0000308c                SystemCoreClockUpdate
 .text.Chip_USB_Init
                0x000030a4       0x4c C:\Users\Lauri\Documents\MCUXpressoIDE_10.2.1_795\workspace\lab7PWM_Workspace\lpc_chip_15xx\Debug\liblpc_chip_15xx.a(chip_15xx.o)
                0x000030a4                Chip_USB_Init
 .text.Chip_Clock_SetMain_A_ClockSource
                0x000030f0       0x20 C:\Users\Lauri\Documents\MCUXpressoIDE_10.2.1_795\workspace\lab7PWM_Workspace\lpc_chip_15xx\Debug\liblpc_chip_15xx.a(clock_15xx.o)
 .text.Chip_Clock_GetMain_A_ClockSource
                0x00003110       0x18 C:\Users\Lauri\Documents\MCUXpressoIDE_10.2.1_795\workspace\lab7PWM_Workspace\lpc_chip_15xx\Debug\liblpc_chip_15xx.a(clock_15xx.o)
 .text.Chip_Clock_SetMain_B_ClockSource
                0x00003128       0x20 C:\Users\Lauri\Documents\MCUXpressoIDE_10.2.1_795\workspace\lab7PWM_Workspace\lpc_chip_15xx\Debug\liblpc_chip_15xx.a(clock_15xx.o)
 .text.Chip_Clock_GetMain_B_ClockSource
                0x00003148       0x18 C:\Users\Lauri\Documents\MCUXpressoIDE_10.2.1_795\workspace\lab7PWM_Workspace\lpc_chip_15xx\Debug\liblpc_chip_15xx.a(clock_15xx.o)
 .text.Chip_Clock_SetUARTFRGDivider
                0x00003160       0x20 C:\Users\Lauri\Documents\MCUXpressoIDE_10.2.1_795\workspace\lab7PWM_Workspace\lpc_chip_15xx\Debug\liblpc_chip_15xx.a(clock_15xx.o)
 .text.Chip_Clock_GetUARTFRGDivider
                0x00003180       0x18 C:\Users\Lauri\Documents\MCUXpressoIDE_10.2.1_795\workspace\lab7PWM_Workspace\lpc_chip_15xx\Debug\liblpc_chip_15xx.a(clock_15xx.o)
 .text.Chip_Clock_GetMainOscRate
                0x00003198       0x14 C:\Users\Lauri\Documents\MCUXpressoIDE_10.2.1_795\workspace\lab7PWM_Workspace\lpc_chip_15xx\Debug\liblpc_chip_15xx.a(clock_15xx.o)
 .text.Chip_Clock_GetIntOscRate
                0x000031ac       0x14 C:\Users\Lauri\Documents\MCUXpressoIDE_10.2.1_795\workspace\lab7PWM_Workspace\lpc_chip_15xx\Debug\liblpc_chip_15xx.a(clock_15xx.o)
 .text.Chip_Clock_GetRTCOscRate
                0x000031c0       0x14 C:\Users\Lauri\Documents\MCUXpressoIDE_10.2.1_795\workspace\lab7PWM_Workspace\lpc_chip_15xx\Debug\liblpc_chip_15xx.a(clock_15xx.o)
 .text.Chip_Clock_GetWDTOSCRate
                0x000031d4       0x14 C:\Users\Lauri\Documents\MCUXpressoIDE_10.2.1_795\workspace\lab7PWM_Workspace\lpc_chip_15xx\Debug\liblpc_chip_15xx.a(clock_15xx.o)
 .text.Chip_Clock_GetPLLFreq
                0x000031e8       0x26 C:\Users\Lauri\Documents\MCUXpressoIDE_10.2.1_795\workspace\lab7PWM_Workspace\lpc_chip_15xx\Debug\liblpc_chip_15xx.a(clock_15xx.o)
 .text.Chip_Clock_GetPLLInClockRate
                0x0000320e       0x38 C:\Users\Lauri\Documents\MCUXpressoIDE_10.2.1_795\workspace\lab7PWM_Workspace\lpc_chip_15xx\Debug\liblpc_chip_15xx.a(clock_15xx.o)
 *fill*         0x00003246        0x2 ff
 .text.Chip_Clock_GetSystemPLLInClockRate
                0x00003248       0x1c C:\Users\Lauri\Documents\MCUXpressoIDE_10.2.1_795\workspace\lab7PWM_Workspace\lpc_chip_15xx\Debug\liblpc_chip_15xx.a(clock_15xx.o)
                0x00003248                Chip_Clock_GetSystemPLLInClockRate
 .text.Chip_Clock_GetSystemPLLOutClockRate
                0x00003264       0x24 C:\Users\Lauri\Documents\MCUXpressoIDE_10.2.1_795\workspace\lab7PWM_Workspace\lpc_chip_15xx\Debug\liblpc_chip_15xx.a(clock_15xx.o)
                0x00003264                Chip_Clock_GetSystemPLLOutClockRate
 .text.Chip_Clock_GetMain_A_ClockRate
                0x00003288       0x44 C:\Users\Lauri\Documents\MCUXpressoIDE_10.2.1_795\workspace\lab7PWM_Workspace\lpc_chip_15xx\Debug\liblpc_chip_15xx.a(clock_15xx.o)
                0x00003288                Chip_Clock_GetMain_A_ClockRate
 .text.Chip_Clock_GetMain_B_ClockRate
                0x000032cc       0x58 C:\Users\Lauri\Documents\MCUXpressoIDE_10.2.1_795\workspace\lab7PWM_Workspace\lpc_chip_15xx\Debug\liblpc_chip_15xx.a(clock_15xx.o)
                0x000032cc                Chip_Clock_GetMain_B_ClockRate
 .text.Chip_Clock_SetMainClockSource
                0x00003324       0x3c C:\Users\Lauri\Documents\MCUXpressoIDE_10.2.1_795\workspace\lab7PWM_Workspace\lpc_chip_15xx\Debug\liblpc_chip_15xx.a(clock_15xx.o)
                0x00003324                Chip_Clock_SetMainClockSource
 .text.Chip_Clock_GetMainClockRate
                0x00003360       0x28 C:\Users\Lauri\Documents\MCUXpressoIDE_10.2.1_795\workspace\lab7PWM_Workspace\lpc_chip_15xx\Debug\liblpc_chip_15xx.a(clock_15xx.o)
                0x00003360                Chip_Clock_GetMainClockRate
 .text.Chip_Clock_EnablePeriphClock
                0x00003388       0x58 C:\Users\Lauri\Documents\MCUXpressoIDE_10.2.1_795\workspace\lab7PWM_Workspace\lpc_chip_15xx\Debug\liblpc_chip_15xx.a(clock_15xx.o)
                0x00003388                Chip_Clock_EnablePeriphClock
 .text.Chip_Clock_GetUARTBaseClockRate
                0x000033e0       0x8c C:\Users\Lauri\Documents\MCUXpressoIDE_10.2.1_795\workspace\lab7PWM_Workspace\lpc_chip_15xx\Debug\liblpc_chip_15xx.a(clock_15xx.o)
                0x000033e0                Chip_Clock_GetUARTBaseClockRate
 .text.Chip_Clock_SetUARTBaseClockRate
                0x0000346c       0xa4 C:\Users\Lauri\Documents\MCUXpressoIDE_10.2.1_795\workspace\lab7PWM_Workspace\lpc_chip_15xx\Debug\liblpc_chip_15xx.a(clock_15xx.o)
                0x0000346c                Chip_Clock_SetUARTBaseClockRate
 .text.Chip_Clock_GetSystemClockRate
                0x00003510       0x1c C:\Users\Lauri\Documents\MCUXpressoIDE_10.2.1_795\workspace\lab7PWM_Workspace\lpc_chip_15xx\Debug\liblpc_chip_15xx.a(clock_15xx.o)
                0x00003510                Chip_Clock_GetSystemClockRate
 .text.Chip_SYSCTL_PeriphReset
                0x0000352c       0x22 C:\Users\Lauri\Documents\MCUXpressoIDE_10.2.1_795\workspace\lab7PWM_Workspace\lpc_chip_15xx\Debug\liblpc_chip_15xx.a(gpio_15xx.o)
 .text.Chip_GPIO_Init
                0x0000354e       0x2e C:\Users\Lauri\Documents\MCUXpressoIDE_10.2.1_795\workspace\lab7PWM_Workspace\lpc_chip_15xx\Debug\liblpc_chip_15xx.a(gpio_15xx.o)
                0x0000354e                Chip_GPIO_Init
 .text.Chip_IOCON_PinMuxSet
                0x0000357c       0x2c C:\Users\Lauri\Documents\MCUXpressoIDE_10.2.1_795\workspace\lab7PWM_Workspace\lpc_chip_15xx\Debug\liblpc_chip_15xx.a(iocon_15xx.o)
 .text.Chip_IOCON_SetPinMuxing
                0x000035a8       0x4e C:\Users\Lauri\Documents\MCUXpressoIDE_10.2.1_795\workspace\lab7PWM_Workspace\lpc_chip_15xx\Debug\liblpc_chip_15xx.a(iocon_15xx.o)
                0x000035a8                Chip_IOCON_SetPinMuxing
 .text.Chip_SYSCTL_PeriphReset
                0x000035f6       0x22 C:\Users\Lauri\Documents\MCUXpressoIDE_10.2.1_795\workspace\lab7PWM_Workspace\lpc_chip_15xx\Debug\liblpc_chip_15xx.a(sct_15xx.o)
 .text.Chip_SCT_Init
                0x00003618       0x3c C:\Users\Lauri\Documents\MCUXpressoIDE_10.2.1_795\workspace\lab7PWM_Workspace\lpc_chip_15xx\Debug\liblpc_chip_15xx.a(sct_15xx.o)
                0x00003618                Chip_SCT_Init
 .text.Chip_SWM_MovablePinAssign
                0x00003654       0x5c C:\Users\Lauri\Documents\MCUXpressoIDE_10.2.1_795\workspace\lab7PWM_Workspace\lpc_chip_15xx\Debug\liblpc_chip_15xx.a(swm_15xx.o)
                0x00003654                Chip_SWM_MovablePinAssign
 .text.Chip_SYSCTL_AssertPeriphReset
                0x000036b0       0x4c C:\Users\Lauri\Documents\MCUXpressoIDE_10.2.1_795\workspace\lab7PWM_Workspace\lpc_chip_15xx\Debug\liblpc_chip_15xx.a(sysctl_15xx.o)
                0x000036b0                Chip_SYSCTL_AssertPeriphReset
 .text.Chip_SYSCTL_DeassertPeriphReset
                0x000036fc       0x50 C:\Users\Lauri\Documents\MCUXpressoIDE_10.2.1_795\workspace\lab7PWM_Workspace\lpc_chip_15xx\Debug\liblpc_chip_15xx.a(sysctl_15xx.o)
                0x000036fc                Chip_SYSCTL_DeassertPeriphReset
 .text.Chip_SYSCTL_PowerDown
                0x0000374c       0x40 C:\Users\Lauri\Documents\MCUXpressoIDE_10.2.1_795\workspace\lab7PWM_Workspace\lpc_chip_15xx\Debug\liblpc_chip_15xx.a(sysctl_15xx.o)
                0x0000374c                Chip_SYSCTL_PowerDown
 .text.Chip_SYSCTL_PowerUp
                0x0000378c       0x40 C:\Users\Lauri\Documents\MCUXpressoIDE_10.2.1_795\workspace\lab7PWM_Workspace\lpc_chip_15xx\Debug\liblpc_chip_15xx.a(sysctl_15xx.o)
                0x0000378c                Chip_SYSCTL_PowerUp
 .text.Chip_FMC_SetFLASHAccess
                0x000037cc       0x38 C:\Users\Lauri\Documents\MCUXpressoIDE_10.2.1_795\workspace\lab7PWM_Workspace\lpc_chip_15xx\Debug\liblpc_chip_15xx.a(sysinit_15xx.o)
 .text.Chip_Clock_SetSystemPLLSource
                0x00003804       0x20 C:\Users\Lauri\Documents\MCUXpressoIDE_10.2.1_795\workspace\lab7PWM_Workspace\lpc_chip_15xx\Debug\liblpc_chip_15xx.a(sysinit_15xx.o)
 .text.Chip_Clock_SetupSystemPLL
                0x00003824       0x34 C:\Users\Lauri\Documents\MCUXpressoIDE_10.2.1_795\workspace\lab7PWM_Workspace\lpc_chip_15xx\Debug\liblpc_chip_15xx.a(sysinit_15xx.o)
 .text.Chip_Clock_IsSystemPLLLocked
                0x00003858       0x24 C:\Users\Lauri\Documents\MCUXpressoIDE_10.2.1_795\workspace\lab7PWM_Workspace\lpc_chip_15xx\Debug\liblpc_chip_15xx.a(sysinit_15xx.o)
 .text.Chip_Clock_SetSysClockDiv
                0x0000387c       0x20 C:\Users\Lauri\Documents\MCUXpressoIDE_10.2.1_795\workspace\lab7PWM_Workspace\lpc_chip_15xx\Debug\liblpc_chip_15xx.a(sysinit_15xx.o)
 .text.Chip_SetupXtalClocking
                0x0000389c       0x6c C:\Users\Lauri\Documents\MCUXpressoIDE_10.2.1_795\workspace\lab7PWM_Workspace\lpc_chip_15xx\Debug\liblpc_chip_15xx.a(sysinit_15xx.o)
                0x0000389c                Chip_SetupXtalClocking
 .text.Chip_SYSCTL_PeriphReset
                0x00003908       0x22 C:\Users\Lauri\Documents\MCUXpressoIDE_10.2.1_795\workspace\lab7PWM_Workspace\lpc_chip_15xx\Debug\liblpc_chip_15xx.a(uart_15xx.o)
 *fill*         0x0000392a        0x2 ff
 .text.getUARTClockID
                0x0000392c       0x34 C:\Users\Lauri\Documents\MCUXpressoIDE_10.2.1_795\workspace\lab7PWM_Workspace\lpc_chip_15xx\Debug\liblpc_chip_15xx.a(uart_15xx.o)
 .text.Chip_UART_Init
                0x00003960       0x4c C:\Users\Lauri\Documents\MCUXpressoIDE_10.2.1_795\workspace\lab7PWM_Workspace\lpc_chip_15xx\Debug\liblpc_chip_15xx.a(uart_15xx.o)
                0x00003960                Chip_UART_Init
 .text.Chip_UART_SetBaud
                0x000039ac       0x2a C:\Users\Lauri\Documents\MCUXpressoIDE_10.2.1_795\workspace\lab7PWM_Workspace\lpc_chip_15xx\Debug\liblpc_chip_15xx.a(uart_15xx.o)
                0x000039ac                Chip_UART_SetBaud
 *fill*         0x000039d6        0x2 ff
 .text          0x000039d8       0x30 c:/nxp/mcuxpressoide_10.2.1_795/ide/tools/bin/../lib/gcc/arm-none-eabi/7.2.1/thumb/v7-m\libgcc.a(_aeabi_uldivmod.o)
                0x000039d8                __aeabi_uldivmod
 .text          0x00003a08      0x2d0 c:/nxp/mcuxpressoide_10.2.1_795/ide/tools/bin/../lib/gcc/arm-none-eabi/7.2.1/thumb/v7-m\libgcc.a(_udivmoddi4.o)
                0x00003a08                __udivmoddi4
 .text          0x00003cd8        0x4 c:/nxp/mcuxpressoide_10.2.1_795/ide/tools/bin/../lib/gcc/arm-none-eabi/7.2.1/thumb/v7-m\libgcc.a(_dvmd_tls.o)
                0x00003cd8                __aeabi_idiv0
                0x00003cd8                __aeabi_ldiv0
 .text.__libc_init_array
                0x00003cdc       0x48 c:/nxp/mcuxpressoide_10.2.1_795/ide/tools/bin/../lib/gcc/arm-none-eabi/7.2.1/../../../../arm-none-eabi/lib/thumb/v7-m\libc.a(lib_a-init.o)
                0x00003cdc                __libc_init_array
 .text.malloc   0x00003d24       0x10 c:/nxp/mcuxpressoide_10.2.1_795/ide/tools/bin/../lib/gcc/arm-none-eabi/7.2.1/../../../../arm-none-eabi/lib/thumb/v7-m\libc.a(lib_a-malloc.o)
                0x00003d24                malloc
 .text.free     0x00003d34       0x10 c:/nxp/mcuxpressoide_10.2.1_795/ide/tools/bin/../lib/gcc/arm-none-eabi/7.2.1/../../../../arm-none-eabi/lib/thumb/v7-m\libc.a(lib_a-malloc.o)
                0x00003d34                free
 .text._malloc_r
                0x00003d44      0x524 c:/nxp/mcuxpressoide_10.2.1_795/ide/tools/bin/../lib/gcc/arm-none-eabi/7.2.1/../../../../arm-none-eabi/lib/thumb/v7-m\libc.a(lib_a-mallocr.o)
                0x00003d44                _malloc_r
 .text          0x00004268       0xec c:/nxp/mcuxpressoide_10.2.1_795/ide/tools/bin/../lib/gcc/arm-none-eabi/7.2.1/../../../../arm-none-eabi/lib/thumb/v7-m\libc.a(lib_a-memcpy.o)
                0x00004268                memcpy
 .text.memset   0x00004354       0x94 c:/nxp/mcuxpressoide_10.2.1_795/ide/tools/bin/../lib/gcc/arm-none-eabi/7.2.1/../../../../arm-none-eabi/lib/thumb/v7-m\libc.a(lib_a-memset.o)
                0x00004354                memset
 .text.__malloc_lock
                0x000043e8        0xc c:/nxp/mcuxpressoide_10.2.1_795/ide/tools/bin/../lib/gcc/arm-none-eabi/7.2.1/../../../../arm-none-eabi/lib/thumb/v7-m\libc.a(lib_a-mlock.o)
                0x000043e8                __malloc_lock
 .text.__malloc_unlock
                0x000043f4        0xc c:/nxp/mcuxpressoide_10.2.1_795/ide/tools/bin/../lib/gcc/arm-none-eabi/7.2.1/../../../../arm-none-eabi/lib/thumb/v7-m\libc.a(lib_a-mlock.o)
                0x000043f4                __malloc_unlock
 .text.cleanup_glue
                0x00004400       0x28 c:/nxp/mcuxpressoide_10.2.1_795/ide/tools/bin/../lib/gcc/arm-none-eabi/7.2.1/../../../../arm-none-eabi/lib/thumb/v7-m\libc.a(lib_a-reent.o)
                0x00004400                cleanup_glue
 .text._reclaim_reent
                0x00004428       0x88 c:/nxp/mcuxpressoide_10.2.1_795/ide/tools/bin/../lib/gcc/arm-none-eabi/7.2.1/../../../../arm-none-eabi/lib/thumb/v7-m\libc.a(lib_a-reent.o)
                0x00004428                _reclaim_reent
 .text._sbrk_r  0x000044b0       0x24 c:/nxp/mcuxpressoide_10.2.1_795/ide/tools/bin/../lib/gcc/arm-none-eabi/7.2.1/../../../../arm-none-eabi/lib/thumb/v7-m\libc.a(lib_a-sbrkr.o)
                0x000044b0                _sbrk_r
 .text.snprintf
                0x000044d4       0x8c c:/nxp/mcuxpressoide_10.2.1_795/ide/tools/bin/../lib/gcc/arm-none-eabi/7.2.1/../../../../arm-none-eabi/lib/thumb/v7-m\libc.a(lib_a-snprintf.o)
                0x000044d4                snprintf
 .text.sprintf  0x00004560       0x44 c:/nxp/mcuxpressoide_10.2.1_795/ide/tools/bin/../lib/gcc/arm-none-eabi/7.2.1/../../../../arm-none-eabi/lib/thumb/v7-m\libc.a(lib_a-sprintf.o)
                0x00004560                sprintf
 .text.sscanf   0x000045a4       0x58 c:/nxp/mcuxpressoide_10.2.1_795/ide/tools/bin/../lib/gcc/arm-none-eabi/7.2.1/../../../../arm-none-eabi/lib/thumb/v7-m\libc.a(lib_a-sscanf.o)
                0x000045a4                sscanf
 .text.__seofread
                0x000045fc        0x4 c:/nxp/mcuxpressoide_10.2.1_795/ide/tools/bin/../lib/gcc/arm-none-eabi/7.2.1/../../../../arm-none-eabi/lib/thumb/v7-m\libc.a(lib_a-stdio.o)
                0x000045fc                __seofread
 .text.strlen   0x00004600       0x5c c:/nxp/mcuxpressoide_10.2.1_795/ide/tools/bin/../lib/gcc/arm-none-eabi/7.2.1/../../../../arm-none-eabi/lib/thumb/v7-m\libc.a(lib_a-strlen-stub.o)
                0x00004600                strlen
 .text._svfprintf_r
                0x0000465c     0x14ec c:/nxp/mcuxpressoide_10.2.1_795/ide/tools/bin/../lib/gcc/arm-none-eabi/7.2.1/../../../../arm-none-eabi/lib/thumb/v7-m\libc.a(lib_a-svfprintf.o)
                0x0000465c                _svfprintf_r
 .text.__ssvfscanf_r
                0x00005b48      0xdc4 c:/nxp/mcuxpressoide_10.2.1_795/ide/tools/bin/../lib/gcc/arm-none-eabi/7.2.1/../../../../arm-none-eabi/lib/thumb/v7-m\libc.a(lib_a-svfscanf.o)
                0x00005b48                __ssvfscanf_r
 .text.quorem   0x0000690c      0x124 c:/nxp/mcuxpressoide_10.2.1_795/ide/tools/bin/../lib/gcc/arm-none-eabi/7.2.1/../../../../arm-none-eabi/lib/thumb/v7-m\libc.a(lib_a-dtoa.o)
 .text._dtoa_r  0x00006a30      0xe30 c:/nxp/mcuxpressoide_10.2.1_795/ide/tools/bin/../lib/gcc/arm-none-eabi/7.2.1/../../../../arm-none-eabi/lib/thumb/v7-m\libc.a(lib_a-dtoa.o)
                0x00006a30                _dtoa_r
 .text._malloc_trim_r
                0x00007860       0xa0 c:/nxp/mcuxpressoide_10.2.1_795/ide/tools/bin/../lib/gcc/arm-none-eabi/7.2.1/../../../../arm-none-eabi/lib/thumb/v7-m\libc.a(lib_a-freer.o)
                0x00007860                _malloc_trim_r
 .text._free_r  0x00007900      0x1e8 c:/nxp/mcuxpressoide_10.2.1_795/ide/tools/bin/../lib/gcc/arm-none-eabi/7.2.1/../../../../arm-none-eabi/lib/thumb/v7-m\libc.a(lib_a-freer.o)
                0x00007900                _free_r
 .text.iswspace
                0x00007ae8       0x1c c:/nxp/mcuxpressoide_10.2.1_795/ide/tools/bin/../lib/gcc/arm-none-eabi/7.2.1/../../../../arm-none-eabi/lib/thumb/v7-m\libc.a(lib_a-iswspace.o)
                0x00007ae8                iswspace
 .text.__locale_mb_cur_max
                0x00007b04       0x1c c:/nxp/mcuxpressoide_10.2.1_795/ide/tools/bin/../lib/gcc/arm-none-eabi/7.2.1/../../../../arm-none-eabi/lib/thumb/v7-m\libc.a(lib_a-locale.o)
                0x00007b04                __locale_mb_cur_max
 .text.__locale_ctype_ptr_l
                0x00007b20        0x8 c:/nxp/mcuxpressoide_10.2.1_795/ide/tools/bin/../lib/gcc/arm-none-eabi/7.2.1/../../../../arm-none-eabi/lib/thumb/v7-m\libc.a(lib_a-locale.o)
                0x00007b20                __locale_ctype_ptr_l
 .text.__locale_ctype_ptr
                0x00007b28       0x1c c:/nxp/mcuxpressoide_10.2.1_795/ide/tools/bin/../lib/gcc/arm-none-eabi/7.2.1/../../../../arm-none-eabi/lib/thumb/v7-m\libc.a(lib_a-locale.o)
                0x00007b28                __locale_ctype_ptr
 .text.__localeconv_l
                0x00007b44        0x4 c:/nxp/mcuxpressoide_10.2.1_795/ide/tools/bin/../lib/gcc/arm-none-eabi/7.2.1/../../../../arm-none-eabi/lib/thumb/v7-m\libc.a(lib_a-localeconv.o)
                0x00007b44                __localeconv_l
 .text._localeconv_r
                0x00007b48       0x1c c:/nxp/mcuxpressoide_10.2.1_795/ide/tools/bin/../lib/gcc/arm-none-eabi/7.2.1/../../../../arm-none-eabi/lib/thumb/v7-m\libc.a(lib_a-localeconv.o)
                0x00007b48                _localeconv_r
 .text.__retarget_lock_acquire_recursive
                0x00007b64        0x4 c:/nxp/mcuxpressoide_10.2.1_795/ide/tools/bin/../lib/gcc/arm-none-eabi/7.2.1/../../../../arm-none-eabi/lib/thumb/v7-m\libc.a(lib_a-lock.o)
                0x00007b64                __retarget_lock_acquire_recursive
 .text.__retarget_lock_release_recursive
                0x00007b68        0x4 c:/nxp/mcuxpressoide_10.2.1_795/ide/tools/bin/../lib/gcc/arm-none-eabi/7.2.1/../../../../arm-none-eabi/lib/thumb/v7-m\libc.a(lib_a-lock.o)
                0x00007b68                __retarget_lock_release_recursive
 .text._mbrtowc_r
                0x00007b6c       0x5c c:/nxp/mcuxpressoide_10.2.1_795/ide/tools/bin/../lib/gcc/arm-none-eabi/7.2.1/../../../../arm-none-eabi/lib/thumb/v7-m\libc.a(lib_a-mbrtowc.o)
                0x00007b6c                _mbrtowc_r
 .text.__ascii_mbtowc
                0x00007bc8       0x2c c:/nxp/mcuxpressoide_10.2.1_795/ide/tools/bin/../lib/gcc/arm-none-eabi/7.2.1/../../../../arm-none-eabi/lib/thumb/v7-m\libc.a(lib_a-mbtowc_r.o)
                0x00007bc8                __ascii_mbtowc
 .text.memchr   0x00007bf4       0x8c c:/nxp/mcuxpressoide_10.2.1_795/ide/tools/bin/../lib/gcc/arm-none-eabi/7.2.1/../../../../arm-none-eabi/lib/thumb/v7-m\libc.a(lib_a-memchr-stub.o)
                0x00007bf4                memchr
 .text._Balloc  0x00007c80       0x4c c:/nxp/mcuxpressoide_10.2.1_795/ide/tools/bin/../lib/gcc/arm-none-eabi/7.2.1/../../../../arm-none-eabi/lib/thumb/v7-m\libc.a(lib_a-mprec.o)
                0x00007c80                _Balloc
 .text._Bfree   0x00007ccc       0x14 c:/nxp/mcuxpressoide_10.2.1_795/ide/tools/bin/../lib/gcc/arm-none-eabi/7.2.1/../../../../arm-none-eabi/lib/thumb/v7-m\libc.a(lib_a-mprec.o)
                0x00007ccc                _Bfree
 .text.__multadd
                0x00007ce0       0x84 c:/nxp/mcuxpressoide_10.2.1_795/ide/tools/bin/../lib/gcc/arm-none-eabi/7.2.1/../../../../arm-none-eabi/lib/thumb/v7-m\libc.a(lib_a-mprec.o)
                0x00007ce0                __multadd
 .text.__s2b    0x00007d64       0x98 c:/nxp/mcuxpressoide_10.2.1_795/ide/tools/bin/../lib/gcc/arm-none-eabi/7.2.1/../../../../arm-none-eabi/lib/thumb/v7-m\libc.a(lib_a-mprec.o)
                0x00007d64                __s2b
 .text.__hi0bits
                0x00007dfc       0x40 c:/nxp/mcuxpressoide_10.2.1_795/ide/tools/bin/../lib/gcc/arm-none-eabi/7.2.1/../../../../arm-none-eabi/lib/thumb/v7-m\libc.a(lib_a-mprec.o)
                0x00007dfc                __hi0bits
 .text.__lo0bits
                0x00007e3c       0x60 c:/nxp/mcuxpressoide_10.2.1_795/ide/tools/bin/../lib/gcc/arm-none-eabi/7.2.1/../../../../arm-none-eabi/lib/thumb/v7-m\libc.a(lib_a-mprec.o)
                0x00007e3c                __lo0bits
 .text.__i2b    0x00007e9c       0x14 c:/nxp/mcuxpressoide_10.2.1_795/ide/tools/bin/../lib/gcc/arm-none-eabi/7.2.1/../../../../arm-none-eabi/lib/thumb/v7-m\libc.a(lib_a-mprec.o)
                0x00007e9c                __i2b
 .text.__multiply
                0x00007eb0      0x14c c:/nxp/mcuxpressoide_10.2.1_795/ide/tools/bin/../lib/gcc/arm-none-eabi/7.2.1/../../../../arm-none-eabi/lib/thumb/v7-m\libc.a(lib_a-mprec.o)
                0x00007eb0                __multiply
 .text.__pow5mult
                0x00007ffc       0xa0 c:/nxp/mcuxpressoide_10.2.1_795/ide/tools/bin/../lib/gcc/arm-none-eabi/7.2.1/../../../../arm-none-eabi/lib/thumb/v7-m\libc.a(lib_a-mprec.o)
                0x00007ffc                __pow5mult
 .text.__lshift
                0x0000809c       0xb4 c:/nxp/mcuxpressoide_10.2.1_795/ide/tools/bin/../lib/gcc/arm-none-eabi/7.2.1/../../../../arm-none-eabi/lib/thumb/v7-m\libc.a(lib_a-mprec.o)
                0x0000809c                __lshift
 .text.__mcmp   0x00008150       0x38 c:/nxp/mcuxpressoide_10.2.1_795/ide/tools/bin/../lib/gcc/arm-none-eabi/7.2.1/../../../../arm-none-eabi/lib/thumb/v7-m\libc.a(lib_a-mprec.o)
                0x00008150                __mcmp
 .text.__mdiff  0x00008188      0x100 c:/nxp/mcuxpressoide_10.2.1_795/ide/tools/bin/../lib/gcc/arm-none-eabi/7.2.1/../../../../arm-none-eabi/lib/thumb/v7-m\libc.a(lib_a-mprec.o)
                0x00008188                __mdiff
 .text.__ulp    0x00008288       0x44 c:/nxp/mcuxpressoide_10.2.1_795/ide/tools/bin/../lib/gcc/arm-none-eabi/7.2.1/../../../../arm-none-eabi/lib/thumb/v7-m\libc.a(lib_a-mprec.o)
                0x00008288                __ulp
 .text.__b2d    0x000082cc       0xc0 c:/nxp/mcuxpressoide_10.2.1_795/ide/tools/bin/../lib/gcc/arm-none-eabi/7.2.1/../../../../arm-none-eabi/lib/thumb/v7-m\libc.a(lib_a-mprec.o)
                0x000082cc                __b2d
 .text.__d2b    0x0000838c       0xb0 c:/nxp/mcuxpressoide_10.2.1_795/ide/tools/bin/../lib/gcc/arm-none-eabi/7.2.1/../../../../arm-none-eabi/lib/thumb/v7-m\libc.a(lib_a-mprec.o)
                0x0000838c                __d2b
 .text.__ratio  0x0000843c       0x58 c:/nxp/mcuxpressoide_10.2.1_795/ide/tools/bin/../lib/gcc/arm-none-eabi/7.2.1/../../../../arm-none-eabi/lib/thumb/v7-m\libc.a(lib_a-mprec.o)
                0x0000843c                __ratio
 .text.__copybits
                0x00008494       0x48 c:/nxp/mcuxpressoide_10.2.1_795/ide/tools/bin/../lib/gcc/arm-none-eabi/7.2.1/../../../../arm-none-eabi/lib/thumb/v7-m\libc.a(lib_a-mprec.o)
                0x00008494                __copybits
 .text.__any_on
                0x000084dc       0x54 c:/nxp/mcuxpressoide_10.2.1_795/ide/tools/bin/../lib/gcc/arm-none-eabi/7.2.1/../../../../arm-none-eabi/lib/thumb/v7-m\libc.a(lib_a-mprec.o)
                0x000084dc                __any_on
 .text.__sccl   0x00008530       0x70 c:/nxp/mcuxpressoide_10.2.1_795/ide/tools/bin/../lib/gcc/arm-none-eabi/7.2.1/../../../../arm-none-eabi/lib/thumb/v7-m\libc.a(lib_a-sccl.o)
                0x00008530                __sccl
 .text.nanf     0x000085a0        0x8 c:/nxp/mcuxpressoide_10.2.1_795/ide/tools/bin/../lib/gcc/arm-none-eabi/7.2.1/../../../../arm-none-eabi/lib/thumb/v7-m\libc.a(lib_a-sf_nan.o)
                0x000085a0                nanf
 .text.unlikely.sulp
                0x000085a8       0x42 c:/nxp/mcuxpressoide_10.2.1_795/ide/tools/bin/../lib/gcc/arm-none-eabi/7.2.1/../../../../arm-none-eabi/lib/thumb/v7-m\libc.a(lib_a-strtod.o)
 *fill*         0x000085ea        0x6 ff
 .text._strtod_l
                0x000085f0      0xf24 c:/nxp/mcuxpressoide_10.2.1_795/ide/tools/bin/../lib/gcc/arm-none-eabi/7.2.1/../../../../arm-none-eabi/lib/thumb/v7-m\libc.a(lib_a-strtod.o)
                0x000085f0                _strtod_l
 .text._strtod_r
                0x00009514       0x20 c:/nxp/mcuxpressoide_10.2.1_795/ide/tools/bin/../lib/gcc/arm-none-eabi/7.2.1/../../../../arm-none-eabi/lib/thumb/v7-m\libc.a(lib_a-strtod.o)
                0x00009514                _strtod_r
 .text._strtol_l.isra.0
                0x00009534      0x124 c:/nxp/mcuxpressoide_10.2.1_795/ide/tools/bin/../lib/gcc/arm-none-eabi/7.2.1/../../../../arm-none-eabi/lib/thumb/v7-m\libc.a(lib_a-strtol.o)
 .text._strtol_r
                0x00009658       0x24 c:/nxp/mcuxpressoide_10.2.1_795/ide/tools/bin/../lib/gcc/arm-none-eabi/7.2.1/../../../../arm-none-eabi/lib/thumb/v7-m\libc.a(lib_a-strtol.o)
                0x00009658                _strtol_r
 .text._strtoll_l.isra.0
                0x0000967c      0x19c c:/nxp/mcuxpressoide_10.2.1_795/ide/tools/bin/../lib/gcc/arm-none-eabi/7.2.1/../../../../arm-none-eabi/lib/thumb/v7-m\libc.a(lib_a-strtoll.o)
 .text._strtoll_r
                0x00009818       0x24 c:/nxp/mcuxpressoide_10.2.1_795/ide/tools/bin/../lib/gcc/arm-none-eabi/7.2.1/../../../../arm-none-eabi/lib/thumb/v7-m\libc.a(lib_a-strtoll.o)
                0x00009818                _strtoll_r
 .text._strtoul_l.isra.0
                0x0000983c      0x14c c:/nxp/mcuxpressoide_10.2.1_795/ide/tools/bin/../lib/gcc/arm-none-eabi/7.2.1/../../../../arm-none-eabi/lib/thumb/v7-m\libc.a(lib_a-strtoul.o)
 .text._strtoul_r
                0x00009988       0x24 c:/nxp/mcuxpressoide_10.2.1_795/ide/tools/bin/../lib/gcc/arm-none-eabi/7.2.1/../../../../arm-none-eabi/lib/thumb/v7-m\libc.a(lib_a-strtoul.o)
                0x00009988                _strtoul_r
 .text._strtoull_l.isra.0
                0x000099ac      0x1cc c:/nxp/mcuxpressoide_10.2.1_795/ide/tools/bin/../lib/gcc/arm-none-eabi/7.2.1/../../../../arm-none-eabi/lib/thumb/v7-m\libc.a(lib_a-strtoull.o)
 .text._strtoull_r
                0x00009b78       0x24 c:/nxp/mcuxpressoide_10.2.1_795/ide/tools/bin/../lib/gcc/arm-none-eabi/7.2.1/../../../../arm-none-eabi/lib/thumb/v7-m\libc.a(lib_a-strtoull.o)
                0x00009b78                _strtoull_r
 .text.__ssprint_r
                0x00009b9c       0xf4 c:/nxp/mcuxpressoide_10.2.1_795/ide/tools/bin/../lib/gcc/arm-none-eabi/7.2.1/../../../../arm-none-eabi/lib/thumb/v7-m\libc.a(lib_a-svfiprintf.o)
                0x00009b9c                __ssprint_r
 .text._sungetc_r
                0x00009c90       0x7c c:/nxp/mcuxpressoide_10.2.1_795/ide/tools/bin/../lib/gcc/arm-none-eabi/7.2.1/../../../../arm-none-eabi/lib/thumb/v7-m\libc.a(lib_a-svfiscanf.o)
                0x00009c90                _sungetc_r
 .text.__ssrefill_r
                0x00009d0c       0x3c c:/nxp/mcuxpressoide_10.2.1_795/ide/tools/bin/../lib/gcc/arm-none-eabi/7.2.1/../../../../arm-none-eabi/lib/thumb/v7-m\libc.a(lib_a-svfiscanf.o)
                0x00009d0c                __ssrefill_r
 .text._sfread_r
                0x00009d48       0x78 c:/nxp/mcuxpressoide_10.2.1_795/ide/tools/bin/../lib/gcc/arm-none-eabi/7.2.1/../../../../arm-none-eabi/lib/thumb/v7-m\libc.a(lib_a-svfiscanf.o)
                0x00009d48                _sfread_r
 .text.__submore
                0x00009dc0       0x78 c:/nxp/mcuxpressoide_10.2.1_795/ide/tools/bin/../lib/gcc/arm-none-eabi/7.2.1/../../../../arm-none-eabi/lib/thumb/v7-m\libc.a(lib_a-ungetc.o)
                0x00009dc0                __submore
 .text.__ascii_wctomb
                0x00009e38       0x18 c:/nxp/mcuxpressoide_10.2.1_795/ide/tools/bin/../lib/gcc/arm-none-eabi/7.2.1/../../../../arm-none-eabi/lib/thumb/v7-m\libc.a(lib_a-wctomb_r.o)
                0x00009e38                __ascii_wctomb
 .text._calloc_r
                0x00009e50       0x6c c:/nxp/mcuxpressoide_10.2.1_795/ide/tools/bin/../lib/gcc/arm-none-eabi/7.2.1/../../../../arm-none-eabi/lib/thumb/v7-m\libc.a(lib_a-callocr.o)
                0x00009e50                _calloc_r
 .text.rshift   0x00009ebc       0xb0 c:/nxp/mcuxpressoide_10.2.1_795/ide/tools/bin/../lib/gcc/arm-none-eabi/7.2.1/../../../../arm-none-eabi/lib/thumb/v7-m\libc.a(lib_a-gdtoa-gethex.o)
 .text.__gethex
                0x00009f6c      0x520 c:/nxp/mcuxpressoide_10.2.1_795/ide/tools/bin/../lib/gcc/arm-none-eabi/7.2.1/../../../../arm-none-eabi/lib/thumb/v7-m\libc.a(lib_a-gdtoa-gethex.o)
                0x00009f6c                __gethex
 .text.__match  0x0000a48c       0x30 c:/nxp/mcuxpressoide_10.2.1_795/ide/tools/bin/../lib/gcc/arm-none-eabi/7.2.1/../../../../arm-none-eabi/lib/thumb/v7-m\libc.a(lib_a-gdtoa-hexnan.o)
                0x0000a48c                __match
 .text.__hexnan
                0x0000a4bc      0x1a0 c:/nxp/mcuxpressoide_10.2.1_795/ide/tools/bin/../lib/gcc/arm-none-eabi/7.2.1/../../../../arm-none-eabi/lib/thumb/v7-m\libc.a(lib_a-gdtoa-hexnan.o)
                0x0000a4bc                __hexnan
 .text.memmove  0x0000a65c       0xc4 c:/nxp/mcuxpressoide_10.2.1_795/ide/tools/bin/../lib/gcc/arm-none-eabi/7.2.1/../../../../arm-none-eabi/lib/thumb/v7-m\libc.a(lib_a-memmove.o)
                0x0000a65c                memmove
 .text._realloc_r
                0x0000a720      0x374 c:/nxp/mcuxpressoide_10.2.1_795/ide/tools/bin/../lib/gcc/arm-none-eabi/7.2.1/../../../../arm-none-eabi/lib/thumb/v7-m\libc.a(lib_a-reallocr.o)
                0x0000a720                _realloc_r
 .text.strncmp  0x0000aa94       0x94 c:/nxp/mcuxpressoide_10.2.1_795/ide/tools/bin/../lib/gcc/arm-none-eabi/7.2.1/../../../../arm-none-eabi/lib/thumb/v7-m\libc.a(lib_a-strncmp.o)
                0x0000aa94                strncmp
 .text._sbrk    0x0000ab28       0x3c c:/nxp/mcuxpressoide_10.2.1_795/ide/tools/bin/../lib/gcc/arm-none-eabi/7.2.1/../../../../arm-none-eabi/lib/thumb/v7-m\libcr_newlib_nohost.a(_cr_sbrk.o)
                0x0000ab28                _sbrk
 .text.__check_heap_overflow
                0x0000ab64       0x18 c:/nxp/mcuxpressoide_10.2.1_795/ide/tools/bin/../lib/gcc/arm-none-eabi/7.2.1/../../../../arm-none-eabi/lib/thumb/v7-m\libcr_newlib_nohost.a(_cr_check_heap.o)
                0x0000ab64                __check_heap_overflow
 .text          0x0000ab7c       0x40 c:/nxp/mcuxpressoide_10.2.1_795/ide/tools/bin/../lib/gcc/arm-none-eabi/7.2.1/thumb/v7-m\crtbegin.o
 .text          0x0000abbc      0x378 c:/nxp/mcuxpressoide_10.2.1_795/ide/tools/bin/../lib/gcc/arm-none-eabi/7.2.1/thumb/v7-m\libgcc.a(_arm_addsubdf3.o)
                0x0000abbc                __aeabi_drsub
                0x0000abc4                __aeabi_dsub
                0x0000abc4                __subdf3
                0x0000abc8                __aeabi_dadd
                0x0000abc8                __adddf3
                0x0000ae40                __floatunsidf
                0x0000ae40                __aeabi_ui2d
                0x0000ae60                __floatsidf
                0x0000ae60                __aeabi_i2d
                0x0000ae84                __aeabi_f2d
                0x0000ae84                __extendsfdf2
                0x0000aec8                __floatundidf
                0x0000aec8                __aeabi_ul2d
                0x0000aed8                __floatdidf
                0x0000aed8                __aeabi_l2d
 .text          0x0000af34      0x424 c:/nxp/mcuxpressoide_10.2.1_795/ide/tools/bin/../lib/gcc/arm-none-eabi/7.2.1/thumb/v7-m\libgcc.a(_arm_muldivdf3.o)
                0x0000af34                __aeabi_dmul
                0x0000af34                __muldf3
                0x0000b188                __divdf3
                0x0000b188                __aeabi_ddiv
 .text          0x0000b358      0x110 c:/nxp/mcuxpressoide_10.2.1_795/ide/tools/bin/../lib/gcc/arm-none-eabi/7.2.1/thumb/v7-m\libgcc.a(_arm_cmpdf2.o)
                0x0000b358                __gtdf2
                0x0000b358                __gedf2
                0x0000b360                __ltdf2
                0x0000b360                __ledf2
                0x0000b368                __nedf2
                0x0000b368                __eqdf2
                0x0000b368                __cmpdf2
                0x0000b3e4                __aeabi_cdrcmple
                0x0000b3f4                __aeabi_cdcmpeq
                0x0000b3f4                __aeabi_cdcmple
                0x0000b404                __aeabi_dcmpeq
                0x0000b418                __aeabi_dcmplt
                0x0000b42c                __aeabi_dcmple
                0x0000b440                __aeabi_dcmpge
                0x0000b454                __aeabi_dcmpgt
 .text          0x0000b468       0x2c c:/nxp/mcuxpressoide_10.2.1_795/ide/tools/bin/../lib/gcc/arm-none-eabi/7.2.1/thumb/v7-m\libgcc.a(_arm_unorddf2.o)
                0x0000b468                __unorddf2
                0x0000b468                __aeabi_dcmpun
 .text          0x0000b494       0x50 c:/nxp/mcuxpressoide_10.2.1_795/ide/tools/bin/../lib/gcc/arm-none-eabi/7.2.1/thumb/v7-m\libgcc.a(_arm_fixdfsi.o)
                0x0000b494                __aeabi_d2iz
                0x0000b494                __fixdfsi
 .text          0x0000b4e4       0x40 c:/nxp/mcuxpressoide_10.2.1_795/ide/tools/bin/../lib/gcc/arm-none-eabi/7.2.1/thumb/v7-m\libgcc.a(_arm_fixunsdfsi.o)
                0x0000b4e4                __aeabi_d2uiz
                0x0000b4e4                __fixunsdfsi
 .text          0x0000b524       0xa0 c:/nxp/mcuxpressoide_10.2.1_795/ide/tools/bin/../lib/gcc/arm-none-eabi/7.2.1/thumb/v7-m\libgcc.a(_arm_truncdfsf2.o)
                0x0000b524                __truncdfsf2
                0x0000b524                __aeabi_d2f
 .text.__errno  0x0000b5c4        0xc c:/nxp/mcuxpressoide_10.2.1_795/ide/tools/bin/../lib/gcc/arm-none-eabi/7.2.1/../../../../arm-none-eabi/lib/thumb/v7-m\libc.a(lib_a-errno.o)
                0x0000b5c4                __errno
 *(.rodata .rodata.* .constdata .constdata.*)
 .rodata.USB_DeviceDescriptor
                0x0000b5d0       0x12 ./src/cdc_desc.o
                0x0000b5d0                USB_DeviceDescriptor
 *fill*         0x0000b5e2        0x2 ff
 .rodata.USB_StringDescriptor
                0x0000b5e4       0x38 ./src/cdc_desc.o
                0x0000b5e4                USB_StringDescriptor
 .rodata        0x0000b61c       0x7c ./src/cdc_main.o
 .rodata        0x0000b698       0x60 ./src/usb_cdc.o
 .rodata        0x0000b6f8       0x28 C:\Users\Lauri\Documents\MCUXpressoIDE_10.2.1_795\workspace\lab7PWM_Workspace\FreeRTOS\Debug\libfreertos.a(tasks.o)
                0x0000b710                FreeRTOSDebugConfig
 .rodata.OscRateIn
                0x0000b720        0x4 C:\Users\Lauri\Documents\MCUXpressoIDE_10.2.1_795\workspace\lab7PWM_Workspace\lpc_board_nxp_lpcxpresso_1549\Debug\liblpc_board_nxp_lpcxpresso_1549.a(board.o)
                0x0000b720                OscRateIn
 .rodata.RTCOscRateIn
                0x0000b724        0x4 C:\Users\Lauri\Documents\MCUXpressoIDE_10.2.1_795\workspace\lab7PWM_Workspace\lpc_board_nxp_lpcxpresso_1549\Debug\liblpc_board_nxp_lpcxpresso_1549.a(board.o)
                0x0000b724                RTCOscRateIn
 .rodata.ledpins
                0x0000b728        0x3 C:\Users\Lauri\Documents\MCUXpressoIDE_10.2.1_795\workspace\lab7PWM_Workspace\lpc_board_nxp_lpcxpresso_1549\Debug\liblpc_board_nxp_lpcxpresso_1549.a(board.o)
 *fill*         0x0000b72b        0x1 ff
 .rodata.ledports
                0x0000b72c        0x3 C:\Users\Lauri\Documents\MCUXpressoIDE_10.2.1_795\workspace\lab7PWM_Workspace\lpc_board_nxp_lpcxpresso_1549\Debug\liblpc_board_nxp_lpcxpresso_1549.a(board.o)
 *fill*         0x0000b72f        0x1 ff
 .rodata.ioconSetup
                0x0000b730       0x74 C:\Users\Lauri\Documents\MCUXpressoIDE_10.2.1_795\workspace\lab7PWM_Workspace\lpc_board_nxp_lpcxpresso_1549\Debug\liblpc_board_nxp_lpcxpresso_1549.a(board_sysinit.o)
 .rodata.swmSetup
                0x0000b7a4        0x6 C:\Users\Lauri\Documents\MCUXpressoIDE_10.2.1_795\workspace\lab7PWM_Workspace\lpc_board_nxp_lpcxpresso_1549\Debug\liblpc_board_nxp_lpcxpresso_1549.a(board_sysinit.o)
 *fill*         0x0000b7aa        0x2 ff
 .rodata._svfprintf_r.str1.4
                0x0000b7ac       0x42 c:/nxp/mcuxpressoide_10.2.1_795/ide/tools/bin/../lib/gcc/arm-none-eabi/7.2.1/../../../../arm-none-eabi/lib/thumb/v7-m\libc.a(lib_a-svfprintf.o)
 *fill*         0x0000b7ee        0x2 ff
 .rodata.blanks.7276
                0x0000b7f0       0x10 c:/nxp/mcuxpressoide_10.2.1_795/ide/tools/bin/../lib/gcc/arm-none-eabi/7.2.1/../../../../arm-none-eabi/lib/thumb/v7-m\libc.a(lib_a-svfprintf.o)
 .rodata.zeroes.7277
                0x0000b800       0x10 c:/nxp/mcuxpressoide_10.2.1_795/ide/tools/bin/../lib/gcc/arm-none-eabi/7.2.1/../../../../arm-none-eabi/lib/thumb/v7-m\libc.a(lib_a-svfprintf.o)
 .rodata.__ssvfscanf_r.str1.4
                0x0000b810        0x5 c:/nxp/mcuxpressoide_10.2.1_795/ide/tools/bin/../lib/gcc/arm-none-eabi/7.2.1/../../../../arm-none-eabi/lib/thumb/v7-m\libc.a(lib_a-svfscanf.o)
 *fill*         0x0000b815        0x3 ff
 .rodata.basefix.7347
                0x0000b818       0x22 c:/nxp/mcuxpressoide_10.2.1_795/ide/tools/bin/../lib/gcc/arm-none-eabi/7.2.1/../../../../arm-none-eabi/lib/thumb/v7-m\libc.a(lib_a-svfscanf.o)
 *fill*         0x0000b83a        0x2 ff
 .rodata._dtoa_r.str1.4
                0x0000b83c       0x10 c:/nxp/mcuxpressoide_10.2.1_795/ide/tools/bin/../lib/gcc/arm-none-eabi/7.2.1/../../../../arm-none-eabi/lib/thumb/v7-m\libc.a(lib_a-dtoa.o)
                                 0x12 (size before relaxing)
 .rodata._setlocale_r.str1.4
                0x0000b84c        0xa c:/nxp/mcuxpressoide_10.2.1_795/ide/tools/bin/../lib/gcc/arm-none-eabi/7.2.1/../../../../arm-none-eabi/lib/thumb/v7-m\libc.a(lib_a-locale.o)
                                  0xd (size before relaxing)
 *fill*         0x0000b856        0x2 ff
 .rodata.str1.4
                0x0000b858        0x2 c:/nxp/mcuxpressoide_10.2.1_795/ide/tools/bin/../lib/gcc/arm-none-eabi/7.2.1/../../../../arm-none-eabi/lib/thumb/v7-m\libc.a(lib_a-locale.o)
 .rodata._mbrtowc_r.str1.4
                0x0000b85a        0x1 c:/nxp/mcuxpressoide_10.2.1_795/ide/tools/bin/../lib/gcc/arm-none-eabi/7.2.1/../../../../arm-none-eabi/lib/thumb/v7-m\libc.a(lib_a-mbrtowc.o)
 *fill*         0x0000b85a        0x6 ff
 .rodata.__mprec_bigtens
                0x0000b860       0x28 c:/nxp/mcuxpressoide_10.2.1_795/ide/tools/bin/../lib/gcc/arm-none-eabi/7.2.1/../../../../arm-none-eabi/lib/thumb/v7-m\libc.a(lib_a-mprec.o)
                0x0000b860                __mprec_bigtens
 .rodata.__mprec_tens
                0x0000b888       0xc8 c:/nxp/mcuxpressoide_10.2.1_795/ide/tools/bin/../lib/gcc/arm-none-eabi/7.2.1/../../../../arm-none-eabi/lib/thumb/v7-m\libc.a(lib_a-mprec.o)
                0x0000b888                __mprec_tens
 .rodata.p05.6092
                0x0000b950        0xc c:/nxp/mcuxpressoide_10.2.1_795/ide/tools/bin/../lib/gcc/arm-none-eabi/7.2.1/../../../../arm-none-eabi/lib/thumb/v7-m\libc.a(lib_a-mprec.o)
 .rodata._strtod_l.str1.4
                0x0000b95c       0x10 c:/nxp/mcuxpressoide_10.2.1_795/ide/tools/bin/../lib/gcc/arm-none-eabi/7.2.1/../../../../arm-none-eabi/lib/thumb/v7-m\libc.a(lib_a-strtod.o)
                                  0xf (size before relaxing)
 .rodata.fpi.6168
                0x0000b96c       0x14 c:/nxp/mcuxpressoide_10.2.1_795/ide/tools/bin/../lib/gcc/arm-none-eabi/7.2.1/../../../../arm-none-eabi/lib/thumb/v7-m\libc.a(lib_a-strtod.o)
 .rodata.fpinan.6204
                0x0000b980       0x14 c:/nxp/mcuxpressoide_10.2.1_795/ide/tools/bin/../lib/gcc/arm-none-eabi/7.2.1/../../../../arm-none-eabi/lib/thumb/v7-m\libc.a(lib_a-strtod.o)
 *fill*         0x0000b994        0x4 ff
 .rodata.tinytens
                0x0000b998       0x28 c:/nxp/mcuxpressoide_10.2.1_795/ide/tools/bin/../lib/gcc/arm-none-eabi/7.2.1/../../../../arm-none-eabi/lib/thumb/v7-m\libc.a(lib_a-strtod.o)
 .rodata._ctype_
                0x0000b9c0      0x101 c:/nxp/mcuxpressoide_10.2.1_795/ide/tools/bin/../lib/gcc/arm-none-eabi/7.2.1/../../../../arm-none-eabi/lib/thumb/v7-m\libc.a(lib_a-ctype_.o)
                0x0000b9c0                _ctype_
 *fill*         0x0000bac1        0x3 ff
 .rodata.__hexdig
                0x0000bac4      0x100 c:/nxp/mcuxpressoide_10.2.1_795/ide/tools/bin/../lib/gcc/arm-none-eabi/7.2.1/../../../../arm-none-eabi/lib/thumb/v7-m\libc.a(lib_a-gdtoa-gethex.o)
                0x0000bac4                __hexdig
                0x0000bbc4                . = ALIGN (0x4)
                0x0000bbc4                . = ALIGN (0x4)
 *(.init)
 .init          0x0000bbc4        0x4 c:/nxp/mcuxpressoide_10.2.1_795/ide/tools/bin/../lib/gcc/arm-none-eabi/7.2.1/thumb/v7-m\crti.o
                0x0000bbc4                _init
 .init          0x0000bbc8        0x8 c:/nxp/mcuxpressoide_10.2.1_795/ide/tools/bin/../lib/gcc/arm-none-eabi/7.2.1/thumb/v7-m\crtn.o
                0x0000bbd0                . = ALIGN (0x4)
                0x0000bbd0                __preinit_array_start = .
 *(.preinit_array)
                0x0000bbd0                __preinit_array_end = .
                0x0000bbd0                . = ALIGN (0x4)
                0x0000bbd0                __init_array_start = .
 *(SORT_BY_NAME(.init_array.*))
 *(.init_array)
 .init_array    0x0000bbd0        0x4 c:/nxp/mcuxpressoide_10.2.1_795/ide/tools/bin/../lib/gcc/arm-none-eabi/7.2.1/thumb/v7-m\crtbegin.o
                0x0000bbd4                __init_array_end = .
 *(.fini)
 .fini          0x0000bbd4        0x4 c:/nxp/mcuxpressoide_10.2.1_795/ide/tools/bin/../lib/gcc/arm-none-eabi/7.2.1/thumb/v7-m\crti.o
                0x0000bbd4                _fini
 .fini          0x0000bbd8        0x8 c:/nxp/mcuxpressoide_10.2.1_795/ide/tools/bin/../lib/gcc/arm-none-eabi/7.2.1/thumb/v7-m\crtn.o
                0x0000bbe0                . = ALIGN (0x4)
 *crtbegin.o(.ctors)
 *(EXCLUDE_FILE(*crtend.o) .ctors)
 *(SORT_BY_NAME(.ctors.*))
 *crtend.o(.ctors)
                0x0000bbe0                . = ALIGN (0x4)
 *crtbegin.o(.dtors)
 *(EXCLUDE_FILE(*crtend.o) .dtors)
 *(SORT_BY_NAME(.dtors.*))
 *crtend.o(.dtors)
                0x0000bbe0                . = ALIGN (0x4)

.glue_7         0x0000bbe0        0x0
 .glue_7        0x0000bbe0        0x0 linker stubs

.glue_7t        0x0000bbe0        0x0
 .glue_7t       0x0000bbe0        0x0 linker stubs

.vfp11_veneer   0x0000bbe0        0x0
 .vfp11_veneer  0x0000bbe0        0x0 linker stubs

.v4_bx          0x0000bbe0        0x0
 .v4_bx         0x0000bbe0        0x0 linker stubs

.iplt           0x0000bbe0        0x0
 .iplt          0x0000bbe0        0x0 ./src/ITM_write.o

.ARM.extab
 *(.ARM.extab* .gnu.linkonce.armextab.*)
                0x0000bbe0                __exidx_start = .

.ARM.exidx      0x0000bbe0        0x8
 *(.ARM.exidx* .gnu.linkonce.armexidx.*)
 .ARM.exidx     0x0000bbe0        0x8 c:/nxp/mcuxpressoide_10.2.1_795/ide/tools/bin/../lib/gcc/arm-none-eabi/7.2.1/thumb/v7-m\libgcc.a(_udivmoddi4.o)
                0x0000bbe8                __exidx_end = .
                0x0000bbe8                _etext = .

.rel.dyn        0x0000bbe8        0x0
 .rel.iplt      0x0000bbe8        0x0 ./src/ITM_write.o

.eh_frame       0x0000bbe8        0x0
 .eh_frame      0x0000bbe8        0x0 c:/nxp/mcuxpressoide_10.2.1_795/ide/tools/bin/../lib/gcc/arm-none-eabi/7.2.1/thumb/v7-m\crtbegin.o

.data_RAM2      0x02008000        0x0 load address 0x0000bbe8
 FILL mask 0xff
                [!provide]                PROVIDE (__start_data_RAM2, .)
 *(.ramfunc.$RAM2)
 *(.ramfunc.$Ram2_4)
 *(.data.$RAM2*)
 *(.data.$Ram2_4*)
                0x02008000                . = ALIGN (0x4)
                [!provide]                PROVIDE (__end_data_RAM2, .)

.uninit_RESERVED
                0x02000000        0x0
 *(.bss.$RESERVED*)
                0x02000000                . = ALIGN (0x4)
                0x02000000                _end_uninit_RESERVED = .

.data           0x02000000      0x9fc load address 0x0000bbe8
 FILL mask 0xff
                0x02000000                _data = .
 *(vtable)
 *(.ramfunc*)
 *(.data*)
 .data.USB_FsConfigDescriptor
                0x02000000       0x4c ./src/cdc_desc.o
                0x02000000                USB_FsConfigDescriptor
 .data.uxCriticalNesting
                0x0200004c        0x4 C:\Users\Lauri\Documents\MCUXpressoIDE_10.2.1_795\workspace\lab7PWM_Workspace\FreeRTOS\Debug\libfreertos.a(port.o)
 .data._impure_ptr
                0x02000050        0x4 c:/nxp/mcuxpressoide_10.2.1_795/ide/tools/bin/../lib/gcc/arm-none-eabi/7.2.1/../../../../arm-none-eabi/lib/thumb/v7-m\libc.a(lib_a-impure.o)
                0x02000050                _impure_ptr
 *fill*         0x02000054        0x4 ff
 .data.impure_data
                0x02000058      0x428 c:/nxp/mcuxpressoide_10.2.1_795/ide/tools/bin/../lib/gcc/arm-none-eabi/7.2.1/../../../../arm-none-eabi/lib/thumb/v7-m\libc.a(lib_a-impure.o)
 .data.__malloc_av_
                0x02000480      0x408 c:/nxp/mcuxpressoide_10.2.1_795/ide/tools/bin/../lib/gcc/arm-none-eabi/7.2.1/../../../../arm-none-eabi/lib/thumb/v7-m\libc.a(lib_a-mallocr.o)
                0x02000480                __malloc_av_
 .data.__malloc_sbrk_base
                0x02000888        0x4 c:/nxp/mcuxpressoide_10.2.1_795/ide/tools/bin/../lib/gcc/arm-none-eabi/7.2.1/../../../../arm-none-eabi/lib/thumb/v7-m\libc.a(lib_a-mallocr.o)
                0x02000888                __malloc_sbrk_base
 .data.__malloc_trim_threshold
                0x0200088c        0x4 c:/nxp/mcuxpressoide_10.2.1_795/ide/tools/bin/../lib/gcc/arm-none-eabi/7.2.1/../../../../arm-none-eabi/lib/thumb/v7-m\libc.a(lib_a-mallocr.o)
                0x0200088c                __malloc_trim_threshold
 .data.__global_locale
                0x02000890      0x16c c:/nxp/mcuxpressoide_10.2.1_795/ide/tools/bin/../lib/gcc/arm-none-eabi/7.2.1/../../../../arm-none-eabi/lib/thumb/v7-m\libc.a(lib_a-locale.o)
                0x02000890                __global_locale
                0x020009fc                . = ALIGN (0x4)
                0x020009fc                _edata = .

.igot.plt       0x020009fc        0x0 load address 0x0000c5e4
 .igot.plt      0x020009fc        0x0 ./src/ITM_write.o

.bss_RAM2       0x02008000        0x0
                [!provide]                PROVIDE (__start_bss_RAM2, .)
 *(.bss.$RAM2*)
 *(.bss.$Ram2_4*)
                0x02008000                . = ALIGN ((. != 0x0)?0x4:0x1)
                [!provide]                PROVIDE (__end_bss_RAM2, .)

.bss            0x020009fc      0x644
                0x020009fc                _bss = .
 *(.bss*)
 .bss.g_hUsb    0x020009fc        0x4 ./src/cdc_main.o
 .bss.g_rxBuff  0x02000a00      0x400 ./src/cdc_main.o
 .bss.g_pUsbApi
                0x02000e00        0x4 ./src/cdc_main.o
                0x02000e00                g_pUsbApi
 .bss.xCDCEventSemaphore
                0x02000e04        0x4 ./src/cdc_main.o
 .bss.SendMutex
                0x02000e08        0x4 ./src/cdc_main.o
 .bss.SendComplete
                0x02000e0c        0x4 ./src/cdc_main.o
 .bss.SendQueue
                0x02000e10        0x4 ./src/cdc_main.o
 .bss.AllocQueue
                0x02000e14        0x4 ./src/cdc_main.o
 .bss.ReceiveQueue
                0x02000e18        0x4 ./src/cdc_main.o
 .bss.g_vCOM    0x02000e1c       0x14 ./src/cdc_vcom.o
                0x02000e1c                g_vCOM
 .bss.xQueueRegistry
                0x02000e30       0x50 C:\Users\Lauri\Documents\MCUXpressoIDE_10.2.1_795\workspace\lab7PWM_Workspace\FreeRTOS\Debug\libfreertos.a(queue.o)
                0x02000e30                xQueueRegistry
 .bss.pxCurrentTCB
                0x02000e80        0x4 C:\Users\Lauri\Documents\MCUXpressoIDE_10.2.1_795\workspace\lab7PWM_Workspace\FreeRTOS\Debug\libfreertos.a(tasks.o)
                0x02000e80                pxCurrentTCB
 .bss.pxReadyTasksLists
                0x02000e84       0xa0 C:\Users\Lauri\Documents\MCUXpressoIDE_10.2.1_795\workspace\lab7PWM_Workspace\FreeRTOS\Debug\libfreertos.a(tasks.o)
 .bss.xDelayedTaskList1
                0x02000f24       0x14 C:\Users\Lauri\Documents\MCUXpressoIDE_10.2.1_795\workspace\lab7PWM_Workspace\FreeRTOS\Debug\libfreertos.a(tasks.o)
 .bss.xDelayedTaskList2
                0x02000f38       0x14 C:\Users\Lauri\Documents\MCUXpressoIDE_10.2.1_795\workspace\lab7PWM_Workspace\FreeRTOS\Debug\libfreertos.a(tasks.o)
 .bss.pxDelayedTaskList
                0x02000f4c        0x4 C:\Users\Lauri\Documents\MCUXpressoIDE_10.2.1_795\workspace\lab7PWM_Workspace\FreeRTOS\Debug\libfreertos.a(tasks.o)
 .bss.pxOverflowDelayedTaskList
                0x02000f50        0x4 C:\Users\Lauri\Documents\MCUXpressoIDE_10.2.1_795\workspace\lab7PWM_Workspace\FreeRTOS\Debug\libfreertos.a(tasks.o)
 .bss.xPendingReadyList
                0x02000f54       0x14 C:\Users\Lauri\Documents\MCUXpressoIDE_10.2.1_795\workspace\lab7PWM_Workspace\FreeRTOS\Debug\libfreertos.a(tasks.o)
 .bss.xTasksWaitingTermination
                0x02000f68       0x14 C:\Users\Lauri\Documents\MCUXpressoIDE_10.2.1_795\workspace\lab7PWM_Workspace\FreeRTOS\Debug\libfreertos.a(tasks.o)
 .bss.uxDeletedTasksWaitingCleanUp
                0x02000f7c        0x4 C:\Users\Lauri\Documents\MCUXpressoIDE_10.2.1_795\workspace\lab7PWM_Workspace\FreeRTOS\Debug\libfreertos.a(tasks.o)
 .bss.xSuspendedTaskList
                0x02000f80       0x14 C:\Users\Lauri\Documents\MCUXpressoIDE_10.2.1_795\workspace\lab7PWM_Workspace\FreeRTOS\Debug\libfreertos.a(tasks.o)
 .bss.uxCurrentNumberOfTasks
                0x02000f94        0x4 C:\Users\Lauri\Documents\MCUXpressoIDE_10.2.1_795\workspace\lab7PWM_Workspace\FreeRTOS\Debug\libfreertos.a(tasks.o)
 .bss.xTickCount
                0x02000f98        0x4 C:\Users\Lauri\Documents\MCUXpressoIDE_10.2.1_795\workspace\lab7PWM_Workspace\FreeRTOS\Debug\libfreertos.a(tasks.o)
 .bss.uxTopReadyPriority
                0x02000f9c        0x4 C:\Users\Lauri\Documents\MCUXpressoIDE_10.2.1_795\workspace\lab7PWM_Workspace\FreeRTOS\Debug\libfreertos.a(tasks.o)
 .bss.xSchedulerRunning
                0x02000fa0        0x4 C:\Users\Lauri\Documents\MCUXpressoIDE_10.2.1_795\workspace\lab7PWM_Workspace\FreeRTOS\Debug\libfreertos.a(tasks.o)
 .bss.uxPendedTicks
                0x02000fa4        0x4 C:\Users\Lauri\Documents\MCUXpressoIDE_10.2.1_795\workspace\lab7PWM_Workspace\FreeRTOS\Debug\libfreertos.a(tasks.o)
 .bss.xYieldPending
                0x02000fa8        0x4 C:\Users\Lauri\Documents\MCUXpressoIDE_10.2.1_795\workspace\lab7PWM_Workspace\FreeRTOS\Debug\libfreertos.a(tasks.o)
 .bss.xNumOfOverflows
                0x02000fac        0x4 C:\Users\Lauri\Documents\MCUXpressoIDE_10.2.1_795\workspace\lab7PWM_Workspace\FreeRTOS\Debug\libfreertos.a(tasks.o)
 .bss.uxTaskNumber
                0x02000fb0        0x4 C:\Users\Lauri\Documents\MCUXpressoIDE_10.2.1_795\workspace\lab7PWM_Workspace\FreeRTOS\Debug\libfreertos.a(tasks.o)
 .bss.xNextTaskUnblockTime
                0x02000fb4        0x4 C:\Users\Lauri\Documents\MCUXpressoIDE_10.2.1_795\workspace\lab7PWM_Workspace\FreeRTOS\Debug\libfreertos.a(tasks.o)
 .bss.xIdleTaskHandle
                0x02000fb8        0x4 C:\Users\Lauri\Documents\MCUXpressoIDE_10.2.1_795\workspace\lab7PWM_Workspace\FreeRTOS\Debug\libfreertos.a(tasks.o)
 .bss.uxSchedulerSuspended
                0x02000fbc        0x4 C:\Users\Lauri\Documents\MCUXpressoIDE_10.2.1_795\workspace\lab7PWM_Workspace\FreeRTOS\Debug\libfreertos.a(tasks.o)
 .bss.__malloc_current_mallinfo
                0x02000fc0       0x28 c:/nxp/mcuxpressoide_10.2.1_795/ide/tools/bin/../lib/gcc/arm-none-eabi/7.2.1/../../../../arm-none-eabi/lib/thumb/v7-m\libc.a(lib_a-mallocr.o)
                0x02000fc0                __malloc_current_mallinfo
 .bss.__malloc_max_sbrked_mem
                0x02000fe8        0x4 c:/nxp/mcuxpressoide_10.2.1_795/ide/tools/bin/../lib/gcc/arm-none-eabi/7.2.1/../../../../arm-none-eabi/lib/thumb/v7-m\libc.a(lib_a-mallocr.o)
                0x02000fe8                __malloc_max_sbrked_mem
 .bss.__malloc_max_total_mem
                0x02000fec        0x4 c:/nxp/mcuxpressoide_10.2.1_795/ide/tools/bin/../lib/gcc/arm-none-eabi/7.2.1/../../../../arm-none-eabi/lib/thumb/v7-m\libc.a(lib_a-mallocr.o)
                0x02000fec                __malloc_max_total_mem
 .bss.__malloc_top_pad
                0x02000ff0        0x4 c:/nxp/mcuxpressoide_10.2.1_795/ide/tools/bin/../lib/gcc/arm-none-eabi/7.2.1/../../../../arm-none-eabi/lib/thumb/v7-m\libc.a(lib_a-mallocr.o)
                0x02000ff0                __malloc_top_pad
 .bss.__end_of_heap
                0x02000ff4        0x4 c:/nxp/mcuxpressoide_10.2.1_795/ide/tools/bin/../lib/gcc/arm-none-eabi/7.2.1/../../../../arm-none-eabi/lib/thumb/v7-m\libcr_newlib_nohost.a(_cr_sbrk.o)
                0x02000ff4                __end_of_heap
 .bss           0x02000ff8       0x1c c:/nxp/mcuxpressoide_10.2.1_795/ide/tools/bin/../lib/gcc/arm-none-eabi/7.2.1/thumb/v7-m\crtbegin.o
 *(COMMON)
 COMMON         0x02001014        0x4 C:\Users\Lauri\Documents\MCUXpressoIDE_10.2.1_795\workspace\lab7PWM_Workspace\lpc_chip_15xx\Debug\liblpc_chip_15xx.a(chip_15xx.o)
                0x02001014                SystemCoreClock
 COMMON         0x02001018        0x4 c:/nxp/mcuxpressoide_10.2.1_795/ide/tools/bin/../lib/gcc/arm-none-eabi/7.2.1/../../../../arm-none-eabi/lib/thumb/v7-m\libc.a(lib_a-reent.o)
                0x02001018                errno
 COMMON         0x0200101c       0x21 c:/nxp/mcuxpressoide_10.2.1_795/ide/tools/bin/../lib/gcc/arm-none-eabi/7.2.1/../../../../arm-none-eabi/lib/thumb/v7-m\libc.a(lib_a-lock.o)
                0x0200101c                __lock___atexit_recursive_mutex
                0x02001020                __lock___arc4random_mutex
                0x02001024                __lock___env_recursive_mutex
                0x02001028                __lock___sinit_recursive_mutex
                0x0200102c                __lock___malloc_recursive_mutex
                0x02001030                __lock___at_quick_exit_mutex
                0x02001034                __lock___dd_hash_mutex
                0x02001038                __lock___tz_mutex
                0x0200103c                __lock___sfp_recursive_mutex
                0x02001040                . = ALIGN (0x4)
 *fill*         0x0200103d        0x3 
                0x02001040                _ebss = .
                [!provide]                PROVIDE (end, .)

.noinit_RAM2    0x02008000        0x0
 *(.noinit.$RAM2*)
 *(.noinit.$Ram2_4*)
                0x02008000                . = ALIGN (0x4)

.noinit         0x02001040        0x0
                0x02001040                _noinit = .
 *(.noinit*)
                0x02001040                . = ALIGN (0x4)
                0x02001040                _end_noinit = .
                0x02001040                PROVIDE (_pvHeapStart, DEFINED (__user_heap_base)?__user_heap_base:.)
                0x02008000                PROVIDE (_vStackTop, DEFINED (__user_stack_top)?__user_stack_top:(__top_Ram0_16_32 - 0x0))
                0xfdff735a                PROVIDE (__valid_user_code_checksum, (0x0 - ((((((_vStackTop + (ResetISR + 0x1)) + (NMI_Handler + 0x1)) + (HardFault_Handler + 0x1)) + (DEFINED (MemManage_Handler)?MemManage_Handler:0x0 + 0x1)) + (DEFINED (BusFault_Handler)?BusFault_Handler:0x0 + 0x1)) + (DEFINED (UsageFault_Handler)?UsageFault_Handler:0x0 + 0x1))))
                0x00000000                _image_start = LOADADDR (.text)
                0x0000c5e4                _image_end = (LOADADDR (.data) + SIZEOF (.data))
                0x0000c5e4                _image_size = (_image_end - _image_start)
OUTPUT(Lab7.3rgbColorUSB.axf elf32-littlearm)

.debug_info     0x00000000    0x1cb12
 .debug_info    0x00000000      0x3ae ./src/ITM_write.o
 .debug_info    0x000003ae     0x1606 ./src/cdc_desc.o
 .debug_info    0x000019b4     0x3886 ./src/cdc_main.o
 .debug_info    0x0000523a     0x2656 ./src/cdc_vcom.o
 .debug_info    0x00007890      0x27e ./src/cr_startup_lpc15xx.o
 .debug_info    0x00007b0e      0x96c ./src/sysinit.o
 .debug_info    0x0000847a     0x5df9 ./src/usb_cdc.o
 .debug_info    0x0000e273     0x1a59 C:\Users\Lauri\Documents\MCUXpressoIDE_10.2.1_795\workspace\lab7PWM_Workspace\FreeRTOS\Debug\libfreertos.a(queue.o)
 .debug_info    0x0000fccc     0x2591 C:\Users\Lauri\Documents\MCUXpressoIDE_10.2.1_795\workspace\lab7PWM_Workspace\FreeRTOS\Debug\libfreertos.a(tasks.o)
 .debug_info    0x0001225d      0x9d7 C:\Users\Lauri\Documents\MCUXpressoIDE_10.2.1_795\workspace\lab7PWM_Workspace\FreeRTOS\Debug\libfreertos.a(heap_3.o)
 .debug_info    0x00012c34      0xca4 C:\Users\Lauri\Documents\MCUXpressoIDE_10.2.1_795\workspace\lab7PWM_Workspace\FreeRTOS\Debug\libfreertos.a(port.o)
 .debug_info    0x000138d8      0xa85 C:\Users\Lauri\Documents\MCUXpressoIDE_10.2.1_795\workspace\lab7PWM_Workspace\FreeRTOS\Debug\libfreertos.a(FreeRTOSCommonHooks.o)
 .debug_info    0x0001435d      0xb76 C:\Users\Lauri\Documents\MCUXpressoIDE_10.2.1_795\workspace\lab7PWM_Workspace\FreeRTOS\Debug\libfreertos.a(list.o)
 .debug_info    0x00014ed3     0x135e C:\Users\Lauri\Documents\MCUXpressoIDE_10.2.1_795\workspace\lab7PWM_Workspace\lpc_board_nxp_lpcxpresso_1549\Debug\liblpc_board_nxp_lpcxpresso_1549.a(board.o)
 .debug_info    0x00016231     0x150a C:\Users\Lauri\Documents\MCUXpressoIDE_10.2.1_795\workspace\lab7PWM_Workspace\lpc_board_nxp_lpcxpresso_1549\Debug\liblpc_board_nxp_lpcxpresso_1549.a(board_sysinit.o)
 .debug_info    0x0001773b      0x9dd C:\Users\Lauri\Documents\MCUXpressoIDE_10.2.1_795\workspace\lab7PWM_Workspace\lpc_chip_15xx\Debug\liblpc_chip_15xx.a(chip_15xx.o)
 .debug_info    0x00018118      0xd9e C:\Users\Lauri\Documents\MCUXpressoIDE_10.2.1_795\workspace\lab7PWM_Workspace\lpc_chip_15xx\Debug\liblpc_chip_15xx.a(clock_15xx.o)
 .debug_info    0x00018eb6      0x688 C:\Users\Lauri\Documents\MCUXpressoIDE_10.2.1_795\workspace\lab7PWM_Workspace\lpc_chip_15xx\Debug\liblpc_chip_15xx.a(gpio_15xx.o)
 .debug_info    0x0001953e      0x279 C:\Users\Lauri\Documents\MCUXpressoIDE_10.2.1_795\workspace\lab7PWM_Workspace\lpc_chip_15xx\Debug\liblpc_chip_15xx.a(iocon_15xx.o)
 .debug_info    0x000197b7      0xaba C:\Users\Lauri\Documents\MCUXpressoIDE_10.2.1_795\workspace\lab7PWM_Workspace\lpc_chip_15xx\Debug\liblpc_chip_15xx.a(sct_15xx.o)
 .debug_info    0x0001a271      0x66c C:\Users\Lauri\Documents\MCUXpressoIDE_10.2.1_795\workspace\lab7PWM_Workspace\lpc_chip_15xx\Debug\liblpc_chip_15xx.a(swm_15xx.o)
 .debug_info    0x0001a8dd      0x79f C:\Users\Lauri\Documents\MCUXpressoIDE_10.2.1_795\workspace\lab7PWM_Workspace\lpc_chip_15xx\Debug\liblpc_chip_15xx.a(sysctl_15xx.o)
 .debug_info    0x0001b07c      0x778 C:\Users\Lauri\Documents\MCUXpressoIDE_10.2.1_795\workspace\lab7PWM_Workspace\lpc_chip_15xx\Debug\liblpc_chip_15xx.a(sysinit_15xx.o)
 .debug_info    0x0001b7f4      0x955 C:\Users\Lauri\Documents\MCUXpressoIDE_10.2.1_795\workspace\lab7PWM_Workspace\lpc_chip_15xx\Debug\liblpc_chip_15xx.a(uart_15xx.o)
 .debug_info    0x0001c149      0x95f c:/nxp/mcuxpressoide_10.2.1_795/ide/tools/bin/../lib/gcc/arm-none-eabi/7.2.1/../../../../arm-none-eabi/lib/thumb/v7-m\libcr_newlib_nohost.a(_cr_sbrk.o)
 .debug_info    0x0001caa8       0x6a c:/nxp/mcuxpressoide_10.2.1_795/ide/tools/bin/../lib/gcc/arm-none-eabi/7.2.1/../../../../arm-none-eabi/lib/thumb/v7-m\libcr_newlib_nohost.a(_cr_check_heap.o)

.debug_abbrev   0x00000000     0x3c9b
 .debug_abbrev  0x00000000      0x134 ./src/ITM_write.o
 .debug_abbrev  0x00000134      0x16e ./src/cdc_desc.o
 .debug_abbrev  0x000002a2      0x33d ./src/cdc_main.o
 .debug_abbrev  0x000005df      0x33a ./src/cdc_vcom.o
 .debug_abbrev  0x00000919      0x106 ./src/cr_startup_lpc15xx.o
 .debug_abbrev  0x00000a1f      0x1b1 ./src/sysinit.o
 .debug_abbrev  0x00000bd0      0x7f2 ./src/usb_cdc.o
 .debug_abbrev  0x000013c2      0x36a C:\Users\Lauri\Documents\MCUXpressoIDE_10.2.1_795\workspace\lab7PWM_Workspace\FreeRTOS\Debug\libfreertos.a(queue.o)
 .debug_abbrev  0x0000172c      0x398 C:\Users\Lauri\Documents\MCUXpressoIDE_10.2.1_795\workspace\lab7PWM_Workspace\FreeRTOS\Debug\libfreertos.a(tasks.o)
 .debug_abbrev  0x00001ac4      0x214 C:\Users\Lauri\Documents\MCUXpressoIDE_10.2.1_795\workspace\lab7PWM_Workspace\FreeRTOS\Debug\libfreertos.a(heap_3.o)
 .debug_abbrev  0x00001cd8      0x31d C:\Users\Lauri\Documents\MCUXpressoIDE_10.2.1_795\workspace\lab7PWM_Workspace\FreeRTOS\Debug\libfreertos.a(port.o)
 .debug_abbrev  0x00001ff5      0x26f C:\Users\Lauri\Documents\MCUXpressoIDE_10.2.1_795\workspace\lab7PWM_Workspace\FreeRTOS\Debug\libfreertos.a(FreeRTOSCommonHooks.o)
 .debug_abbrev  0x00002264      0x205 C:\Users\Lauri\Documents\MCUXpressoIDE_10.2.1_795\workspace\lab7PWM_Workspace\FreeRTOS\Debug\libfreertos.a(list.o)
 .debug_abbrev  0x00002469      0x32b C:\Users\Lauri\Documents\MCUXpressoIDE_10.2.1_795\workspace\lab7PWM_Workspace\lpc_board_nxp_lpcxpresso_1549\Debug\liblpc_board_nxp_lpcxpresso_1549.a(board.o)
 .debug_abbrev  0x00002794      0x2fa C:\Users\Lauri\Documents\MCUXpressoIDE_10.2.1_795\workspace\lab7PWM_Workspace\lpc_board_nxp_lpcxpresso_1549\Debug\liblpc_board_nxp_lpcxpresso_1549.a(board_sysinit.o)
 .debug_abbrev  0x00002a8e      0x1c0 C:\Users\Lauri\Documents\MCUXpressoIDE_10.2.1_795\workspace\lab7PWM_Workspace\lpc_chip_15xx\Debug\liblpc_chip_15xx.a(chip_15xx.o)
 .debug_abbrev  0x00002c4e      0x2ac C:\Users\Lauri\Documents\MCUXpressoIDE_10.2.1_795\workspace\lab7PWM_Workspace\lpc_chip_15xx\Debug\liblpc_chip_15xx.a(clock_15xx.o)
 .debug_abbrev  0x00002efa      0x188 C:\Users\Lauri\Documents\MCUXpressoIDE_10.2.1_795\workspace\lab7PWM_Workspace\lpc_chip_15xx\Debug\liblpc_chip_15xx.a(gpio_15xx.o)
 .debug_abbrev  0x00003082      0x144 C:\Users\Lauri\Documents\MCUXpressoIDE_10.2.1_795\workspace\lab7PWM_Workspace\lpc_chip_15xx\Debug\liblpc_chip_15xx.a(iocon_15xx.o)
 .debug_abbrev  0x000031c6      0x202 C:\Users\Lauri\Documents\MCUXpressoIDE_10.2.1_795\workspace\lab7PWM_Workspace\lpc_chip_15xx\Debug\liblpc_chip_15xx.a(sct_15xx.o)
 .debug_abbrev  0x000033c8      0x165 C:\Users\Lauri\Documents\MCUXpressoIDE_10.2.1_795\workspace\lab7PWM_Workspace\lpc_chip_15xx\Debug\liblpc_chip_15xx.a(swm_15xx.o)
 .debug_abbrev  0x0000352d      0x13a C:\Users\Lauri\Documents\MCUXpressoIDE_10.2.1_795\workspace\lab7PWM_Workspace\lpc_chip_15xx\Debug\liblpc_chip_15xx.a(sysctl_15xx.o)
 .debug_abbrev  0x00003667      0x1b5 C:\Users\Lauri\Documents\MCUXpressoIDE_10.2.1_795\workspace\lab7PWM_Workspace\lpc_chip_15xx\Debug\liblpc_chip_15xx.a(sysinit_15xx.o)
 .debug_abbrev  0x0000381c      0x1fa C:\Users\Lauri\Documents\MCUXpressoIDE_10.2.1_795\workspace\lab7PWM_Workspace\lpc_chip_15xx\Debug\liblpc_chip_15xx.a(uart_15xx.o)
 .debug_abbrev  0x00003a16      0x223 c:/nxp/mcuxpressoide_10.2.1_795/ide/tools/bin/../lib/gcc/arm-none-eabi/7.2.1/../../../../arm-none-eabi/lib/thumb/v7-m\libcr_newlib_nohost.a(_cr_sbrk.o)