Archive member included to satisfy reference by file (symbol)

C:\Users\krl\Documents\MCUXpressoIDE_10.0.2_411\workspace\freertos\Debug\libfreertos.a(queue.o)
                              ./src/cdc_main.o (xQueueGenericCreate)
C:\Users\krl\Documents\MCUXpressoIDE_10.0.2_411\workspace\freertos\Debug\libfreertos.a(tasks.o)
                              ./src/usb_cdc.o (xTaskGenericCreate)
C:\Users\krl\Documents\MCUXpressoIDE_10.0.2_411\workspace\freertos\Debug\libfreertos.a(FreeRTOSCommonHooks.o)
                              C:\Users\krl\Documents\MCUXpressoIDE_10.0.2_411\workspace\freertos\Debug\libfreertos.a(tasks.o) (vApplicationStackOverflowHook)
C:\Users\krl\Documents\MCUXpressoIDE_10.0.2_411\workspace\freertos\Debug\libfreertos.a(heap_3.o)
                              C:\Users\krl\Documents\MCUXpressoIDE_10.0.2_411\workspace\freertos\Debug\libfreertos.a(queue.o) (pvPortMalloc)
C:\Users\krl\Documents\MCUXpressoIDE_10.0.2_411\workspace\freertos\Debug\libfreertos.a(list.o)
                              C:\Users\krl\Documents\MCUXpressoIDE_10.0.2_411\workspace\freertos\Debug\libfreertos.a(queue.o) (vListInitialise)
C:\Users\krl\Documents\MCUXpressoIDE_10.0.2_411\workspace\freertos\Debug\libfreertos.a(port.o)
                              C:\Users\krl\Documents\MCUXpressoIDE_10.0.2_411\workspace\freertos\Debug\libfreertos.a(tasks.o) (pxPortInitialiseStack)
C:\Users\krl\Documents\MCUXpressoIDE_10.0.2_411\workspace\lpc_board_nxp_lpcxpresso_1549\Debug\liblpc_board_nxp_lpcxpresso_1549.a(board.o)
                              ./src/usb_cdc.o (Board_LED_Set)
C:\Users\krl\Documents\MCUXpressoIDE_10.0.2_411\workspace\lpc_board_nxp_lpcxpresso_1549\Debug\liblpc_board_nxp_lpcxpresso_1549.a(board_sysinit.o)
                              ./src/sysinit.o (Board_SystemInit)
C:\Users\krl\Documents\MCUXpressoIDE_10.0.2_411\workspace\lpc_chip_15xx\Debug\liblpc_chip_15xx.a(chip_15xx.o)
                              C:\Users\krl\Documents\MCUXpressoIDE_10.0.2_411\workspace\freertos\Debug\libfreertos.a(port.o) (SystemCoreClock)
C:\Users\krl\Documents\MCUXpressoIDE_10.0.2_411\workspace\lpc_chip_15xx\Debug\liblpc_chip_15xx.a(clock_15xx.o)
                              C:\Users\krl\Documents\MCUXpressoIDE_10.0.2_411\workspace\lpc_board_nxp_lpcxpresso_1549\Debug\liblpc_board_nxp_lpcxpresso_1549.a(board.o) (Chip_Clock_GetMainClockRate)
C:\Users\krl\Documents\MCUXpressoIDE_10.0.2_411\workspace\lpc_chip_15xx\Debug\liblpc_chip_15xx.a(gpio_15xx.o)
                              C:\Users\krl\Documents\MCUXpressoIDE_10.0.2_411\workspace\lpc_board_nxp_lpcxpresso_1549\Debug\liblpc_board_nxp_lpcxpresso_1549.a(board.o) (Chip_GPIO_Init)
C:\Users\krl\Documents\MCUXpressoIDE_10.0.2_411\workspace\lpc_chip_15xx\Debug\liblpc_chip_15xx.a(iocon_15xx.o)
                              C:\Users\krl\Documents\MCUXpressoIDE_10.0.2_411\workspace\lpc_board_nxp_lpcxpresso_1549\Debug\liblpc_board_nxp_lpcxpresso_1549.a(board_sysinit.o) (Chip_IOCON_SetPinMuxing)
C:\Users\krl\Documents\MCUXpressoIDE_10.0.2_411\workspace\lpc_chip_15xx\Debug\liblpc_chip_15xx.a(sct_15xx.o)
                              ./src/usb_cdc.o (Chip_SCT_Init)
C:\Users\krl\Documents\MCUXpressoIDE_10.0.2_411\workspace\lpc_chip_15xx\Debug\liblpc_chip_15xx.a(swm_15xx.o)
                              ./src/ITM_write.o (Chip_SWM_MovablePinAssign)
C:\Users\krl\Documents\MCUXpressoIDE_10.0.2_411\workspace\lpc_chip_15xx\Debug\liblpc_chip_15xx.a(sysctl_15xx.o)
                              C:\Users\krl\Documents\MCUXpressoIDE_10.0.2_411\workspace\lpc_board_nxp_lpcxpresso_1549\Debug\liblpc_board_nxp_lpcxpresso_1549.a(board_sysinit.o) (Chip_SYSCTL_AssertPeriphReset)
C:\Users\krl\Documents\MCUXpressoIDE_10.0.2_411\workspace\lpc_chip_15xx\Debug\liblpc_chip_15xx.a(sysinit_15xx.o)
                              C:\Users\krl\Documents\MCUXpressoIDE_10.0.2_411\workspace\lpc_board_nxp_lpcxpresso_1549\Debug\liblpc_board_nxp_lpcxpresso_1549.a(board_sysinit.o) (Chip_SetupXtalClocking)
C:\Users\krl\Documents\MCUXpressoIDE_10.0.2_411\workspace\lpc_chip_15xx\Debug\liblpc_chip_15xx.a(uart_15xx.o)
                              C:\Users\krl\Documents\MCUXpressoIDE_10.0.2_411\workspace\lpc_board_nxp_lpcxpresso_1549\Debug\liblpc_board_nxp_lpcxpresso_1549.a(board.o) (Chip_UART_Init)
C:\Users\krl\Documents\MCUXpressoIDE_10.0.2_411\workspace\lpc_chip_15xx\Debug\liblpc_chip_15xx.a(ring_buffer.o)
                              C:\Users\krl\Documents\MCUXpressoIDE_10.0.2_411\workspace\lpc_chip_15xx\Debug\liblpc_chip_15xx.a(uart_15xx.o) (RingBuffer_Insert)
c:/bin/mcuxpressoide_10.0.2_411/ide/tools/bin/../lib/gcc/arm-none-eabi/5.4.1/armv7-m\libgcc.a(_aeabi_uldivmod.o)
                              C:\Users\krl\Documents\MCUXpressoIDE_10.0.2_411\workspace\lpc_chip_15xx\Debug\liblpc_chip_15xx.a(clock_15xx.o) (__aeabi_uldivmod)
c:/bin/mcuxpressoide_10.0.2_411/ide/tools/bin/../lib/gcc/arm-none-eabi/5.4.1/armv7-m\libgcc.a(_udivmoddi4.o)
[...]
Memory Configuration

Name             Origin             Length             Attributes
MFlash256        0x00000000         0x00040000         xr
Ram0_16          0x02000000         0x00004000         xrw
Ram1_16          0x02004000         0x00004000         xrw
Ram2_4           0x02008000         0x00001000         xrw
*default*        0x00000000         0xffffffff

Linker script and memory map

LOAD ./src/Fmutex.o
LOAD ./src/ITM_write.o
LOAD ./src/cdc_desc.o
LOAD ./src/cdc_main.o
LOAD ./src/cdc_vcom.o
LOAD ./src/cr_cpp_config.o
LOAD ./src/cr_startup_lpc15xx.o
LOAD ./src/crp.o
LOAD ./src/sysinit.o
LOAD ./src/usb_cdc.o
LOAD C:\Users\krl\Documents\MCUXpressoIDE_10.0.2_411\workspace\freertos\Debug\libfreertos.a
LOAD C:\Users\krl\Documents\MCUXpressoIDE_10.0.2_411\workspace\lpc_board_nxp_lpcxpresso_1549\Debug\liblpc_board_nxp_lpcxpresso_1549.a
LOAD C:\Users\krl\Documents\MCUXpressoIDE_10.0.2_411\workspace\lpc_chip_15xx\Debug\liblpc_chip_15xx.a
START GROUP
LOAD c:/bin/mcuxpressoide_10.0.2_411/ide/tools/bin/../lib/gcc/arm-none-eabi/5.4.1/armv7-m\libgcc.a
LOAD c:/bin/mcuxpressoide_10.0.2_411/ide/tools/bin/../lib/gcc/arm-none-eabi/5.4.1/../../../../arm-none-eabi/lib/armv7-m\libc.a
LOAD c:/bin/mcuxpressoide_10.0.2_411/ide/tools/bin/../lib/gcc/arm-none-eabi/5.4.1/../../../../arm-none-eabi/lib/armv7-m\libstdc++.a
LOAD c:/bin/mcuxpressoide_10.0.2_411/ide/tools/bin/../lib/gcc/arm-none-eabi/5.4.1/../../../../arm-none-eabi/lib/armv7-m\libm.a
LOAD c:/bin/mcuxpressoide_10.0.2_411/ide/tools/bin/../lib/gcc/arm-none-eabi/5.4.1/../../../../arm-none-eabi/lib/armv7-m\libcr_newlib_nohost.a
LOAD c:/bin/mcuxpressoide_10.0.2_411/ide/tools/bin/../lib/gcc/arm-none-eabi/5.4.1/armv7-m\crti.o
LOAD c:/bin/mcuxpressoide_10.0.2_411/ide/tools/bin/../lib/gcc/arm-none-eabi/5.4.1/armv7-m\crtn.o
LOAD c:/bin/mcuxpressoide_10.0.2_411/ide/tools/bin/../lib/gcc/arm-none-eabi/5.4.1/armv7-m\crtbegin.o
LOAD c:/bin/mcuxpressoide_10.0.2_411/ide/tools/bin/../lib/gcc/arm-none-eabi/5.4.1/armv7-m\crtend.o
END GROUP
                0x00000000                __base_MFlash256 = 0x0
                0x00000000                __base_Flash = 0x0
                0x00040000                __top_MFlash256 = 0x40000
                0x00040000                __top_Flash = 0x40000
                0x02000000                __base_Ram0_16 = 0x2000000
                0x02000000                __base_RAM = 0x2000000
                0x02004000                __top_Ram0_16 = 0x2004000
                0x02004000                __top_RAM = 0x2004000
                0x02004000                __base_Ram1_16 = 0x2004000
                0x02004000                __base_RAM2 = 0x2004000
                0x02008000                __top_Ram1_16 = 0x2008000
                0x02008000                __top_RAM2 = 0x2008000
                0x02008000                __base_Ram2_4 = 0x2008000
                0x02008000                __base_RAM3 = 0x2008000
                0x02009000                __top_Ram2_4 = 0x2009000
                0x02009000                __top_RAM3 = 0x2009000

.text           0x00000000     0x8338
 FILL mask 0xff
                0x00000000                __vectors_start__ = ABSOLUTE (.)
 *(.isr_vector)
 .isr_vector    0x00000000       0xfc ./src/cr_startup_lpc15xx.o
                0x00000000                g_pfnVectors
                0x000000fc                . = ALIGN (0x4)
                0x000000fc                __section_table_start = .
                0x000000fc                __data_section_table = .
                0x000000fc        0x4 LONG 0x8340 LOADADDR (.data)
                0x00000100        0x4 LONG 0x2000000 ADDR (.data)
                0x00000104        0x4 LONG 0xa00 SIZEOF (.data)
                0x00000108        0x4 LONG 0x8340 LOADADDR (.data_RAM2)
                0x0000010c        0x4 LONG 0x2004000 ADDR (.data_RAM2)
                0x00000110        0x4 LONG 0x0 SIZEOF (.data_RAM2)
                0x00000114        0x4 LONG 0x8340 LOADADDR (.data_RAM3)
                0x00000118        0x4 LONG 0x2008000 ADDR (.data_RAM3)
                0x0000011c        0x4 LONG 0x0 SIZEOF (.data_RAM3)
                0x00000120                __data_section_table_end = .
                0x00000120                __bss_section_table = .
                0x00000120        0x4 LONG 0x2000a00 ADDR (.bss)
                0x00000124        0x4 LONG 0x620 SIZEOF (.bss)
                0x00000128        0x4 LONG 0x2004000 ADDR (.bss_RAM2)
                0x0000012c        0x4 LONG 0x0 SIZEOF (.bss_RAM2)
                0x00000130        0x4 LONG 0x2008000 ADDR (.bss_RAM3)
                0x00000134        0x4 LONG 0x0 SIZEOF (.bss_RAM3)
                0x00000138                __bss_section_table_end = .
                0x00000138                __section_table_end = .
 *(.after_vectors*)
 .after_vectors
                0x00000138      0x158 ./src/cr_startup_lpc15xx.o
                0x00000138                data_init(unsigned int, unsigned int, unsigned int)
                0x0000017c                bss_init(unsigned int, unsigned int)
                0x000001b4                ResetISR
                0x00000240                NMI_Handler
                0x00000248                HardFault_Handler
                0x00000250                MemManage_Handler
                0x00000258                BusFault_Handler
                0x00000260                UsageFault_Handler
                0x00000270                DebugMon_Handler
                0x00000288                UART1_IRQHandler
                0x00000288                RTC_WAKE_IRQHandler
                0x00000288                UART0_IRQHandler
                0x00000288                MRT_IRQHandler
                0x00000288                ADC1_THCMP_IRQHandler
                0x00000288                SPI1_IRQHandler
                0x00000288                PIN_INT6_IRQHandler
                0x00000288                IntDefaultHandler
                0x00000288                PIN_INT4_IRQHandler
                0x00000288                CAN_IRQHandler
                0x00000288                RTC_ALARM_IRQHandler
                0x00000288                ADC1B_IRQHandler
                0x00000288                ADC1_OVR_IRQHandler
                0x00000288                USBWakeup_IRQHandler
                0x00000288                ADC0_OVR_IRQHandler
                0x00000288                PIN_INT5_IRQHandler
                0x00000288                SCT1_IRQHandler
                0x00000288                PIN_INT2_IRQHandler
                0x00000288                USB_FIQHandler
                0x00000288                SCT3_IRQHandler
                0x00000288                PIN_INT7_IRQHandler
                0x00000288                I2C0_IRQHandler
                0x00000288                PIN_INT1_IRQHandler
                0x00000288                BOD_IRQHandler
                0x00000288                ADC0B_IRQHandler
                0x00000288                ACMP0_IRQHandler
                0x00000288                RIT_IRQHandler
                0x00000288                SCT2_IRQHandler
                0x00000288                WDT_IRQHandler
                0x00000288                PIN_INT0_IRQHandler
                0x00000288                QEI_IRQHandler
                0x00000288                ACMP3_IRQHandler
                0x00000288                GINT0_IRQHandler
                0x00000288                DAC_IRQHandler
                0x00000288                SPI0_IRQHandler
                0x00000288                EEPROM_IRQHandler
                0x00000288                ACMP2_IRQHandler
                0x00000288                UART2_IRQHandler
                0x00000288                ADC1A_IRQHandler
                0x00000288                DMA_IRQHandler
                0x00000288                PIN_INT3_IRQHandler
                0x00000288                ACMP1_IRQHandler
                0x00000288                SCT0_IRQHandler
                0x00000288                ADC0A_IRQHandler
                0x00000288                FMC_IRQHandler
                0x00000288                GINT1_IRQHandler
                0x00000288                ADC0_THCMP_IRQHandler
 *(.text*)
 .text.Chip_SWM_MovablePortPinAssign
                0x00000290       0x30 ./src/ITM_write.o
 .text.ITM_init
                0x000002c0       0x14 ./src/ITM_write.o
                0x000002c0                ITM_init
 .text.ITM_write
                0x000002d4       0x7c ./src/ITM_write.o
                0x000002d4                ITM_write
 .text.NVIC_EnableIRQ
                0x00000350       0x30 ./src/cdc_main.o
 .text.vcom_connected
                0x00000380       0x1c ./src/cdc_main.o
 .text.USB_send
                0x0000039c       0x78 ./src/cdc_main.o
                0x0000039c                USB_send
 .text.USB_receive
                0x00000414       0x5c ./src/cdc_main.o
                0x00000414                USB_receive
 .text.USB_IRQHandler
                0x00000470       0x50 ./src/cdc_main.o
                0x00000470                USB_IRQHandler
 .text.find_IntfDesc
                0x000004c0       0x5c ./src/cdc_main.o
                0x000004c0                find_IntfDesc
 .text.cdc_task
                0x0000051c      0x2dc ./src/cdc_main.o
                0x0000051c                cdc_task
 .text.NVIC_EnableIRQ
                0x000007f8       0x30 ./src/cdc_vcom.o
 .text.NVIC_DisableIRQ
                0x00000828       0x34 ./src/cdc_vcom.o
 .text.VCOM_bulk_in_hdlr
                0x0000085c       0x34 ./src/cdc_vcom.o
 .text.VCOM_bulk_out_hdlr
                0x00000890       0xe8 ./src/cdc_vcom.o
 .text.VCOM_SetLineCode
                0x00000978       0x28 ./src/cdc_vcom.o
 .text.vcom_init
                0x000009a0       0xec ./src/cdc_vcom.o
                0x000009a0                vcom_init
 .text.vcom_bread
                0x00000a8c       0x8c ./src/cdc_vcom.o
                0x00000a8c                vcom_bread
 .text.vcom_write
                0x00000b18       0x74 ./src/cdc_vcom.o
                0x00000b18                vcom_write
 .text.SystemInit
                0x00000b8c        0xc ./src/sysinit.o
                0x00000b8c                SystemInit
 .text.vConfigureTimerForRunTimeStats
                0x00000b98       0x20 ./src/usb_cdc.o
                0x00000b98                vConfigureTimerForRunTimeStats
 .text._ZL16prvSetupHardwarev
                0x00000bb8       0x18 ./src/usb_cdc.o
 .text._ZL9send_taskPv
                0x00000bd0       0x5c ./src/usb_cdc.o
 .text._ZL12receive_taskPv
                0x00000c2c       0x4c ./src/usb_cdc.o
 .text.main     0x00000c78       0x88 ./src/usb_cdc.o
                0x00000c78                main
 .text.xQueueGenericReset
                0x00000d00       0xa4 C:\Users\krl\Documents\MCUXpressoIDE_10.0.2_411\workspace\freertos\Debug\libfreertos.a(queue.o)
                0x00000d00                xQueueGenericReset
 .text.xQueueGenericCreate
                0x00000da4       0x78 C:\Users\krl\Documents\MCUXpressoIDE_10.0.2_411\workspace\freertos\Debug\libfreertos.a(queue.o)
                0x00000da4                xQueueGenericCreate
 .text.xQueueCreateMutex
                0x00000e1c       0x84 C:\Users\krl\Documents\MCUXpressoIDE_10.0.2_411\workspace\freertos\Debug\libfreertos.a(queue.o)
                0x00000e1c                xQueueCreateMutex
 .text.xQueueGenericSend
                0x00000ea0      0x110 C:\Users\krl\Documents\MCUXpressoIDE_10.0.2_411\workspace\freertos\Debug\libfreertos.a(queue.o)
                0x00000ea0                xQueueGenericSend
 .text.xQueueGenericSendFromISR
                0x00000fb0       0x88 C:\Users\krl\Documents\MCUXpressoIDE_10.0.2_411\workspace\freertos\Debug\libfreertos.a(queue.o)
                0x00000fb0                xQueueGenericSendFromISR
 .text.xQueueGenericReceive
                0x00001038      0x16c C:\Users\krl\Documents\MCUXpressoIDE_10.0.2_411\workspace\freertos\Debug\libfreertos.a(queue.o)
                0x00001038                xQueueGenericReceive
 .text.prvCopyDataToQueue
                0x000011a4       0xd0 C:\Users\krl\Documents\MCUXpressoIDE_10.0.2_411\workspace\freertos\Debug\libfreertos.a(queue.o)
 .text.prvCopyDataFromQueue
                0x00001274       0x4c C:\Users\krl\Documents\MCUXpressoIDE_10.0.2_411\workspace\freertos\Debug\libfreertos.a(queue.o)
 .text.prvUnlockQueue
                0x000012c0       0x98 C:\Users\krl\Documents\MCUXpressoIDE_10.0.2_411\workspace\freertos\Debug\libfreertos.a(queue.o)
 .text.prvIsQueueEmpty
                0x00001358       0x2c C:\Users\krl\Documents\MCUXpressoIDE_10.0.2_411\workspace\freertos\Debug\libfreertos.a(queue.o)
 .text.prvIsQueueFull
                0x00001384       0x30 C:\Users\krl\Documents\MCUXpressoIDE_10.0.2_411\workspace\freertos\Debug\libfreertos.a(queue.o)
 .text.vQueueAddToRegistry
                0x000013b4       0x50 C:\Users\krl\Documents\MCUXpressoIDE_10.0.2_411\workspace\freertos\Debug\libfreertos.a(queue.o)
                0x000013b4                vQueueAddToRegistry
 .text.xTaskGenericCreate
                0x00001404      0x144 C:\Users\krl\Documents\MCUXpressoIDE_10.0.2_411\workspace\freertos\Debug\libfreertos.a(tasks.o)
                0x00001404                xTaskGenericCreate
 .text.vTaskDelay
                0x00001548       0x54 C:\Users\krl\Documents\MCUXpressoIDE_10.0.2_411\workspace\freertos\Debug\libfreertos.a(tasks.o)
                0x00001548                vTaskDelay
 .text.vTaskStartScheduler
                0x0000159c       0x6c C:\Users\krl\Documents\MCUXpressoIDE_10.0.2_411\workspace\freertos\Debug\libfreertos.a(tasks.o)
                0x0000159c                vTaskStartScheduler
 .text.vTaskSuspendAll
                0x00001608       0x1c C:\Users\krl\Documents\MCUXpressoIDE_10.0.2_411\workspace\freertos\Debug\libfreertos.a(tasks.o)
                0x00001608                vTaskSuspendAll
 .text.xTaskResumeAll
                0x00001624       0xfc C:\Users\krl\Documents\MCUXpressoIDE_10.0.2_411\workspace\freertos\Debug\libfreertos.a(tasks.o)
                0x00001624                xTaskResumeAll
 .text.xTaskIncrementTick
                0x00001720      0x15c C:\Users\krl\Documents\MCUXpressoIDE_10.0.2_411\workspace\freertos\Debug\libfreertos.a(tasks.o)
                0x00001720                xTaskIncrementTick
 .text.vTaskSwitchContext
                0x0000187c      0x130 C:\Users\krl\Documents\MCUXpressoIDE_10.0.2_411\workspace\freertos\Debug\libfreertos.a(tasks.o)
                0x0000187c                vTaskSwitchContext
 .text.vTaskPlaceOnEventList
                0x000019ac       0x60 C:\Users\krl\Documents\MCUXpressoIDE_10.0.2_411\workspace\freertos\Debug\libfreertos.a(tasks.o)
                0x000019ac                vTaskPlaceOnEventList
 .text.xTaskRemoveFromEventList
                0x00001a0c       0xac C:\Users\krl\Documents\MCUXpressoIDE_10.0.2_411\workspace\freertos\Debug\libfreertos.a(tasks.o)
                0x00001a0c                xTaskRemoveFromEventList
 .text.vTaskSetTimeOutState
                0x00001ab8       0x2c C:\Users\krl\Documents\MCUXpressoIDE_10.0.2_411\workspace\freertos\Debug\libfreertos.a(tasks.o)
                0x00001ab8                vTaskSetTimeOutState
 .text.xTaskCheckForTimeOut
                0x00001ae4       0x88 C:\Users\krl\Documents\MCUXpressoIDE_10.0.2_411\workspace\freertos\Debug\libfreertos.a(tasks.o)
                0x00001ae4                xTaskCheckForTimeOut
 .text.vTaskMissedYield
                0x00001b6c       0x18 C:\Users\krl\Documents\MCUXpressoIDE_10.0.2_411\workspace\freertos\Debug\libfreertos.a(tasks.o)
                0x00001b6c                vTaskMissedYield
 .text.prvIdleTask
                0x00001b84       0x20 C:\Users\krl\Documents\MCUXpressoIDE_10.0.2_411\workspace\freertos\Debug\libfreertos.a(tasks.o)
 .text.prvInitialiseTCBVariables
                0x00001ba4      0x11c C:\Users\krl\Documents\MCUXpressoIDE_10.0.2_411\workspace\freertos\Debug\libfreertos.a(tasks.o)
 .text.prvInitialiseTaskLists
                0x00001cc0       0x80 C:\Users\krl\Documents\MCUXpressoIDE_10.0.2_411\workspace\freertos\Debug\libfreertos.a(tasks.o)
 .text.prvCheckTasksWaitingTermination
                0x00001d40       0x78 C:\Users\krl\Documents\MCUXpressoIDE_10.0.2_411\workspace\freertos\Debug\libfreertos.a(tasks.o)
 .text.prvAddCurrentTaskToDelayedList
                0x00001db8       0x6c C:\Users\krl\Documents\MCUXpressoIDE_10.0.2_411\workspace\freertos\Debug\libfreertos.a(tasks.o)
 .text.prvAllocateTCBAndStack
                0x00001e24       0x64 C:\Users\krl\Documents\MCUXpressoIDE_10.0.2_411\workspace\freertos\Debug\libfreertos.a(tasks.o)
 .text.prvDeleteTCB
                0x00001e88       0x2c C:\Users\krl\Documents\MCUXpressoIDE_10.0.2_411\workspace\freertos\Debug\libfreertos.a(tasks.o)
 .text.prvResetNextTaskUnblockTime
                0x00001eb4       0x48 C:\Users\krl\Documents\MCUXpressoIDE_10.0.2_411\workspace\freertos\Debug\libfreertos.a(tasks.o)
 .text.xTaskGetCurrentTaskHandle
                0x00001efc       0x1c C:\Users\krl\Documents\MCUXpressoIDE_10.0.2_411\workspace\freertos\Debug\libfreertos.a(tasks.o)
                0x00001efc                xTaskGetCurrentTaskHandle
 .text.vTaskPriorityInherit
                0x00001f18       0xbc C:\Users\krl\Documents\MCUXpressoIDE_10.0.2_411\workspace\freertos\Debug\libfreertos.a(tasks.o)
                0x00001f18                vTaskPriorityInherit
 .text.vTaskPriorityDisinherit
                0x00001fd4       0x84 C:\Users\krl\Documents\MCUXpressoIDE_10.0.2_411\workspace\freertos\Debug\libfreertos.a(tasks.o)
                0x00001fd4                vTaskPriorityDisinherit
 .text.vApplicationStackOverflowHook
                0x00002058       0x14 C:\Users\krl\Documents\MCUXpressoIDE_10.0.2_411\workspace\freertos\Debug\libfreertos.a(FreeRTOSCommonHooks.o)
                0x00002058                vApplicationStackOverflowHook
 .text.pvPortMalloc
                0x0000206c       0x24 C:\Users\krl\Documents\MCUXpressoIDE_10.0.2_411\workspace\freertos\Debug\libfreertos.a(heap_3.o)
                0x0000206c                pvPortMalloc
 .text.vPortFree
                0x00002090       0x24 C:\Users\krl\Documents\MCUXpressoIDE_10.0.2_411\workspace\freertos\Debug\libfreertos.a(heap_3.o)
                0x00002090                vPortFree
 .text.vListInitialise
                0x000020b4       0x40 C:\Users\krl\Documents\MCUXpressoIDE_10.0.2_411\workspace\freertos\Debug\libfreertos.a(list.o)
                0x000020b4                vListInitialise
 .text.vListInitialiseItem
                0x000020f4       0x18 C:\Users\krl\Documents\MCUXpressoIDE_10.0.2_411\workspace\freertos\Debug\libfreertos.a(list.o)
                0x000020f4                vListInitialiseItem
 .text.vListInsertEnd
                0x0000210c       0x48 C:\Users\krl\Documents\MCUXpressoIDE_10.0.2_411\workspace\freertos\Debug\libfreertos.a(list.o)
                0x0000210c                vListInsertEnd
 .text.vListInsert
                0x00002154       0x70 C:\Users\krl\Documents\MCUXpressoIDE_10.0.2_411\workspace\freertos\Debug\libfreertos.a(list.o)
                0x00002154                vListInsert
 .text.uxListRemove
                0x000021c4       0x54 C:\Users\krl\Documents\MCUXpressoIDE_10.0.2_411\workspace\freertos\Debug\libfreertos.a(list.o)
                0x000021c4                uxListRemove
 .text.pxPortInitialiseStack
                0x00002218       0x54 C:\Users\krl\Documents\MCUXpressoIDE_10.0.2_411\workspace\freertos\Debug\libfreertos.a(port.o)
                0x00002218                pxPortInitialiseStack
 .text.prvTaskExitError
                0x0000226c        0xc C:\Users\krl\Documents\MCUXpressoIDE_10.0.2_411\workspace\freertos\Debug\libfreertos.a(port.o)
 .text.SVC_Handler
                0x00002278       0x28 C:\Users\krl\Documents\MCUXpressoIDE_10.0.2_411\workspace\freertos\Debug\libfreertos.a(port.o)
                0x00002278                SVC_Handler
 .text.prvPortStartFirstTask
                0x000022a0       0x20 C:\Users\krl\Documents\MCUXpressoIDE_10.0.2_411\workspace\freertos\Debug\libfreertos.a(port.o)
 .text.xPortStartScheduler
                0x000022c0       0x3c C:\Users\krl\Documents\MCUXpressoIDE_10.0.2_411\workspace\freertos\Debug\libfreertos.a(port.o)
                0x000022c0                xPortStartScheduler
 .text.vPortYield
                0x000022fc       0x20 C:\Users\krl\Documents\MCUXpressoIDE_10.0.2_411\workspace\freertos\Debug\libfreertos.a(port.o)
                0x000022fc                vPortYield
 .text.vPortEnterCritical
                0x0000231c       0x24 C:\Users\krl\Documents\MCUXpressoIDE_10.0.2_411\workspace\freertos\Debug\libfreertos.a(port.o)
                0x0000231c                vPortEnterCritical
 .text.vPortExitCritical
                0x00002340       0x24 C:\Users\krl\Documents\MCUXpressoIDE_10.0.2_411\workspace\freertos\Debug\libfreertos.a(port.o)
                0x00002340                vPortExitCritical
 .text.ulPortSetInterruptMask
                0x00002364       0x14 C:\Users\krl\Documents\MCUXpressoIDE_10.0.2_411\workspace\freertos\Debug\libfreertos.a(port.o)
                0x00002364                ulPortSetInterruptMask
 .text.vPortClearInterruptMask
                0x00002378        0x8 C:\Users\krl\Documents\MCUXpressoIDE_10.0.2_411\workspace\freertos\Debug\libfreertos.a(port.o)
                0x00002378                vPortClearInterruptMask
 .text.PendSV_Handler
                0x00002380       0x48 C:\Users\krl\Documents\MCUXpressoIDE_10.0.2_411\workspace\freertos\Debug\libfreertos.a(port.o)
                0x00002380                PendSV_Handler
 .text.SysTick_Handler
                0x000023c8       0x28 C:\Users\krl\Documents\MCUXpressoIDE_10.0.2_411\workspace\freertos\Debug\libfreertos.a(port.o)
                0x000023c8                SysTick_Handler
 .text.vPortSetupTimerInterrupt
                0x000023f0       0x34 C:\Users\krl\Documents\MCUXpressoIDE_10.0.2_411\workspace\freertos\Debug\libfreertos.a(port.o)
                0x000023f0                vPortSetupTimerInterrupt
 .text.Chip_IOCON_PinMuxSet
                0x00002424       0x2c C:\Users\krl\Documents\MCUXpressoIDE_10.0.2_411\workspace\lpc_board_nxp_lpcxpresso_1549\Debug\liblpc_board_nxp_lpcxpresso_1549.a(board.o)
 .text.Chip_SWM_MovablePortPinAssign
                0x00002450       0x30 C:\Users\krl\Documents\MCUXpressoIDE_10.0.2_411\workspace\lpc_board_nxp_lpcxpresso_1549\Debug\liblpc_board_nxp_lpcxpresso_1549.a(board.o)
 .text.Chip_GPIO_SetPinState
                0x00002480       0x38 C:\Users\krl\Documents\MCUXpressoIDE_10.0.2_411\workspace\lpc_board_nxp_lpcxpresso_1549\Debug\liblpc_board_nxp_lpcxpresso_1549.a(board.o)
 .text.Chip_GPIO_SetPinDIROutput
                0x000024b8       0x3c C:\Users\krl\Documents\MCUXpressoIDE_10.0.2_411\workspace\lpc_board_nxp_lpcxpresso_1549\Debug\liblpc_board_nxp_lpcxpresso_1549.a(board.o)
 .text.Chip_UART_Enable
                0x000024f4       0x20 C:\Users\krl\Documents\MCUXpressoIDE_10.0.2_411\workspace\lpc_board_nxp_lpcxpresso_1549\Debug\liblpc_board_nxp_lpcxpresso_1549.a(board.o)
 .text.Chip_UART_TXEnable
                0x00002514       0x20 C:\Users\krl\Documents\MCUXpressoIDE_10.0.2_411\workspace\lpc_board_nxp_lpcxpresso_1549\Debug\liblpc_board_nxp_lpcxpresso_1549.a(board.o)
 .text.Chip_UART_ConfigData
                0x00002534       0x28 C:\Users\krl\Documents\MCUXpressoIDE_10.0.2_411\workspace\lpc_board_nxp_lpcxpresso_1549\Debug\liblpc_board_nxp_lpcxpresso_1549.a(board.o)
 .text.Board_Debug_Init
                0x0000255c       0x70 C:\Users\krl\Documents\MCUXpressoIDE_10.0.2_411\workspace\lpc_board_nxp_lpcxpresso_1549\Debug\liblpc_board_nxp_lpcxpresso_1549.a(board.o)
                0x0000255c                Board_Debug_Init
 .text.Board_LED_Init
                0x000025cc       0x5c C:\Users\krl\Documents\MCUXpressoIDE_10.0.2_411\workspace\lpc_board_nxp_lpcxpresso_1549\Debug\liblpc_board_nxp_lpcxpresso_1549.a(board.o)
 .text.Board_LED_Set
                0x00002628       0x54 C:\Users\krl\Documents\MCUXpressoIDE_10.0.2_411\workspace\lpc_board_nxp_lpcxpresso_1549\Debug\liblpc_board_nxp_lpcxpresso_1549.a(board.o)
                0x00002628                Board_LED_Set
 .text.Board_Init
                0x0000267c       0x18 C:\Users\krl\Documents\MCUXpressoIDE_10.0.2_411\workspace\lpc_board_nxp_lpcxpresso_1549\Debug\liblpc_board_nxp_lpcxpresso_1549.a(board.o)
                0x0000267c                Board_Init
 .text.Chip_SYSCTL_PeriphReset
                0x00002694       0x24 C:\Users\krl\Documents\MCUXpressoIDE_10.0.2_411\workspace\lpc_board_nxp_lpcxpresso_1549\Debug\liblpc_board_nxp_lpcxpresso_1549.a(board_sysinit.o)
 .text.Chip_Clock_SetUSBPLLSource
                0x000026b8       0x20 C:\Users\krl\Documents\MCUXpressoIDE_10.0.2_411\workspace\lpc_board_nxp_lpcxpresso_1549\Debug\liblpc_board_nxp_lpcxpresso_1549.a(board_sysinit.o)
 .text.Chip_Clock_SetupUSBPLL
                0x000026d8       0x34 C:\Users\krl\Documents\MCUXpressoIDE_10.0.2_411\workspace\lpc_board_nxp_lpcxpresso_1549\Debug\liblpc_board_nxp_lpcxpresso_1549.a(board_sysinit.o)
 .text.Chip_Clock_IsUSBPLLLocked
                0x0000270c       0x24 C:\Users\krl\Documents\MCUXpressoIDE_10.0.2_411\workspace\lpc_board_nxp_lpcxpresso_1549\Debug\liblpc_board_nxp_lpcxpresso_1549.a(board_sysinit.o)
 .text.Chip_Clock_SetSysTickClockDiv
                0x00002730       0x20 C:\Users\krl\Documents\MCUXpressoIDE_10.0.2_411\workspace\lpc_board_nxp_lpcxpresso_1549\Debug\liblpc_board_nxp_lpcxpresso_1549.a(board_sysinit.o)
 .text.Chip_SWM_MovablePortPinAssign
                0x00002750       0x30 C:\Users\krl\Documents\MCUXpressoIDE_10.0.2_411\workspace\lpc_board_nxp_lpcxpresso_1549\Debug\liblpc_board_nxp_lpcxpresso_1549.a(board_sysinit.o)
 .text.Board_SetupMuxing
                0x00002780       0x80 C:\Users\krl\Documents\MCUXpressoIDE_10.0.2_411\workspace\lpc_board_nxp_lpcxpresso_1549\Debug\liblpc_board_nxp_lpcxpresso_1549.a(board_sysinit.o)
                0x00002780                Board_SetupMuxing
 .text.Board_SetupClocking
                0x00002800       0x3c C:\Users\krl\Documents\MCUXpressoIDE_10.0.2_411\workspace\lpc_board_nxp_lpcxpresso_1549\Debug\liblpc_board_nxp_lpcxpresso_1549.a(board_sysinit.o)
                0x00002800                Board_SetupClocking
 .text.Board_SystemInit
                0x0000283c       0x1c C:\Users\krl\Documents\MCUXpressoIDE_10.0.2_411\workspace\lpc_board_nxp_lpcxpresso_1549\Debug\liblpc_board_nxp_lpcxpresso_1549.a(board_sysinit.o)
                0x0000283c                Board_SystemInit
 .text.Chip_SYSCTL_PeriphReset
                0x00002858       0x24 C:\Users\krl\Documents\MCUXpressoIDE_10.0.2_411\workspace\lpc_chip_15xx\Debug\liblpc_chip_15xx.a(chip_15xx.o)
 .text.Chip_Clock_SetUSBClockSource
                0x0000287c       0x2c C:\Users\krl\Documents\MCUXpressoIDE_10.0.2_411\workspace\lpc_chip_15xx\Debug\liblpc_chip_15xx.a(chip_15xx.o)
 .text.Chip_Clock_SetUSBPLLSource
                0x000028a8       0x20 C:\Users\krl\Documents\MCUXpressoIDE_10.0.2_411\workspace\lpc_chip_15xx\Debug\liblpc_chip_15xx.a(chip_15xx.o)
 .text.Chip_Clock_SetupUSBPLL
                0x000028c8       0x34 C:\Users\krl\Documents\MCUXpressoIDE_10.0.2_411\workspace\lpc_chip_15xx\Debug\liblpc_chip_15xx.a(chip_15xx.o)
 .text.Chip_Clock_IsUSBPLLLocked
                0x000028fc       0x24 C:\Users\krl\Documents\MCUXpressoIDE_10.0.2_411\workspace\lpc_chip_15xx\Debug\liblpc_chip_15xx.a(chip_15xx.o)
 .text.SystemCoreClockUpdate
                0x00002920       0x18 C:\Users\krl\Documents\MCUXpressoIDE_10.0.2_411\workspace\lpc_chip_15xx\Debug\liblpc_chip_15xx.a(chip_15xx.o)
                0x00002920                SystemCoreClockUpdate
 .text.Chip_USB_Init
                0x00002938       0x4c C:\Users\krl\Documents\MCUXpressoIDE_10.0.2_411\workspace\lpc_chip_15xx\Debug\liblpc_chip_15xx.a(chip_15xx.o)
                0x00002938                Chip_USB_Init
 .text.Chip_Clock_SetMain_A_ClockSource
                0x00002984       0x20 C:\Users\krl\Documents\MCUXpressoIDE_10.0.2_411\workspace\lpc_chip_15xx\Debug\liblpc_chip_15xx.a(clock_15xx.o)
 .text.Chip_Clock_GetMain_A_ClockSource
                0x000029a4       0x18 C:\Users\krl\Documents\MCUXpressoIDE_10.0.2_411\workspace\lpc_chip_15xx\Debug\liblpc_chip_15xx.a(clock_15xx.o)
 .text.Chip_Clock_SetMain_B_ClockSource
                0x000029bc       0x20 C:\Users\krl\Documents\MCUXpressoIDE_10.0.2_411\workspace\lpc_chip_15xx\Debug\liblpc_chip_15xx.a(clock_15xx.o)
 .text.Chip_Clock_GetMain_B_ClockSource
                0x000029dc       0x18 C:\Users\krl\Documents\MCUXpressoIDE_10.0.2_411\workspace\lpc_chip_15xx\Debug\liblpc_chip_15xx.a(clock_15xx.o)
 .text.Chip_Clock_SetUARTFRGDivider
                0x000029f4       0x20 C:\Users\krl\Documents\MCUXpressoIDE_10.0.2_411\workspace\lpc_chip_15xx\Debug\liblpc_chip_15xx.a(clock_15xx.o)
 .text.Chip_Clock_GetUARTFRGDivider
                0x00002a14       0x18 C:\Users\krl\Documents\MCUXpressoIDE_10.0.2_411\workspace\lpc_chip_15xx\Debug\liblpc_chip_15xx.a(clock_15xx.o)
 .text.Chip_Clock_GetMainOscRate
                0x00002a2c       0x14 C:\Users\krl\Documents\MCUXpressoIDE_10.0.2_411\workspace\lpc_chip_15xx\Debug\liblpc_chip_15xx.a(clock_15xx.o)
 .text.Chip_Clock_GetIntOscRate
                0x00002a40       0x14 C:\Users\krl\Documents\MCUXpressoIDE_10.0.2_411\workspace\lpc_chip_15xx\Debug\liblpc_chip_15xx.a(clock_15xx.o)
 .text.Chip_Clock_GetRTCOscRate
                0x00002a54       0x14 C:\Users\krl\Documents\MCUXpressoIDE_10.0.2_411\workspace\lpc_chip_15xx\Debug\liblpc_chip_15xx.a(clock_15xx.o)
 .text.Chip_Clock_GetWDTOSCRate
                0x00002a68       0x14 C:\Users\krl\Documents\MCUXpressoIDE_10.0.2_411\workspace\lpc_chip_15xx\Debug\liblpc_chip_15xx.a(clock_15xx.o)
 .text.Chip_Clock_GetPLLFreq
                0x00002a7c       0x28 C:\Users\krl\Documents\MCUXpressoIDE_10.0.2_411\workspace\lpc_chip_15xx\Debug\liblpc_chip_15xx.a(clock_15xx.o)
 .text.Chip_Clock_GetPLLInClockRate
                0x00002aa4       0x38 C:\Users\krl\Documents\MCUXpressoIDE_10.0.2_411\workspace\lpc_chip_15xx\Debug\liblpc_chip_15xx.a(clock_15xx.o)
 .text.Chip_Clock_GetSystemPLLInClockRate
                0x00002adc       0x1c C:\Users\krl\Documents\MCUXpressoIDE_10.0.2_411\workspace\lpc_chip_15xx\Debug\liblpc_chip_15xx.a(clock_15xx.o)
                0x00002adc                Chip_Clock_GetSystemPLLInClockRate
 .text.Chip_Clock_GetSystemPLLOutClockRate
                0x00002af8       0x24 C:\Users\krl\Documents\MCUXpressoIDE_10.0.2_411\workspace\lpc_chip_15xx\Debug\liblpc_chip_15xx.a(clock_15xx.o)
                0x00002af8                Chip_Clock_GetSystemPLLOutClockRate
 .text.Chip_Clock_GetMain_A_ClockRate
                0x00002b1c       0x44 C:\Users\krl\Documents\MCUXpressoIDE_10.0.2_411\workspace\lpc_chip_15xx\Debug\liblpc_chip_15xx.a(clock_15xx.o)
                0x00002b1c                Chip_Clock_GetMain_A_ClockRate
 .text.Chip_Clock_GetMain_B_ClockRate
                0x00002b60       0x58 C:\Users\krl\Documents\MCUXpressoIDE_10.0.2_411\workspace\lpc_chip_15xx\Debug\liblpc_chip_15xx.a(clock_15xx.o)
                0x00002b60                Chip_Clock_GetMain_B_ClockRate
 .text.Chip_Clock_SetMainClockSource
                0x00002bb8       0x3c C:\Users\krl\Documents\MCUXpressoIDE_10.0.2_411\workspace\lpc_chip_15xx\Debug\liblpc_chip_15xx.a(clock_15xx.o)
                0x00002bb8                Chip_Clock_SetMainClockSource
 .text.Chip_Clock_GetMainClockRate
                0x00002bf4       0x28 C:\Users\krl\Documents\MCUXpressoIDE_10.0.2_411\workspace\lpc_chip_15xx\Debug\liblpc_chip_15xx.a(clock_15xx.o)
                0x00002bf4                Chip_Clock_GetMainClockRate
 .text.Chip_Clock_EnablePeriphClock
                0x00002c1c       0x54 C:\Users\krl\Documents\MCUXpressoIDE_10.0.2_411\workspace\lpc_chip_15xx\Debug\liblpc_chip_15xx.a(clock_15xx.o)
                0x00002c1c                Chip_Clock_EnablePeriphClock
 .text.Chip_Clock_GetUARTBaseClockRate
                0x00002c70       0x88 C:\Users\krl\Documents\MCUXpressoIDE_10.0.2_411\workspace\lpc_chip_15xx\Debug\liblpc_chip_15xx.a(clock_15xx.o)
                0x00002c70                Chip_Clock_GetUARTBaseClockRate
 .text.Chip_Clock_SetUARTBaseClockRate
                0x00002cf8       0xa0 C:\Users\krl\Documents\MCUXpressoIDE_10.0.2_411\workspace\lpc_chip_15xx\Debug\liblpc_chip_15xx.a(clock_15xx.o)
                0x00002cf8                Chip_Clock_SetUARTBaseClockRate
 .text.Chip_Clock_GetSystemClockRate
                0x00002d98       0x1c C:\Users\krl\Documents\MCUXpressoIDE_10.0.2_411\workspace\lpc_chip_15xx\Debug\liblpc_chip_15xx.a(clock_15xx.o)
                0x00002d98                Chip_Clock_GetSystemClockRate
 .text.Chip_SYSCTL_PeriphReset
                0x00002db4       0x24 C:\Users\krl\Documents\MCUXpressoIDE_10.0.2_411\workspace\lpc_chip_15xx\Debug\liblpc_chip_15xx.a(gpio_15xx.o)
 .text.Chip_GPIO_Init
                0x00002dd8       0x30 C:\Users\krl\Documents\MCUXpressoIDE_10.0.2_411\workspace\lpc_chip_15xx\Debug\liblpc_chip_15xx.a(gpio_15xx.o)
                0x00002dd8                Chip_GPIO_Init
 .text.Chip_IOCON_PinMuxSet
                0x00002e08       0x2c C:\Users\krl\Documents\MCUXpressoIDE_10.0.2_411\workspace\lpc_chip_15xx\Debug\liblpc_chip_15xx.a(iocon_15xx.o)
 .text.Chip_IOCON_SetPinMuxing
                0x00002e34       0x50 C:\Users\krl\Documents\MCUXpressoIDE_10.0.2_411\workspace\lpc_chip_15xx\Debug\liblpc_chip_15xx.a(iocon_15xx.o)
                0x00002e34                Chip_IOCON_SetPinMuxing
 .text.Chip_SYSCTL_PeriphReset
                0x00002e84       0x24 C:\Users\krl\Documents\MCUXpressoIDE_10.0.2_411\workspace\lpc_chip_15xx\Debug\liblpc_chip_15xx.a(sct_15xx.o)
 .text.Chip_SCT_Init
                0x00002ea8       0x3c C:\Users\krl\Documents\MCUXpressoIDE_10.0.2_411\workspace\lpc_chip_15xx\Debug\liblpc_chip_15xx.a(sct_15xx.o)
                0x00002ea8                Chip_SCT_Init
 .text.Chip_SWM_MovablePinAssign
                0x00002ee4       0x5c C:\Users\krl\Documents\MCUXpressoIDE_10.0.2_411\workspace\lpc_chip_15xx\Debug\liblpc_chip_15xx.a(swm_15xx.o)
                0x00002ee4                Chip_SWM_MovablePinAssign
 .text.Chip_SYSCTL_AssertPeriphReset
                0x00002f40       0x48 C:\Users\krl\Documents\MCUXpressoIDE_10.0.2_411\workspace\lpc_chip_15xx\Debug\liblpc_chip_15xx.a(sysctl_15xx.o)
                0x00002f40                Chip_SYSCTL_AssertPeriphReset
 .text.Chip_SYSCTL_DeassertPeriphReset
                0x00002f88       0x4c C:\Users\krl\Documents\MCUXpressoIDE_10.0.2_411\workspace\lpc_chip_15xx\Debug\liblpc_chip_15xx.a(sysctl_15xx.o)
                0x00002f88                Chip_SYSCTL_DeassertPeriphReset
 .text.Chip_SYSCTL_PowerDown
                0x00002fd4       0x40 C:\Users\krl\Documents\MCUXpressoIDE_10.0.2_411\workspace\lpc_chip_15xx\Debug\liblpc_chip_15xx.a(sysctl_15xx.o)
                0x00002fd4                Chip_SYSCTL_PowerDown
 .text.Chip_SYSCTL_PowerUp
                0x00003014       0x40 C:\Users\krl\Documents\MCUXpressoIDE_10.0.2_411\workspace\lpc_chip_15xx\Debug\liblpc_chip_15xx.a(sysctl_15xx.o)
                0x00003014                Chip_SYSCTL_PowerUp
 .text.Chip_FMC_SetFLASHAccess
                0x00003054       0x38 C:\Users\krl\Documents\MCUXpressoIDE_10.0.2_411\workspace\lpc_chip_15xx\Debug\liblpc_chip_15xx.a(sysinit_15xx.o)
 .text.Chip_Clock_SetSystemPLLSource
                0x0000308c       0x20 C:\Users\krl\Documents\MCUXpressoIDE_10.0.2_411\workspace\lpc_chip_15xx\Debug\liblpc_chip_15xx.a(sysinit_15xx.o)
 .text.Chip_Clock_SetupSystemPLL
                0x000030ac       0x34 C:\Users\krl\Documents\MCUXpressoIDE_10.0.2_411\workspace\lpc_chip_15xx\Debug\liblpc_chip_15xx.a(sysinit_15xx.o)
 .text.Chip_Clock_IsSystemPLLLocked
                0x000030e0       0x24 C:\Users\krl\Documents\MCUXpressoIDE_10.0.2_411\workspace\lpc_chip_15xx\Debug\liblpc_chip_15xx.a(sysinit_15xx.o)
 .text.Chip_Clock_SetSysClockDiv
                0x00003104       0x20 C:\Users\krl\Documents\MCUXpressoIDE_10.0.2_411\workspace\lpc_chip_15xx\Debug\liblpc_chip_15xx.a(sysinit_15xx.o)
 .text.Chip_SetupXtalClocking
                0x00003124       0x6c C:\Users\krl\Documents\MCUXpressoIDE_10.0.2_411\workspace\lpc_chip_15xx\Debug\liblpc_chip_15xx.a(sysinit_15xx.o)
                0x00003124                Chip_SetupXtalClocking
 .text.Chip_SYSCTL_PeriphReset
                0x00003190       0x24 C:\Users\krl\Documents\MCUXpressoIDE_10.0.2_411\workspace\lpc_chip_15xx\Debug\liblpc_chip_15xx.a(uart_15xx.o)
 .text.getUARTClockID
                0x000031b4       0x34 C:\Users\krl\Documents\MCUXpressoIDE_10.0.2_411\workspace\lpc_chip_15xx\Debug\liblpc_chip_15xx.a(uart_15xx.o)
 .text.Chip_UART_Init
                0x000031e8       0x4c C:\Users\krl\Documents\MCUXpressoIDE_10.0.2_411\workspace\lpc_chip_15xx\Debug\liblpc_chip_15xx.a(uart_15xx.o)
                0x000031e8                Chip_UART_Init
 .text.Chip_UART_SetBaud
                0x00003234       0x2c C:\Users\krl\Documents\MCUXpressoIDE_10.0.2_411\workspace\lpc_chip_15xx\Debug\liblpc_chip_15xx.a(uart_15xx.o)
                0x00003234                Chip_UART_SetBaud
 .text          0x00003260       0x30 c:/bin/mcuxpressoide_10.0.2_411/ide/tools/bin/../lib/gcc/arm-none-eabi/5.4.1/armv7-m\libgcc.a(_aeabi_uldivmod.o)
                0x00003260                __aeabi_uldivmod
 .text          0x00003290      0x2ec c:/bin/mcuxpressoide_10.0.2_411/ide/tools/bin/../lib/gcc/arm-none-eabi/5.4.1/armv7-m\libgcc.a(_udivmoddi4.o)
                0x00003290                __udivmoddi4
 .text          0x0000357c        0x4 c:/bin/mcuxpressoide_10.0.2_411/ide/tools/bin/../lib/gcc/arm-none-eabi/5.4.1/armv7-m\libgcc.a(_dvmd_tls.o)
                0x0000357c                __aeabi_idiv0
                0x0000357c                __aeabi_ldiv0
 .text.__libc_init_array
                0x00003580       0x50 c:/bin/mcuxpressoide_10.0.2_411/ide/tools/bin/../lib/gcc/arm-none-eabi/5.4.1/../../../../arm-none-eabi/lib/armv7-m\libc.a(lib_a-init.o)
                0x00003580                __libc_init_array
 .text.malloc   0x000035d0       0x10 c:/bin/mcuxpressoide_10.0.2_411/ide/tools/bin/../lib/gcc/arm-none-eabi/5.4.1/../../../../arm-none-eabi/lib/armv7-m\libc.a(lib_a-malloc.o)
                0x000035d0                malloc
 .text.free     0x000035e0       0x10 c:/bin/mcuxpressoide_10.0.2_411/ide/tools/bin/../lib/gcc/arm-none-eabi/5.4.1/../../../../arm-none-eabi/lib/armv7-m\libc.a(lib_a-malloc.o)
                0x000035e0                free
 .text._malloc_r
                0x000035f0      0x558 c:/bin/mcuxpressoide_10.0.2_411/ide/tools/bin/../lib/gcc/arm-none-eabi/5.4.1/../../../../arm-none-eabi/lib/armv7-m\libc.a(lib_a-mallocr.o)
                0x000035f0                _malloc_r
 .text.memcmp   0x00003b48       0x64 c:/bin/mcuxpressoide_10.0.2_411/ide/tools/bin/../lib/gcc/arm-none-eabi/5.4.1/../../../../arm-none-eabi/lib/armv7-m\libc.a(lib_a-memcmp.o)
                0x00003b48                memcmp
 .text          0x00003bac       0xec c:/bin/mcuxpressoide_10.0.2_411/ide/tools/bin/../lib/gcc/arm-none-eabi/5.4.1/../../../../arm-none-eabi/lib/armv7-m\libc.a(lib_a-memcpy.o)
                0x00003bac                memcpy
 .text.memset   0x00003c98       0x9c c:/bin/mcuxpressoide_10.0.2_411/ide/tools/bin/../lib/gcc/arm-none-eabi/5.4.1/../../../../arm-none-eabi/lib/armv7-m\libc.a(lib_a-memset.o)
                0x00003c98                memset
 .text.__malloc_lock
                0x00003d34        0x4 c:/bin/mcuxpressoide_10.0.2_411/ide/tools/bin/../lib/gcc/arm-none-eabi/5.4.1/../../../../arm-none-eabi/lib/armv7-m\libc.a(lib_a-mlock.o)
                0x00003d34                __malloc_lock
 .text.__malloc_unlock
                0x00003d38        0x4 c:/bin/mcuxpressoide_10.0.2_411/ide/tools/bin/../lib/gcc/arm-none-eabi/5.4.1/../../../../arm-none-eabi/lib/armv7-m\libc.a(lib_a-mlock.o)
                0x00003d38                __malloc_unlock
 .text.cleanup_glue
                0x00003d3c       0x1c c:/bin/mcuxpressoide_10.0.2_411/ide/tools/bin/../lib/gcc/arm-none-eabi/5.4.1/../../../../arm-none-eabi/lib/armv7-m\libc.a(lib_a-reent.o)
                0x00003d3c                cleanup_glue
 .text._reclaim_reent
                0x00003d58       0x88 c:/bin/mcuxpressoide_10.0.2_411/ide/tools/bin/../lib/gcc/arm-none-eabi/5.4.1/../../../../arm-none-eabi/lib/armv7-m\libc.a(lib_a-reent.o)
                0x00003d58                _reclaim_reent
 .text._sbrk_r  0x00003de0       0x24 c:/bin/mcuxpressoide_10.0.2_411/ide/tools/bin/../lib/gcc/arm-none-eabi/5.4.1/../../../../arm-none-eabi/lib/armv7-m\libc.a(lib_a-sbrkr.o)
                0x00003de0                _sbrk_r
 .text.sprintf  0x00003e04       0x4c c:/bin/mcuxpressoide_10.0.2_411/ide/tools/bin/../lib/gcc/arm-none-eabi/5.4.1/../../../../arm-none-eabi/lib/armv7-m\libc.a(lib_a-sprintf.o)
                0x00003e04                sprintf
 .text._svfprintf_r
                0x00003e50     0x1760 c:/bin/mcuxpressoide_10.0.2_411/ide/tools/bin/../lib/gcc/arm-none-eabi/5.4.1/../../../../arm-none-eabi/lib/armv7-m\libc.a(lib_a-svfprintf.o)
                0x00003e50                _svfprintf_r
 .text.quorem   0x000055b0      0x12c c:/bin/mcuxpressoide_10.0.2_411/ide/tools/bin/../lib/gcc/arm-none-eabi/5.4.1/../../../../arm-none-eabi/lib/armv7-m\libc.a(lib_a-dtoa.o)
 *fill*         0x000056dc        0x4 ff
 .text._dtoa_r  0x000056e0      0xe4c c:/bin/mcuxpressoide_10.0.2_411/ide/tools/bin/../lib/gcc/arm-none-eabi/5.4.1/../../../../arm-none-eabi/lib/armv7-m\libc.a(lib_a-dtoa.o)
                0x000056e0                _dtoa_r
 .text._malloc_trim_r
                0x0000652c       0x9c c:/bin/mcuxpressoide_10.0.2_411/ide/tools/bin/../lib/gcc/arm-none-eabi/5.4.1/../../../../arm-none-eabi/lib/armv7-m\libc.a(lib_a-freer.o)
                0x0000652c                _malloc_trim_r
 .text._free_r  0x000065c8      0x1d0 c:/bin/mcuxpressoide_10.0.2_411/ide/tools/bin/../lib/gcc/arm-none-eabi/5.4.1/../../../../arm-none-eabi/lib/armv7-m\libc.a(lib_a-freer.o)
                0x000065c8                _free_r
 .text._localeconv_r
                0x00006798       0x1c c:/bin/mcuxpressoide_10.0.2_411/ide/tools/bin/../lib/gcc/arm-none-eabi/5.4.1/../../../../arm-none-eabi/lib/armv7-m\libc.a(lib_a-localeconv.o)
                0x00006798                _localeconv_r
 .text.memchr   0x000067b4       0x8c c:/bin/mcuxpressoide_10.0.2_411/ide/tools/bin/../lib/gcc/arm-none-eabi/5.4.1/../../../../arm-none-eabi/lib/armv7-m\libc.a(lib_a-memchr-stub.o)
                0x000067b4                memchr
 .text._Balloc  0x00006840       0x50 c:/bin/mcuxpressoide_10.0.2_411/ide/tools/bin/../lib/gcc/arm-none-eabi/5.4.1/../../../../arm-none-eabi/lib/armv7-m\libc.a(lib_a-mprec.o)
                0x00006840                _Balloc
 .text._Bfree   0x00006890       0x14 c:/bin/mcuxpressoide_10.0.2_411/ide/tools/bin/../lib/gcc/arm-none-eabi/5.4.1/../../../../arm-none-eabi/lib/armv7-m\libc.a(lib_a-mprec.o)
                0x00006890                _Bfree
 .text.__multadd
                0x000068a4       0x80 c:/bin/mcuxpressoide_10.0.2_411/ide/tools/bin/../lib/gcc/arm-none-eabi/5.4.1/../../../../arm-none-eabi/lib/armv7-m\libc.a(lib_a-mprec.o)
                0x000068a4                __multadd
 .text.__hi0bits
                0x00006924       0x40 c:/bin/mcuxpressoide_10.0.2_411/ide/tools/bin/../lib/gcc/arm-none-eabi/5.4.1/../../../../arm-none-eabi/lib/armv7-m\libc.a(lib_a-mprec.o)
                0x00006924                __hi0bits
 .text.__lo0bits
                0x00006964       0x5c c:/bin/mcuxpressoide_10.0.2_411/ide/tools/bin/../lib/gcc/arm-none-eabi/5.4.1/../../../../arm-none-eabi/lib/armv7-m\libc.a(lib_a-mprec.o)
                0x00006964                __lo0bits
 .text.__i2b    0x000069c0       0x14 c:/bin/mcuxpressoide_10.0.2_411/ide/tools/bin/../lib/gcc/arm-none-eabi/5.4.1/../../../../arm-none-eabi/lib/armv7-m\libc.a(lib_a-mprec.o)
                0x000069c0                __i2b
 .text.__multiply
                0x000069d4      0x13c c:/bin/mcuxpressoide_10.0.2_411/ide/tools/bin/../lib/gcc/arm-none-eabi/5.4.1/../../../../arm-none-eabi/lib/armv7-m\libc.a(lib_a-mprec.o)
                0x000069d4                __multiply
 .text.__pow5mult
                0x00006b10       0xa0 c:/bin/mcuxpressoide_10.0.2_411/ide/tools/bin/../lib/gcc/arm-none-eabi/5.4.1/../../../../arm-none-eabi/lib/armv7-m\libc.a(lib_a-mprec.o)
                0x00006b10                __pow5mult
 .text.__lshift
                0x00006bb0       0xac c:/bin/mcuxpressoide_10.0.2_411/ide/tools/bin/../lib/gcc/arm-none-eabi/5.4.1/../../../../arm-none-eabi/lib/armv7-m\libc.a(lib_a-mprec.o)
                0x00006bb0                __lshift
 .text.__mcmp   0x00006c5c       0x40 c:/bin/mcuxpressoide_10.0.2_411/ide/tools/bin/../lib/gcc/arm-none-eabi/5.4.1/../../../../arm-none-eabi/lib/armv7-m\libc.a(lib_a-mprec.o)
                0x00006c5c                __mcmp
 .text.__mdiff  0x00006c9c      0x128 c:/bin/mcuxpressoide_10.0.2_411/ide/tools/bin/../lib/gcc/arm-none-eabi/5.4.1/../../../../arm-none-eabi/lib/armv7-m\libc.a(lib_a-mprec.o)
                0x00006c9c                __mdiff
 .text.__d2b    0x00006dc4       0xa8 c:/bin/mcuxpressoide_10.0.2_411/ide/tools/bin/../lib/gcc/arm-none-eabi/5.4.1/../../../../arm-none-eabi/lib/armv7-m\libc.a(lib_a-mprec.o)
                0x00006dc4                __d2b
 .text.strlen   0x00006e6c       0x5c c:/bin/mcuxpressoide_10.0.2_411/ide/tools/bin/../lib/gcc/arm-none-eabi/5.4.1/../../../../arm-none-eabi/lib/armv7-m\libc.a(lib_a-strlen-stub.o)
                0x00006e6c                strlen
 .text.__ssprint_r
                0x00006ec8      0x100 c:/bin/mcuxpressoide_10.0.2_411/ide/tools/bin/../lib/gcc/arm-none-eabi/5.4.1/../../../../arm-none-eabi/lib/armv7-m\libc.a(lib_a-svfiprintf.o)
                0x00006ec8                __ssprint_r
 .text._calloc_r
                0x00006fc8       0x60 c:/bin/mcuxpressoide_10.0.2_411/ide/tools/bin/../lib/gcc/arm-none-eabi/5.4.1/../../../../arm-none-eabi/lib/armv7-m\libc.a(lib_a-callocr.o)
                0x00006fc8                _calloc_r
 .text.__ascii_mbtowc
                0x00007028       0x2c c:/bin/mcuxpressoide_10.0.2_411/ide/tools/bin/../lib/gcc/arm-none-eabi/5.4.1/../../../../arm-none-eabi/lib/armv7-m\libc.a(lib_a-mbtowc_r.o)
                0x00007028                __ascii_mbtowc
 .text.memmove  0x00007054       0xc8 c:/bin/mcuxpressoide_10.0.2_411/ide/tools/bin/../lib/gcc/arm-none-eabi/5.4.1/../../../../arm-none-eabi/lib/armv7-m\libc.a(lib_a-memmove.o)
                0x00007054                memmove
 .text._realloc_r
                0x0000711c      0x3d4 c:/bin/mcuxpressoide_10.0.2_411/ide/tools/bin/../lib/gcc/arm-none-eabi/5.4.1/../../../../arm-none-eabi/lib/armv7-m\libc.a(lib_a-reallocr.o)
                0x0000711c                _realloc_r
 .text.__ascii_wctomb
                0x000074f0       0x1c c:/bin/mcuxpressoide_10.0.2_411/ide/tools/bin/../lib/gcc/arm-none-eabi/5.4.1/../../../../arm-none-eabi/lib/armv7-m\libc.a(lib_a-wctomb_r.o)
                0x000074f0                __ascii_wctomb
 .text._sbrk    0x0000750c       0x3c c:/bin/mcuxpressoide_10.0.2_411/ide/tools/bin/../lib/gcc/arm-none-eabi/5.4.1/../../../../arm-none-eabi/lib/armv7-m\libcr_newlib_nohost.a(_cr_sbrk.o)
                0x0000750c                _sbrk
 .text.__check_heap_overflow
                0x00007548       0x18 c:/bin/mcuxpressoide_10.0.2_411/ide/tools/bin/../lib/gcc/arm-none-eabi/5.4.1/../../../../arm-none-eabi/lib/armv7-m\libcr_newlib_nohost.a(_cr_check_heap.o)
                0x00007548                __check_heap_overflow
 .text          0x00007560       0x5c c:/bin/mcuxpressoide_10.0.2_411/ide/tools/bin/../lib/gcc/arm-none-eabi/5.4.1/armv7-m\crtbegin.o
 .text          0x000075bc      0x370 c:/bin/mcuxpressoide_10.0.2_411/ide/tools/bin/../lib/gcc/arm-none-eabi/5.4.1/armv7-m\libgcc.a(_arm_addsubdf3.o)
                0x000075bc                __aeabi_drsub
                0x000075c4                __aeabi_dsub
                0x000075c4                __subdf3
                0x000075c8                __aeabi_dadd
                0x000075c8                __adddf3
                0x00007840                __floatunsidf
                0x00007840                __aeabi_ui2d
                0x00007860                __floatsidf
                0x00007860                __aeabi_i2d
                0x00007884                __aeabi_f2d
                0x00007884                __extendsfdf2
                0x000078c0                __floatundidf
                0x000078c0                __aeabi_ul2d
                0x000078d0                __floatdidf
                0x000078d0                __aeabi_l2d
 .text          0x0000792c      0x424 c:/bin/mcuxpressoide_10.0.2_411/ide/tools/bin/../lib/gcc/arm-none-eabi/5.4.1/armv7-m\libgcc.a(_arm_muldivdf3.o)
                0x0000792c                __aeabi_dmul
                0x0000792c                __muldf3
                0x00007b80                __divdf3
                0x00007b80                __aeabi_ddiv
 .text          0x00007d50      0x110 c:/bin/mcuxpressoide_10.0.2_411/ide/tools/bin/../lib/gcc/arm-none-eabi/5.4.1/armv7-m\libgcc.a(_arm_cmpdf2.o)
                0x00007d50                __gtdf2
                0x00007d50                __gedf2
                0x00007d58                __ltdf2
                0x00007d58                __ledf2
                0x00007d60                __nedf2
                0x00007d60                __eqdf2
                0x00007d60                __cmpdf2
                0x00007ddc                __aeabi_cdrcmple
                0x00007dec                __aeabi_cdcmpeq
                0x00007dec                __aeabi_cdcmple
                0x00007dfc                __aeabi_dcmpeq
                0x00007e10                __aeabi_dcmplt
                0x00007e24                __aeabi_dcmple
                0x00007e38                __aeabi_dcmpge
                0x00007e4c                __aeabi_dcmpgt
 .text          0x00007e60       0x2c c:/bin/mcuxpressoide_10.0.2_411/ide/tools/bin/../lib/gcc/arm-none-eabi/5.4.1/armv7-m\libgcc.a(_arm_unorddf2.o)
                0x00007e60                __unorddf2
                0x00007e60                __aeabi_dcmpun
 .text          0x00007e8c       0x50 c:/bin/mcuxpressoide_10.0.2_411/ide/tools/bin/../lib/gcc/arm-none-eabi/5.4.1/armv7-m\libgcc.a(_arm_fixdfsi.o)
                0x00007e8c                __aeabi_d2iz
                0x00007e8c                __fixdfsi
 .text.__errno  0x00007edc        0xc c:/bin/mcuxpressoide_10.0.2_411/ide/tools/bin/../lib/gcc/arm-none-eabi/5.4.1/../../../../arm-none-eabi/lib/armv7-m\libc.a(lib_a-errno.o)
                0x00007edc                __errno
 *(.rodata .rodata.* .constdata .constdata.*)
 .rodata.USB_DeviceDescriptor
                0x00007ee8       0x12 ./src/cdc_desc.o
                0x00007ee8                USB_DeviceDescriptor
 *fill*         0x00007efa        0x2 ff
 .rodata.USB_StringDescriptor
                0x00007efc       0x38 ./src/cdc_desc.o
                0x00007efc                USB_StringDescriptor
 .rodata        0x00007f34       0x7c ./src/cdc_main.o
 .rodata        0x00007fb0       0x2c ./src/usb_cdc.o
 .rodata        0x00007fdc       0x18 C:\Users\krl\Documents\MCUXpressoIDE_10.0.2_411\workspace\freertos\Debug\libfreertos.a(tasks.o)
                0x00007fe4                FreeRTOSDebugConfig
 .rodata.ucExpectedStackBytes.9841
                0x00007ff4       0x14 C:\Users\krl\Documents\MCUXpressoIDE_10.0.2_411\workspace\freertos\Debug\libfreertos.a(tasks.o)
 .rodata.OscRateIn
                0x00008008        0x4 C:\Users\krl\Documents\MCUXpressoIDE_10.0.2_411\workspace\lpc_board_nxp_lpcxpresso_1549\Debug\liblpc_board_nxp_lpcxpresso_1549.a(board.o)
                0x00008008                OscRateIn
 .rodata.RTCOscRateIn
                0x0000800c        0x4 C:\Users\krl\Documents\MCUXpressoIDE_10.0.2_411\workspace\lpc_board_nxp_lpcxpresso_1549\Debug\liblpc_board_nxp_lpcxpresso_1549.a(board.o)
                0x0000800c                RTCOscRateIn
 .rodata.ledpins
                0x00008010        0x3 C:\Users\krl\Documents\MCUXpressoIDE_10.0.2_411\workspace\lpc_board_nxp_lpcxpresso_1549\Debug\liblpc_board_nxp_lpcxpresso_1549.a(board.o)
 *fill*         0x00008013        0x1 ff
 .rodata.ledports
                0x00008014        0x3 C:\Users\krl\Documents\MCUXpressoIDE_10.0.2_411\workspace\lpc_board_nxp_lpcxpresso_1549\Debug\liblpc_board_nxp_lpcxpresso_1549.a(board.o)
 *fill*         0x00008017        0x1 ff
 .rodata.ioconSetup
                0x00008018       0x74 C:\Users\krl\Documents\MCUXpressoIDE_10.0.2_411\workspace\lpc_board_nxp_lpcxpresso_1549\Debug\liblpc_board_nxp_lpcxpresso_1549.a(board_sysinit.o)
 .rodata.swmSetup
                0x0000808c        0x6 C:\Users\krl\Documents\MCUXpressoIDE_10.0.2_411\workspace\lpc_board_nxp_lpcxpresso_1549\Debug\liblpc_board_nxp_lpcxpresso_1549.a(board_sysinit.o)
 *fill*         0x00008092        0x2 ff
 .rodata.zeroes.7256
                0x00008094       0x10 c:/bin/mcuxpressoide_10.0.2_411/ide/tools/bin/../lib/gcc/arm-none-eabi/5.4.1/../../../../arm-none-eabi/lib/armv7-m\libc.a(lib_a-svfprintf.o)
 .rodata.str1.4
                0x000080a4       0x42 c:/bin/mcuxpressoide_10.0.2_411/ide/tools/bin/../lib/gcc/arm-none-eabi/5.4.1/../../../../arm-none-eabi/lib/armv7-m\libc.a(lib_a-svfprintf.o)
 *fill*         0x000080e6        0x2 ff
 .rodata.blanks.7255
                0x000080e8       0x10 c:/bin/mcuxpressoide_10.0.2_411/ide/tools/bin/../lib/gcc/arm-none-eabi/5.4.1/../../../../arm-none-eabi/lib/armv7-m\libc.a(lib_a-svfprintf.o)
 .rodata.str1.4
                0x000080f8       0x10 c:/bin/mcuxpressoide_10.0.2_411/ide/tools/bin/../lib/gcc/arm-none-eabi/5.4.1/../../../../arm-none-eabi/lib/armv7-m\libc.a(lib_a-dtoa.o)
                                 0x12 (size before relaxing)
 .rodata.__mprec_tens
                0x00008108       0xc8 c:/bin/mcuxpressoide_10.0.2_411/ide/tools/bin/../lib/gcc/arm-none-eabi/5.4.1/../../../../arm-none-eabi/lib/armv7-m\libc.a(lib_a-mprec.o)
                0x00008108                __mprec_tens
 .rodata.p05.6085
                0x000081d0        0xc c:/bin/mcuxpressoide_10.0.2_411/ide/tools/bin/../lib/gcc/arm-none-eabi/5.4.1/../../../../arm-none-eabi/lib/armv7-m\libc.a(lib_a-mprec.o)
 *fill*         0x000081dc        0x4 ff
 .rodata.__mprec_bigtens
                0x000081e0       0x28 c:/bin/mcuxpressoide_10.0.2_411/ide/tools/bin/../lib/gcc/arm-none-eabi/5.4.1/../../../../arm-none-eabi/lib/armv7-m\libc.a(lib_a-mprec.o)
                0x000081e0                __mprec_bigtens
 .rodata.str1.4
                0x00008208       0x10 c:/bin/mcuxpressoide_10.0.2_411/ide/tools/bin/../lib/gcc/arm-none-eabi/5.4.1/../../../../arm-none-eabi/lib/armv7-m\libc.a(lib_a-locale.o)
                                 0x12 (size before relaxing)
 .rodata._ctype_
                0x00008218      0x101 c:/bin/mcuxpressoide_10.0.2_411/ide/tools/bin/../lib/gcc/arm-none-eabi/5.4.1/../../../../arm-none-eabi/lib/armv7-m\libc.a(lib_a-ctype_.o)
                0x00008218                _ctype_
                0x0000831c                . = ALIGN (0x4)
 *fill*         0x00008319        0x3 ff
                0x0000831c                . = ALIGN (0x4)
 *(.init)
 .init          0x0000831c        0x4 c:/bin/mcuxpressoide_10.0.2_411/ide/tools/bin/../lib/gcc/arm-none-eabi/5.4.1/armv7-m\crti.o
                0x0000831c                _init
 .init          0x00008320        0x8 c:/bin/mcuxpressoide_10.0.2_411/ide/tools/bin/../lib/gcc/arm-none-eabi/5.4.1/armv7-m\crtn.o
                0x00008328                . = ALIGN (0x4)
                0x00008328                __preinit_array_start = .
 *(.preinit_array)
                0x00008328                __preinit_array_end = .
                0x00008328                . = ALIGN (0x4)
                0x00008328                __init_array_start = .
 *(SORT(.init_array.*))
 *(.init_array)
 .init_array    0x00008328        0x4 c:/bin/mcuxpressoide_10.0.2_411/ide/tools/bin/../lib/gcc/arm-none-eabi/5.4.1/armv7-m\crtbegin.o
                0x0000832c                __init_array_end = .
 *(.fini)
 .fini          0x0000832c        0x4 c:/bin/mcuxpressoide_10.0.2_411/ide/tools/bin/../lib/gcc/arm-none-eabi/5.4.1/armv7-m\crti.o
                0x0000832c                _fini
 .fini          0x00008330        0x8 c:/bin/mcuxpressoide_10.0.2_411/ide/tools/bin/../lib/gcc/arm-none-eabi/5.4.1/armv7-m\crtn.o
                0x00008338                . = ALIGN (0x4)
 *crtbegin.o(.ctors)
 *(EXCLUDE_FILE(*crtend.o) .ctors)
 *(SORT(.ctors.*))
 *crtend.o(.ctors)
                0x00008338                . = ALIGN (0x4)
 *crtbegin.o(.dtors)
 *(EXCLUDE_FILE(*crtend.o) .dtors)
 *(SORT(.dtors.*))
 *crtend.o(.dtors)
                0x00008338                . = ALIGN (0x4)

.glue_7         0x00008338        0x0
 .glue_7        0x00008338        0x0 linker stubs

.glue_7t        0x00008338        0x0
 .glue_7t       0x00008338        0x0 linker stubs

.vfp11_veneer   0x00008338        0x0
 .vfp11_veneer  0x00008338        0x0 linker stubs

.v4_bx          0x00008338        0x0
 .v4_bx         0x00008338        0x0 linker stubs

.iplt           0x00008338        0x0
 .iplt          0x00008338        0x0 ./src/Fmutex.o

.ARM.extab
 *(.ARM.extab* .gnu.linkonce.armextab.*)
                0x00008338                __exidx_start = .

.ARM.exidx      0x00008338        0x8
 *(.ARM.exidx* .gnu.linkonce.armexidx.*)
 .ARM.exidx     0x00008338        0x8 c:/bin/mcuxpressoide_10.0.2_411/ide/tools/bin/../lib/gcc/arm-none-eabi/5.4.1/armv7-m\libgcc.a(_udivmoddi4.o)
                0x00008340                __exidx_end = .
                0x00008340                _etext = .

.rel.dyn        0x00008340        0x0
 .rel.iplt      0x00008340        0x0 ./src/Fmutex.o

.eh_frame       0x00008340        0x0
 .eh_frame      0x00008340        0x0 c:/bin/mcuxpressoide_10.0.2_411/ide/tools/bin/../lib/gcc/arm-none-eabi/5.4.1/armv7-m\crtbegin.o

.data_RAM2      0x02004000        0x0 load address 0x00008340
 FILL mask 0xff
                [!provide]                PROVIDE (__start_data_RAM2, .)
 *(.ramfunc.$RAM2)
 *(.ramfunc.$Ram1_16)
 *(.data.$RAM2*)
 *(.data.$Ram1_16*)
                0x02004000                . = ALIGN (0x4)
                [!provide]                PROVIDE (__end_data_RAM2, .)

.data_RAM3      0x02008000        0x0 load address 0x00008340
 FILL mask 0xff
                [!provide]                PROVIDE (__start_data_RAM3, .)
 *(.ramfunc.$RAM3)
 *(.ramfunc.$Ram2_4)
 *(.data.$RAM3*)
 *(.data.$Ram2_4*)
                0x02008000                . = ALIGN (0x4)
                [!provide]                PROVIDE (__end_data_RAM3, .)

.uninit_RESERVED
                0x02000000        0x0
 *(.bss.$RESERVED*)
                0x02000000                . = ALIGN (0x4)
                0x02000000                _end_uninit_RESERVED = .

.data           0x02000000      0xa00 load address 0x00008340
 FILL mask 0xff
                0x02000000                _data = .
 *(vtable)
 *(.ramfunc*)
 *(.data*)
 .data.USB_FsConfigDescriptor
                0x02000000       0x4c ./src/cdc_desc.o
                0x02000000                USB_FsConfigDescriptor
 .data.xNextTaskUnblockTime
                0x0200004c        0x4 C:\Users\krl\Documents\MCUXpressoIDE_10.0.2_411\workspace\freertos\Debug\libfreertos.a(tasks.o)
 .data.uxCriticalNesting
                0x02000050        0x4 C:\Users\krl\Documents\MCUXpressoIDE_10.0.2_411\workspace\freertos\Debug\libfreertos.a(port.o)
 *fill*         0x02000054        0x4 ff
 .data.impure_data
                0x02000058      0x428 c:/bin/mcuxpressoide_10.0.2_411/ide/tools/bin/../lib/gcc/arm-none-eabi/5.4.1/../../../../arm-none-eabi/lib/armv7-m\libc.a(lib_a-impure.o)
 .data._impure_ptr
                0x02000480        0x4 c:/bin/mcuxpressoide_10.0.2_411/ide/tools/bin/../lib/gcc/arm-none-eabi/5.4.1/../../../../arm-none-eabi/lib/armv7-m\libc.a(lib_a-impure.o)
                0x02000480                _impure_ptr
 .data.__malloc_av_
                0x02000484      0x408 c:/bin/mcuxpressoide_10.0.2_411/ide/tools/bin/../lib/gcc/arm-none-eabi/5.4.1/../../../../arm-none-eabi/lib/armv7-m\libc.a(lib_a-mallocr.o)
                0x02000484                __malloc_av_
 .data.__malloc_trim_threshold
                0x0200088c        0x4 c:/bin/mcuxpressoide_10.0.2_411/ide/tools/bin/../lib/gcc/arm-none-eabi/5.4.1/../../../../arm-none-eabi/lib/armv7-m\libc.a(lib_a-mallocr.o)
                0x0200088c                __malloc_trim_threshold
 .data.__malloc_sbrk_base
                0x02000890        0x4 c:/bin/mcuxpressoide_10.0.2_411/ide/tools/bin/../lib/gcc/arm-none-eabi/5.4.1/../../../../arm-none-eabi/lib/armv7-m\libc.a(lib_a-mallocr.o)
                0x02000890                __malloc_sbrk_base
 .data.__global_locale
                0x02000894      0x16c c:/bin/mcuxpressoide_10.0.2_411/ide/tools/bin/../lib/gcc/arm-none-eabi/5.4.1/../../../../arm-none-eabi/lib/armv7-m\libc.a(lib_a-locale.o)
                0x02000894                __global_locale
                0x02000a00                . = ALIGN (0x4)
                0x02000a00                _edata = .

.igot.plt       0x02000a00        0x0 load address 0x00008d40
 .igot.plt      0x02000a00        0x0 ./src/Fmutex.o

.jcr            0x02000a00        0x0 load address 0x00008d40
 .jcr           0x02000a00        0x0 c:/bin/mcuxpressoide_10.0.2_411/ide/tools/bin/../lib/gcc/arm-none-eabi/5.4.1/armv7-m\crtbegin.o

.bss_RAM2       0x02004000        0x0
                [!provide]                PROVIDE (__start_bss_RAM2, .)
 *(.bss.$RAM2*)
 *(.bss.$Ram1_16*)
                0x02004000                . = ALIGN ((. != 0x0)?0x4:0x1)
                [!provide]                PROVIDE (__end_bss_RAM2, .)

.bss_RAM3       0x02008000        0x0
                [!provide]                PROVIDE (__start_bss_RAM3, .)
 *(.bss.$RAM3*)
 *(.bss.$Ram2_4*)
                0x02008000                . = ALIGN ((. != 0x0)?0x4:0x1)
                [!provide]                PROVIDE (__end_bss_RAM3, .)

.bss            0x02000a00      0x620
                0x02000a00                _bss = .
 *(.bss*)
 .bss.g_hUsb    0x02000a00        0x4 ./src/cdc_main.o
 .bss.g_rxBuff  0x02000a04      0x400 ./src/cdc_main.o
 .bss.g_pUsbApi
                0x02000e04        0x4 ./src/cdc_main.o
                0x02000e04                g_pUsbApi
 .bss.xCDCEventSemaphore
                0x02000e08        0x4 ./src/cdc_main.o
 .bss.SendMutex
                0x02000e0c        0x4 ./src/cdc_main.o
 .bss.SendComplete
                0x02000e10        0x4 ./src/cdc_main.o
 .bss.SendQueue
                0x02000e14        0x4 ./src/cdc_main.o
 .bss.AllocQueue
                0x02000e18        0x4 ./src/cdc_main.o
 .bss.ReceiveQueue
                0x02000e1c        0x4 ./src/cdc_main.o
 .bss.g_vCOM    0x02000e20       0x14 ./src/cdc_vcom.o
                0x02000e20                g_vCOM
 .bss.xQueueRegistry
                0x02000e34       0x50 C:\Users\krl\Documents\MCUXpressoIDE_10.0.2_411\workspace\freertos\Debug\libfreertos.a(queue.o)
                0x02000e34                xQueueRegistry
 .bss.pxCurrentTCB
                0x02000e84        0x4 C:\Users\krl\Documents\MCUXpressoIDE_10.0.2_411\workspace\freertos\Debug\libfreertos.a(tasks.o)
                0x02000e84                pxCurrentTCB
 .bss.pxReadyTasksLists
                0x02000e88       0xa0 C:\Users\krl\Documents\MCUXpressoIDE_10.0.2_411\workspace\freertos\Debug\libfreertos.a(tasks.o)
 .bss.xDelayedTaskList1
                0x02000f28       0x14 C:\Users\krl\Documents\MCUXpressoIDE_10.0.2_411\workspace\freertos\Debug\libfreertos.a(tasks.o)
 .bss.xDelayedTaskList2
                0x02000f3c       0x14 C:\Users\krl\Documents\MCUXpressoIDE_10.0.2_411\workspace\freertos\Debug\libfreertos.a(tasks.o)
 .bss.pxDelayedTaskList
                0x02000f50        0x4 C:\Users\krl\Documents\MCUXpressoIDE_10.0.2_411\workspace\freertos\Debug\libfreertos.a(tasks.o)
 .bss.pxOverflowDelayedTaskList
                0x02000f54        0x4 C:\Users\krl\Documents\MCUXpressoIDE_10.0.2_411\workspace\freertos\Debug\libfreertos.a(tasks.o)
 .bss.xPendingReadyList
                0x02000f58       0x14 C:\Users\krl\Documents\MCUXpressoIDE_10.0.2_411\workspace\freertos\Debug\libfreertos.a(tasks.o)
 .bss.xTasksWaitingTermination
                0x02000f6c       0x14 C:\Users\krl\Documents\MCUXpressoIDE_10.0.2_411\workspace\freertos\Debug\libfreertos.a(tasks.o)
 .bss.uxTasksDeleted
                0x02000f80        0x4 C:\Users\krl\Documents\MCUXpressoIDE_10.0.2_411\workspace\freertos\Debug\libfreertos.a(tasks.o)
 .bss.xSuspendedTaskList
                0x02000f84       0x14 C:\Users\krl\Documents\MCUXpressoIDE_10.0.2_411\workspace\freertos\Debug\libfreertos.a(tasks.o)
 .bss.uxCurrentNumberOfTasks
                0x02000f98        0x4 C:\Users\krl\Documents\MCUXpressoIDE_10.0.2_411\workspace\freertos\Debug\libfreertos.a(tasks.o)
 .bss.xTickCount
                0x02000f9c        0x4 C:\Users\krl\Documents\MCUXpressoIDE_10.0.2_411\workspace\freertos\Debug\libfreertos.a(tasks.o)
 .bss.uxTopReadyPriority
                0x02000fa0        0x4 C:\Users\krl\Documents\MCUXpressoIDE_10.0.2_411\workspace\freertos\Debug\libfreertos.a(tasks.o)
 .bss.xSchedulerRunning
                0x02000fa4        0x4 C:\Users\krl\Documents\MCUXpressoIDE_10.0.2_411\workspace\freertos\Debug\libfreertos.a(tasks.o)
 .bss.uxPendedTicks
                0x02000fa8        0x4 C:\Users\krl\Documents\MCUXpressoIDE_10.0.2_411\workspace\freertos\Debug\libfreertos.a(tasks.o)
 .bss.xYieldPending
                0x02000fac        0x4 C:\Users\krl\Documents\MCUXpressoIDE_10.0.2_411\workspace\freertos\Debug\libfreertos.a(tasks.o)
 .bss.xNumOfOverflows
                0x02000fb0        0x4 C:\Users\krl\Documents\MCUXpressoIDE_10.0.2_411\workspace\freertos\Debug\libfreertos.a(tasks.o)
 .bss.uxTaskNumber
                0x02000fb4        0x4 C:\Users\krl\Documents\MCUXpressoIDE_10.0.2_411\workspace\freertos\Debug\libfreertos.a(tasks.o)
 .bss.uxSchedulerSuspended
                0x02000fb8        0x4 C:\Users\krl\Documents\MCUXpressoIDE_10.0.2_411\workspace\freertos\Debug\libfreertos.a(tasks.o)
 .bss.ulTaskSwitchedInTime
                0x02000fbc        0x4 C:\Users\krl\Documents\MCUXpressoIDE_10.0.2_411\workspace\freertos\Debug\libfreertos.a(tasks.o)
 .bss.ulTotalRunTime
                0x02000fc0        0x4 C:\Users\krl\Documents\MCUXpressoIDE_10.0.2_411\workspace\freertos\Debug\libfreertos.a(tasks.o)
 .bss.__malloc_max_total_mem
                0x02000fc4        0x4 c:/bin/mcuxpressoide_10.0.2_411/ide/tools/bin/../lib/gcc/arm-none-eabi/5.4.1/../../../../arm-none-eabi/lib/armv7-m\libc.a(lib_a-mallocr.o)
                0x02000fc4                __malloc_max_total_mem
 .bss.__malloc_max_sbrked_mem
                0x02000fc8        0x4 c:/bin/mcuxpressoide_10.0.2_411/ide/tools/bin/../lib/gcc/arm-none-eabi/5.4.1/../../../../arm-none-eabi/lib/armv7-m\libc.a(lib_a-mallocr.o)
                0x02000fc8                __malloc_max_sbrked_mem
 .bss.__malloc_top_pad
                0x02000fcc        0x4 c:/bin/mcuxpressoide_10.0.2_411/ide/tools/bin/../lib/gcc/arm-none-eabi/5.4.1/../../../../arm-none-eabi/lib/armv7-m\libc.a(lib_a-mallocr.o)
                0x02000fcc                __malloc_top_pad
 .bss.__malloc_current_mallinfo
                0x02000fd0       0x28 c:/bin/mcuxpressoide_10.0.2_411/ide/tools/bin/../lib/gcc/arm-none-eabi/5.4.1/../../../../arm-none-eabi/lib/armv7-m\libc.a(lib_a-mallocr.o)
                0x02000fd0                __malloc_current_mallinfo
 .bss.__end_of_heap
                0x02000ff8        0x4 c:/bin/mcuxpressoide_10.0.2_411/ide/tools/bin/../lib/gcc/arm-none-eabi/5.4.1/../../../../arm-none-eabi/lib/armv7-m\libcr_newlib_nohost.a(_cr_sbrk.o)
                0x02000ff8                __end_of_heap
 .bss           0x02000ffc       0x1c c:/bin/mcuxpressoide_10.0.2_411/ide/tools/bin/../lib/gcc/arm-none-eabi/5.4.1/armv7-m\crtbegin.o
 *(COMMON)
 COMMON         0x02001018        0x4 C:\Users\krl\Documents\MCUXpressoIDE_10.0.2_411\workspace\lpc_chip_15xx\Debug\liblpc_chip_15xx.a(chip_15xx.o)
                0x02001018                SystemCoreClock
 COMMON         0x0200101c        0x4 c:/bin/mcuxpressoide_10.0.2_411/ide/tools/bin/../lib/gcc/arm-none-eabi/5.4.1/../../../../arm-none-eabi/lib/armv7-m\libc.a(lib_a-reent.o)
                0x0200101c                errno
                0x02001020                . = ALIGN (0x4)
                0x02001020                _ebss = .
                [!provide]                PROVIDE (end, .)

.noinit_RAM2    0x02004000        0x0
 *(.noinit.$RAM2*)
 *(.noinit.$Ram1_16*)
                0x02004000                . = ALIGN (0x4)

.noinit_RAM3    0x02008000        0x0
 *(.noinit.$RAM3*)
 *(.noinit.$Ram2_4*)
                0x02008000                . = ALIGN (0x4)

.noinit         0x02001020        0x0
                0x02001020                _noinit = .
 *(.noinit*)
                0x02001020                . = ALIGN (0x4)
                0x02001020                _end_noinit = .
                0x02001020                PROVIDE (_pvHeapStart, DEFINED (__user_heap_base)?__user_heap_base:.)
                0x02004000                PROVIDE (_vStackTop, DEFINED (__user_stack_top)?__user_stack_top:(__top_Ram0_16 - 0x0))
                0xfdffb2b6                PROVIDE (__valid_user_code_checksum, (0x0 - ((((((_vStackTop + (ResetISR + 0x1)) + (NMI_Handler + 0x1)) + (HardFault_Handler + 0x1)) + (DEFINED (MemManage_Handler)?MemManage_Handler:0x0 + 0x1)) + (DEFINED (BusFault_Handler)?BusFault_Handler:0x0 + 0x1)) + (DEFINED (UsageFault_Handler)?UsageFault_Handler:0x0 + 0x1))))
OUTPUT(usb_cdc.axf elf32-littlearm)

.debug_info     0x00000000    0x13369
 .debug_info    0x00000000      0x34e ./src/ITM_write.o
 .debug_info    0x0000034e       0xfe ./src/cdc_desc.o
 .debug_info    0x0000044c     0x3016 ./src/cdc_main.o
 .debug_info    0x00003462     0x1da1 ./src/cdc_vcom.o
 .debug_info    0x00005203      0x281 ./src/cr_startup_lpc15xx.o
 .debug_info    0x00005484       0xee ./src/sysinit.o
 .debug_info    0x00005572     0x46bc ./src/usb_cdc.o
 .debug_info    0x00009c2e      0xcb2 C:\Users\krl\Documents\MCUXpressoIDE_10.0.2_411\workspace\freertos\Debug\libfreertos.a(queue.o)
 .debug_info    0x0000a8e0     0x2181 C:\Users\krl\Documents\MCUXpressoIDE_10.0.2_411\workspace\freertos\Debug\libfreertos.a(tasks.o)
 .debug_info    0x0000ca61      0x1ae C:\Users\krl\Documents\MCUXpressoIDE_10.0.2_411\workspace\freertos\Debug\libfreertos.a(FreeRTOSCommonHooks.o)
 .debug_info    0x0000cc0f      0x143 C:\Users\krl\Documents\MCUXpressoIDE_10.0.2_411\workspace\freertos\Debug\libfreertos.a(heap_3.o)
 .debug_info    0x0000cd52      0x2ee C:\Users\krl\Documents\MCUXpressoIDE_10.0.2_411\workspace\freertos\Debug\libfreertos.a(list.o)
 .debug_info    0x0000d040      0x38e C:\Users\krl\Documents\MCUXpressoIDE_10.0.2_411\workspace\freertos\Debug\libfreertos.a(port.o)
 .debug_info    0x0000d3ce      0xb0d C:\Users\krl\Documents\MCUXpressoIDE_10.0.2_411\workspace\lpc_board_nxp_lpcxpresso_1549\Debug\liblpc_board_nxp_lpcxpresso_1549.a(board.o)
 .debug_info    0x0000dedb      0xcbc C:\Users\krl\Documents\MCUXpressoIDE_10.0.2_411\workspace\lpc_board_nxp_lpcxpresso_1549\Debug\liblpc_board_nxp_lpcxpresso_1549.a(board_sysinit.o)
 .debug_info    0x0000eb97      0x98d C:\Users\krl\Documents\MCUXpressoIDE_10.0.2_411\workspace\lpc_chip_15xx\Debug\liblpc_chip_15xx.a(chip_15xx.o)
 .debug_info    0x0000f524      0xd3e C:\Users\krl\Documents\MCUXpressoIDE_10.0.2_411\workspace\lpc_chip_15xx\Debug\liblpc_chip_15xx.a(clock_15xx.o)
 .debug_info    0x00010262      0x624 C:\Users\krl\Documents\MCUXpressoIDE_10.0.2_411\workspace\lpc_chip_15xx\Debug\liblpc_chip_15xx.a(gpio_15xx.o)
 .debug_info    0x00010886      0x1f9 C:\Users\krl\Documents\MCUXpressoIDE_10.0.2_411\workspace\lpc_chip_15xx\Debug\liblpc_chip_15xx.a(iocon_15xx.o)
 .debug_info    0x00010a7f      0xa2c C:\Users\krl\Documents\MCUXpressoIDE_10.0.2_411\workspace\lpc_chip_15xx\Debug\liblpc_chip_15xx.a(sct_15xx.o)
 .debug_info    0x000114ab      0x5ea C:\Users\krl\Documents\MCUXpressoIDE_10.0.2_411\workspace\lpc_chip_15xx\Debug\liblpc_chip_15xx.a(swm_15xx.o)
 .debug_info    0x00011a95      0x74c C:\Users\krl\Documents\MCUXpressoIDE_10.0.2_411\workspace\lpc_chip_15xx\Debug\liblpc_chip_15xx.a(sysctl_15xx.o)
 .debug_info    0x000121e1      0x727 C:\Users\krl\Documents\MCUXpressoIDE_10.0.2_411\workspace\lpc_chip_15xx\Debug\liblpc_chip_15xx.a(sysinit_15xx.o)
 .debug_info    0x00012908      0x8d3 C:\Users\krl\Documents\MCUXpressoIDE_10.0.2_411\workspace\lpc_chip_15xx\Debug\liblpc_chip_15xx.a(uart_15xx.o)
 .debug_info    0x000131db      0x124 c:/bin/mcuxpressoide_10.0.2_411/ide/tools/bin/../lib/gcc/arm-none-eabi/5.4.1/../../../../arm-none-eabi/lib/armv7-m\libcr_newlib_nohost.a(_cr_sbrk.o)
 .debug_info    0x000132ff       0x6a c:/bin/mcuxpressoide_10.0.2_411/ide/tools/bin/../lib/gcc/arm-none-eabi/5.4.1/../../../../arm-none-eabi/lib/armv7-m\libcr_newlib_nohost.a(_cr_check_heap.o)

.debug_abbrev   0x00000000     0x2d16
 .debug_abbrev  0x00000000      0x106 ./src/ITM_write.o
 .debug_abbrev  0x00000106       0x60 ./src/cdc_desc.o
 .debug_abbrev  0x00000166      0x2b9 ./src/cdc_main.o
 .debug_abbrev  0x0000041f      0x29b ./src/cdc_vcom.o
 .debug_abbrev  0x000006ba       0xe7 ./src/cr_startup_lpc15xx.o
 .debug_abbrev  0x000007a1       0x82 ./src/sysinit.o
 .debug_abbrev  0x00000823      0x6b5 ./src/usb_cdc.o
 .debug_abbrev  0x00000ed8      0x1f7 C:\Users\krl\Documents\MCUXpressoIDE_10.0.2_411\workspace\freertos\Debug\libfreertos.a(queue.o)
 .debug_abbrev  0x000010cf      0x384 C:\Users\krl\Documents\MCUXpressoIDE_10.0.2_411\workspace\freertos\Debug\libfreertos.a(tasks.o)
 .debug_abbrev  0x00001453      0x129 C:\Users\krl\Documents\MCUXpressoIDE_10.0.2_411\workspace\freertos\Debug\libfreertos.a(FreeRTOSCommonHooks.o)
 .debug_abbrev  0x0000157c       0xd4 C:\Users\krl\Documents\MCUXpressoIDE_10.0.2_411\workspace\freertos\Debug\libfreertos.a(heap_3.o)
 .debug_abbrev  0x00001650       0xec C:\Users\krl\Documents\MCUXpressoIDE_10.0.2_411\workspace\freertos\Debug\libfreertos.a(list.o)
 .debug_abbrev  0x0000173c      0x1ad C:\Users\krl\Documents\MCUXpressoIDE_10.0.2_411\workspace\freertos\Debug\libfreertos.a(port.o)
 .debug_abbrev  0x000018e9      0x240 C:\Users\krl\Documents\MCUXpressoIDE_10.0.2_411\workspace\lpc_board_nxp_lpcxpresso_1549\Debug\liblpc_board_nxp_lpcxpresso_1549.a(board.o)
 .debug_abbrev  0x00001b29      0x208 C:\Users\krl\Documents\MCUXpressoIDE_10.0.2_411\workspace\lpc_board_nxp_lpcxpresso_1549\Debug\liblpc_board_nxp_lpcxpresso_1549.a(board_sysinit.o)
 .debug_abbrev  0x00001d31      0x1b3 C:\Users\krl\Documents\MCUXpressoIDE_10.0.2_411\workspace\lpc_chip_15xx\Debug\liblpc_chip_15xx.a(chip_15xx.o)
 .debug_abbrev  0x00001ee4      0x285 C:\Users\krl\Documents\MCUXpressoIDE_10.0.2_411\workspace\lpc_chip_15xx\Debug\liblpc_chip_15xx.a(clock_15xx.o)
 .debug_abbrev  0x00002169      0x16a C:\Users\krl\Documents\MCUXpressoIDE_10.0.2_411\workspace\lpc_chip_15xx\Debug\liblpc_chip_15xx.a(gpio_15xx.o)
 .debug_abbrev  0x000022d3      0x137 C:\Users\krl\Documents\MCUXpressoIDE_10.0.2_411\workspace\lpc_chip_15xx\Debug\liblpc_chip_15xx.a(iocon_15xx.o)
 .debug_abbrev  0x0000240a      0x200 C:\Users\krl\Documents\MCUXpressoIDE_10.0.2_411\workspace\lpc_chip_15xx\Debug\liblpc_chip_15xx.a(sct_15xx.o)
 .debug_abbrev  0x0000260a      0x13e C:\Users\krl\Documents\MCUXpressoIDE_10.0.2_411\workspace\lpc_chip_15xx\Debug\liblpc_chip_15xx.a(swm_15xx.o)
 .debug_abbrev  0x00002748      0x12b C:\Users\krl\Documents\MCUXpressoIDE_10.0.2_411\workspace\lpc_chip_15xx\Debug\liblpc_chip_15xx.a(sysctl_15xx.o)
 .debug_abbrev  0x00002873      0x18c C:\Users\krl\Documents\MCUXpressoIDE_10.0.2_411\workspace\lpc_chip_15xx\Debug\liblpc_chip_15xx.a(sysinit_15xx.o)
 .debug_abbrev  0x000029ff      0x1e6 C:\Users\krl\Documents\MCUXpressoIDE_10.0.2_411\workspace\lpc_chip_15xx\Debug\liblpc_chip_15xx.a(uart_15xx.o)
 .debug_abbrev  0x00002be5       0xcf c:/bin/mcuxpressoide_10.0.2_411/ide/tools/bin/../lib/gcc/arm-none-eabi/5.4.1/../../../../arm-none-eabi/lib/armv7-m\libcr_newlib_nohost.a(_cr_sbrk.o)
 .debug_abbrev  0x00002cb4       0x62 c:/bin/mcuxpressoide_10.0.2_411/ide/tools/bin/../lib/gcc/arm-none-eabi/5.4.1/../../../../arm-none-eabi/lib/armv7-m\libcr_newlib_nohost.a(_cr_check_heap.o)

.debug_aranges  0x00000000      0xb08
 .debug_aranges
                0x00000000       0x30 ./src/ITM_write.o
 .debug_aranges
                0x00000030       0x18 ./src/cdc_desc.o
 .debug_aranges
                0x00000048       0x50 ./src/cdc_main.o
 .debug_aranges
                0x00000098       0x68 ./src/cdc_vcom.o
 .debug_aranges
                0x00000100       0x80 ./src/cr_startup_lpc15xx.o
 .debug_aranges
                0x00000180       0x20 ./src/sysinit.o
 .debug_aranges
                0x000001a0       0x48 ./src/usb_cdc.o
 .debug_aranges
                0x000001e8       0xf0 C:\Users\krl\Documents\MCUXpressoIDE_10.0.2_411\workspace\freertos\Debug\libfreertos.a(queue.o)
 .debug_aranges
                0x000002d8      0x180 C:\Users\krl\Documents\MCUXpressoIDE_10.0.2_411\workspace\freertos\Debug\libfreertos.a(tasks.o)
 .debug_aranges
                0x00000458       0x40 C:\Users\krl\Documents\MCUXpressoIDE_10.0.2_411\workspace\freertos\Debug\libfreertos.a(FreeRTOSCommonHooks.o)
 .debug_aranges
                0x00000498       0x28 C:\Users\krl\Documents\MCUXpressoIDE_10.0.2_411\workspace\freertos\Debug\libfreertos.a(heap_3.o)
 .debug_aranges
                0x000004c0       0x40 C:\Users\krl\Documents\MCUXpressoIDE_10.0.2_411\workspace\freertos\Debug\libfreertos.a(list.o)
 .debug_aranges
                0x00000500       0x88 C:\Users\krl\Documents\MCUXpressoIDE_10.0.2_411\workspace\freertos\Debug\libfreertos.a(port.o)
 .debug_aranges
                0x00000588       0xd0 C:\Users\krl\Documents\MCUXpressoIDE_10.0.2_411\workspace\lpc_board_nxp_lpcxpresso_1549\Debug\liblpc_board_nxp_lpcxpresso_1549.a(board.o)
 .debug_aranges
                0x00000658       0x60 C:\Users\krl\Documents\MCUXpressoIDE_10.0.2_411\workspace\lpc_board_nxp_lpcxpresso_1549\Debug\liblpc_board_nxp_lpcxpresso_1549.a(board_sysinit.o)
 .debug_aranges
                0x000006b8       0x50 C:\Users\krl\Documents\MCUXpressoIDE_10.0.2_411\workspace\lpc_chip_15xx\Debug\liblpc_chip_15xx.a(chip_15xx.o)
 .debug_aranges
                0x00000708      0x128 C:\Users\krl\Documents\MCUXpressoIDE_10.0.2_411\workspace\lpc_chip_15xx\Debug\liblpc_chip_15xx.a(clock_15xx.o)
 .debug_aranges
                0x00000830       0x70 C:\Users\krl\Documents\MCUXpressoIDE_10.0.2_411\workspace\lpc_chip_15xx\Debug\liblpc_chip_15xx.a(gpio_15xx.o)
 .debug_aranges
                0x000008a0       0x28 C:\Users\krl\Documents\MCUXpressoIDE_10.0.2_411\workspace\lpc_chip_15xx\Debug\liblpc_chip_15xx.a(iocon_15xx.o)
 .debug_aranges
                0x000008c8       0x50 C:\Users\krl\Documents\MCUXpressoIDE_10.0.2_411\workspace\lpc_chip_15xx\Debug\liblpc_chip_15xx.a(sct_15xx.o)
 .debug_aranges
                0x00000918       0x40 C:\Users\krl\Documents\MCUXpressoIDE_10.0.2_411\workspace\lpc_chip_15xx\Debug\liblpc_chip_15xx.a(swm_15xx.o)
 .debug_aranges
                0x00000958       0x50 C:\Users\krl\Documents\MCUXpressoIDE_10.0.2_411\workspace\lpc_chip_15xx\Debug\liblpc_chip_15xx.a(sysctl_15xx.o)
 .debug_aranges
                0x000009a8       0x58 C:\Users\krl\Documents\MCUXpressoIDE_10.0.2_411\workspace\lpc_chip_15xx\Debug\liblpc_chip_15xx.a(sysinit_15xx.o)
 .debug_aranges
                0x00000a00       0xc8 C:\Users\krl\Documents\MCUXpressoIDE_10.0.2_411\workspace\lpc_chip_15xx\Debug\liblpc_chip_15xx.a(uart_15xx.o)
 .debug_aranges
                0x00000ac8       0x20 c:/bin/mcuxpressoide_10.0.2_411/ide/tools/bin/../lib/gcc/arm-none-eabi/5.4.1/../../../../arm-none-eabi/lib/armv7-m\libcr_newlib_nohost.a(_cr_sbrk.o)
 .debug_aranges
                0x00000ae8       0x20 c:/bin/mcuxpressoide_10.0.2_411/ide/tools/bin/../lib/gcc/arm-none-eabi/5.4.1/../../../../arm-none-eabi/lib/armv7-m\libcr_newlib_nohost.a(_cr_check_heap.o)

.debug_ranges   0x00000000      0x978
 .debug_ranges  0x00000000       0x20 ./src/ITM_write.o
 .debug_ranges  0x00000020       0x40 ./src/cdc_main.o
 .debug_ranges  0x00000060       0x58 ./src/cdc_vcom.o
 .debug_ranges  0x000000b8       0x70 ./src/cr_startup_lpc15xx.o
 .debug_ranges  0x00000128       0x10 ./src/sysinit.o
 .debug_ranges  0x00000138       0x38 ./src/usb_cdc.o
 .debug_ranges  0x00000170       0xe0 C:\Users\krl\Documents\MCUXpressoIDE_10.0.2_411\workspace\freertos\Debug\libfreertos.a(queue.o)
 .debug_ranges  0x00000250      0x170 C:\Users\krl\Documents\MCUXpressoIDE_10.0.2_411\workspace\freertos\Debug\libfreertos.a(tasks.o)
 .debug_ranges  0x000003c0       0x30 C:\Users\krl\Documents\MCUXpressoIDE_10.0.2_411\workspace\freertos\Debug\libfreertos.a(FreeRTOSCommonHooks.o)
 .debug_ranges  0x000003f0       0x18 C:\Users\krl\Documents\MCUXpressoIDE_10.0.2_411\workspace\freertos\Debug\libfreertos.a(heap_3.o)
 .debug_ranges  0x00000408       0x30 C:\Users\krl\Documents\MCUXpressoIDE_10.0.2_411\workspace\freertos\Debug\libfreertos.a(list.o)
 .debug_ranges  0x00000438       0x78 C:\Users\krl\Documents\MCUXpressoIDE_10.0.2_411\workspace\freertos\Debug\libfreertos.a(port.o)
 .debug_ranges  0x000004b0       0xd8 C:\Users\krl\Documents\MCUXpressoIDE_10.0.2_411\workspace\lpc_board_nxp_lpcxpresso_1549\Debug\liblpc_board_nxp_lpcxpresso_1549.a(board.o)
 .debug_ranges  0x00000588       0x50 C:\Users\krl\Documents\MCUXpressoIDE_10.0.2_411\workspace\lpc_board_nxp_lpcxpresso_1549\Debug\liblpc_board_nxp_lpcxpresso_1549.a(board_sysinit.o)
 .debug_ranges  0x000005d8       0x40 C:\Users\krl\Documents\MCUXpressoIDE_10.0.2_411\workspace\lpc_chip_15xx\Debug\liblpc_chip_15xx.a(chip_15xx.o)
 .debug_ranges  0x00000618      0x118 C:\Users\krl\Documents\MCUXpressoIDE_10.0.2_411\workspace\lpc_chip_15xx\Debug\liblpc_chip_15xx.a(clock_15xx.o)
 .debug_ranges  0x00000730       0x60 C:\Users\krl\Documents\MCUXpressoIDE_10.0.2_411\workspace\lpc_chip_15xx\Debug\liblpc_chip_15xx.a(gpio_15xx.o)
 .debug_ranges  0x00000790       0x18 C:\Users\krl\Documents\MCUXpressoIDE_10.0.2_411\workspace\lpc_chip_15xx\Debug\liblpc_chip_15xx.a(iocon_15xx.o)
 .debug_ranges  0x000007a8       0x40 C:\Users\krl\Documents\MCUXpressoIDE_10.0.2_411\workspace\lpc_chip_15xx\Debug\liblpc_chip_15xx.a(sct_15xx.o)
 .debug_ranges  0x000007e8       0x30 C:\Users\krl\Documents\MCUXpressoIDE_10.0.2_411\workspace\lpc_chip_15xx\Debug\liblpc_chip_15xx.a(swm_15xx.o)
 .debug_ranges  0x00000818       0x40 C:\Users\krl\Documents\MCUXpressoIDE_10.0.2_411\workspace\lpc_chip_15xx\Debug\liblpc_chip_15xx.a(sysctl_15xx.o)
 .debug_ranges  0x00000858       0x48 C:\Users\krl\Documents\MCUXpressoIDE_10.0.2_411\workspace\lpc_chip_15xx\Debug\liblpc_chip_15xx.a(sysinit_15xx.o)
 .debug_ranges  0x000008a0       0xb8 C:\Users\krl\Documents\MCUXpressoIDE_10.0.2_411\workspace\lpc_chip_15xx\Debug\liblpc_chip_15xx.a(uart_15xx.o)
 .debug_ranges  0x00000958       0x10 c:/bin/mcuxpressoide_10.0.2_411/ide/tools/bin/../lib/gcc/arm-none-eabi/5.4.1/../../../../arm-none-eabi/lib/armv7-m\libcr_newlib_nohost.a(_cr_sbrk.o)
 .debug_ranges  0x00000968       0x10 c:/bin/mcuxpressoide_10.0.2_411/ide/tools/bin/../lib/gcc/arm-none-eabi/5.4.1/../../../../arm-none-eabi/lib/armv7-m\libcr_newlib_nohost.a(_cr_check_heap.o)

.debug_macro    0x00000000     0xb42e
 .debug_macro   0x00000000      0x2a0 ./src/ITM_write.o
 .debug_macro   0x000002a0      0x892 ./src/ITM_write.o
 .debug_macro   0x00000b32       0x87 ./src/ITM_write.o
 .debug_macro   0x00000bb9       0x22 ./src/ITM_write.o
 .debug_macro   0x00000bdb       0x7b ./src/ITM_write.o
 .debug_macro   0x00000c56      0xa7d ./src/ITM_write.o
 .debug_macro   0x000016d3       0x18 ./src/ITM_write.o
 .debug_macro   0x000016eb      0x11c ./src/cdc_desc.o
 .debug_macro   0x00001807      0x26c ./src/cdc_desc.o
 .debug_macro   0x00001a73       0x58 ./src/cdc_desc.o
 .debug_macro   0x00001acb       0x12 ./src/cdc_desc.o
 .debug_macro   0x00001add       0xfa ./src/cdc_desc.o
 .debug_macro   0x00001bd7       0xee ./src/cdc_desc.o
 .debug_macro   0x00001cc5      0x69a ./src/cdc_desc.o
 .debug_macro   0x0000235f      0x272 ./src/cdc_desc.o
 .debug_macro   0x000025d1       0x10 ./src/cdc_desc.o
 .debug_macro   0x000025e1      0x515 ./src/cdc_main.o
 .debug_macro   0x00002af6       0x9c ./src/cdc_main.o
 .debug_macro   0x00002b92       0x97 ./src/cdc_main.o
 .debug_macro   0x00002c29      0x30d ./src/cdc_main.o
 .debug_macro   0x00002f36       0xfd ./src/cdc_main.o
 .debug_macro   0x00003033       0x43 ./src/cdc_main.o
 .debug_macro   0x00003076       0x1c ./src/cdc_main.o
 .debug_macro   0x00003092       0x52 ./src/cdc_main.o
 .debug_macro   0x000030e4       0x40 ./src/cdc_main.o
 .debug_macro   0x00003124       0x10 ./src/cdc_main.o
 .debug_macro   0x00003134       0x40 ./src/cdc_main.o
 .debug_macro   0x00003174       0xd7 ./src/cdc_main.o
 .debug_macro   0x0000324b      0x18b ./src/cdc_main.o
 .debug_macro   0x000033d6       0x16 ./src/cdc_main.o
 .debug_macro   0x000033ec       0x35 ./src/cdc_main.o
 .debug_macro   0x00003421       0x2e ./src/cdc_main.o
 .debug_macro   0x0000344f      0x114 ./src/cdc_main.o
 .debug_macro   0x00003563      0x48f ./src/cdc_vcom.o
 .debug_macro   0x000039f2       0x4c ./src/cdc_vcom.o
 .debug_macro   0x00003a3e       0x8d ./src/cdc_vcom.o
 .debug_macro   0x00003acb      0x174 ./src/cdc_vcom.o
 .debug_macro   0x00003c3f       0x4a ./src/cdc_vcom.o
 .debug_macro   0x00003c89       0x10 ./src/cdc_vcom.o
 .debug_macro   0x00003c99       0x1c ./src/cdc_vcom.o
 .debug_macro   0x00003cb5       0x23 ./src/cr_startup_lpc15xx.o
 .debug_macro   0x00003cd8      0x3c5 ./src/sysinit.o
 .debug_macro   0x0000409d      0x7c2 ./src/usb_cdc.o
 .debug_macro   0x0000485f       0x97 ./src/usb_cdc.o
 .debug_macro   0x000048f6      0x104 ./src/usb_cdc.o
 .debug_macro   0x000049fa       0x82 ./src/usb_cdc.o
 .debug_macro   0x00004a7c       0x79 ./src/usb_cdc.o
 .debug_macro   0x00004af5       0x69 ./src/usb_cdc.o
 .debug_macro   0x00004b5e      0x136 ./src/usb_cdc.o
 .debug_macro   0x00004c94      0x353 ./src/usb_cdc.o
 .debug_macro   0x00004fe7       0x28 ./src/usb_cdc.o
 .debug_macro   0x0000500f       0x1f ./src/usb_cdc.o
 .debug_macro   0x0000502e       0x12 ./src/usb_cdc.o
 .debug_macro   0x00005040       0x46 ./src/usb_cdc.o
 .debug_macro   0x00005086       0x1c ./src/usb_cdc.o
 .debug_macro   0x000050a2       0x18 ./src/usb_cdc.o
 .debug_macro   0x000050ba       0x6e ./src/usb_cdc.o
 .debug_macro   0x00005128       0x82 ./src/usb_cdc.o
 .debug_macro   0x000051aa       0x12 ./src/usb_cdc.o
 .debug_macro   0x000051bc       0x12 ./src/usb_cdc.o
 .debug_macro   0x000051ce       0x22 ./src/usb_cdc.o
 .debug_macro   0x000051f0       0x3c ./src/usb_cdc.o
 .debug_macro   0x0000522c       0x2c ./src/usb_cdc.o
 .debug_macro   0x00005258      0x15e ./src/usb_cdc.o
 .debug_macro   0x000053b6       0x10 ./src/usb_cdc.o
 .debug_macro   0x000053c6       0x2e ./src/usb_cdc.o
 .debug_macro   0x000053f4       0x16 ./src/usb_cdc.o
 .debug_macro   0x0000540a       0x40 ./src/usb_cdc.o
 .debug_macro   0x0000544a       0x5e ./src/usb_cdc.o
 .debug_macro   0x000054a8       0x11 ./src/usb_cdc.o
 .debug_macro   0x000054b9       0x2f ./src/usb_cdc.o
 .debug_macro   0x000054e8       0x10 ./src/usb_cdc.o
 .debug_macro   0x000054f8       0x17 ./src/usb_cdc.o
 .debug_macro   0x0000550f       0x10 ./src/usb_cdc.o
 .debug_macro   0x0000551f       0xfc ./src/usb_cdc.o
 .debug_macro   0x0000561b       0x16 ./src/usb_cdc.o
 .debug_macro   0x00005631       0x10 ./src/usb_cdc.o
 .debug_macro   0x00005641       0x10 ./src/usb_cdc.o
 .debug_macro   0x00005651       0x2e ./src/usb_cdc.o
 .debug_macro   0x0000567f       0x40 ./src/usb_cdc.o
 .debug_macro   0x000056bf       0x10 ./src/usb_cdc.o
 .debug_macro   0x000056cf       0x20 ./src/usb_cdc.o
 .debug_macro   0x000056ef       0x10 ./src/usb_cdc.o
 .debug_macro   0x000056ff      0x241 ./src/usb_cdc.o
 .debug_macro   0x00005940      0x4c6 C:\Users\krl\Documents\MCUXpressoIDE_10.0.2_411\workspace\freertos\Debug\libfreertos.a(queue.o)
 .debug_macro   0x00005e06      0x89e C:\Users\krl\Documents\MCUXpressoIDE_10.0.2_411\workspace\freertos\Debug\libfreertos.a(queue.o)
 .debug_macro   0x000066a4      0x10e C:\Users\krl\Documents\MCUXpressoIDE_10.0.2_411\workspace\freertos\Debug\libfreertos.a(queue.o)
 .debug_macro   0x000067b2       0x8d C:\Users\krl\Documents\MCUXpressoIDE_10.0.2_411\workspace\freertos\Debug\libfreertos.a(queue.o)
 .debug_macro   0x0000683f       0x16 C:\Users\krl\Documents\MCUXpressoIDE_10.0.2_411\workspace\freertos\Debug\libfreertos.a(queue.o)
 .debug_macro   0x00006855       0x29 C:\Users\krl\Documents\MCUXpressoIDE_10.0.2_411\workspace\freertos\Debug\libfreertos.a(queue.o)
 .debug_macro   0x0000687e      0x513 C:\Users\krl\Documents\MCUXpressoIDE_10.0.2_411\workspace\freertos\Debug\libfreertos.a(tasks.o)
 .debug_macro   0x00006d91       0x91 C:\Users\krl\Documents\MCUXpressoIDE_10.0.2_411\workspace\freertos\Debug\libfreertos.a(tasks.o)
 .debug_macro   0x00006e22       0x17 C:\Users\krl\Documents\MCUXpressoIDE_10.0.2_411\workspace\freertos\Debug\libfreertos.a(tasks.o)
 .debug_macro   0x00006e39       0x16 C:\Users\krl\Documents\MCUXpressoIDE_10.0.2_411\workspace\freertos\Debug\libfreertos.a(tasks.o)
 .debug_macro   0x00006e4f      0x441 C:\Users\krl\Documents\MCUXpressoIDE_10.0.2_411\workspace\freertos\Debug\libfreertos.a(FreeRTOSCommonHooks.o)
 .debug_macro   0x00007290      0x465 C:\Users\krl\Documents\MCUXpressoIDE_10.0.2_411\workspace\freertos\Debug\libfreertos.a(heap_3.o)
 .debug_macro   0x000076f5      0x44a C:\Users\krl\Documents\MCUXpressoIDE_10.0.2_411\workspace\freertos\Debug\libfreertos.a(list.o)
 .debug_macro   0x00007b3f      0x4c8 C:\Users\krl\Documents\MCUXpressoIDE_10.0.2_411\workspace\freertos\Debug\libfreertos.a(port.o)
 .debug_macro   0x00008007      0x3db C:\Users\krl\Documents\MCUXpressoIDE_10.0.2_411\workspace\lpc_board_nxp_lpcxpresso_1549\Debug\liblpc_board_nxp_lpcxpresso_1549.a(board.o)
 .debug_macro   0x000083e2      0x88c C:\Users\krl\Documents\MCUXpressoIDE_10.0.2_411\workspace\lpc_board_nxp_lpcxpresso_1549\Debug\liblpc_board_nxp_lpcxpresso_1549.a(board.o)
 .debug_macro   0x00008c6e       0x12 C:\Users\krl\Documents\MCUXpressoIDE_10.0.2_411\workspace\lpc_board_nxp_lpcxpresso_1549\Debug\liblpc_board_nxp_lpcxpresso_1549.a(board.o)
 .debug_macro   0x00008c80      0x3f2 C:\Users\krl\Documents\MCUXpressoIDE_10.0.2_411\workspace\lpc_board_nxp_lpcxpresso_1549\Debug\liblpc_board_nxp_lpcxpresso_1549.a(board_sysinit.o)
 .debug_macro   0x00009072      0x239 C:\Users\krl\Documents\MCUXpressoIDE_10.0.2_411\workspace\lpc_chip_15xx\Debug\liblpc_chip_15xx.a(chip_15xx.o)
 .debug_macro   0x000092ab      0x886 C:\Users\krl\Documents\MCUXpressoIDE_10.0.2_411\workspace\lpc_chip_15xx\Debug\liblpc_chip_15xx.a(chip_15xx.o)
 .debug_macro   0x00009b31       0x10 C:\Users\krl\Documents\MCUXpressoIDE_10.0.2_411\workspace\lpc_chip_15xx\Debug\liblpc_chip_15xx.a(chip_15xx.o)
 .debug_macro   0x00009b41      0x12d C:\Users\krl\Documents\MCUXpressoIDE_10.0.2_411\workspace\lpc_chip_15xx\Debug\liblpc_chip_15xx.a(chip_15xx.o)
 .debug_macro   0x00009c6e      0x5b2 C:\Users\krl\Documents\MCUXpressoIDE_10.0.2_411\workspace\lpc_chip_15xx\Debug\liblpc_chip_15xx.a(chip_15xx.o)
 .debug_macro   0x0000a220       0x22 C:\Users\krl\Documents\MCUXpressoIDE_10.0.2_411\workspace\lpc_chip_15xx\Debug\liblpc_chip_15xx.a(chip_15xx.o)
 .debug_macro   0x0000a242      0x239 C:\Users\krl\Documents\MCUXpressoIDE_10.0.2_411\workspace\lpc_chip_15xx\Debug\liblpc_chip_15xx.a(clock_15xx.o)
 .debug_macro   0x0000a47b      0x239 C:\Users\krl\Documents\MCUXpressoIDE_10.0.2_411\workspace\lpc_chip_15xx\Debug\liblpc_chip_15xx.a(gpio_15xx.o)
 .debug_macro   0x0000a6b4      0x239 C:\Users\krl\Documents\MCUXpressoIDE_10.0.2_411\workspace\lpc_chip_15xx\Debug\liblpc_chip_15xx.a(iocon_15xx.o)
 .debug_macro   0x0000a8ed      0x239 C:\Users\krl\Documents\MCUXpressoIDE_10.0.2_411\workspace\lpc_chip_15xx\Debug\liblpc_chip_15xx.a(sct_15xx.o)
 .debug_macro   0x0000ab26      0x245 C:\Users\krl\Documents\MCUXpressoIDE_10.0.2_411\workspace\lpc_chip_15xx\Debug\liblpc_chip_15xx.a(swm_15xx.o)
 .debug_macro   0x0000ad6b      0x251 C:\Users\krl\Documents\MCUXpressoIDE_10.0.2_411\workspace\lpc_chip_15xx\Debug\liblpc_chip_15xx.a(sysctl_15xx.o)
 .debug_macro   0x0000afbc      0x239 C:\Users\krl\Documents\MCUXpressoIDE_10.0.2_411\workspace\lpc_chip_15xx\Debug\liblpc_chip_15xx.a(sysinit_15xx.o)
 .debug_macro   0x0000b1f5      0x239 C:\Users\krl\Documents\MCUXpressoIDE_10.0.2_411\workspace\lpc_chip_15xx\Debug\liblpc_chip_15xx.a(uart_15xx.o)

.debug_line     0x00000000     0xab28
 .debug_line    0x00000000      0x58f ./src/ITM_write.o
 .debug_line    0x0000058f      0x389 ./src/cdc_desc.o
 .debug_line    0x00000918      0x9df ./src/cdc_main.o
 .debug_line    0x000012f7      0x912 ./src/cdc_vcom.o
 .debug_line    0x00001c09       0xd5 ./src/cr_startup_lpc15xx.o
 .debug_line    0x00001cde      0x675 ./src/sysinit.o
 .debug_line    0x00002353      0xee9 ./src/usb_cdc.o
 .debug_line    0x0000323c      0xaf6 C:\Users\krl\Documents\MCUXpressoIDE_10.0.2_411\workspace\freertos\Debug\libfreertos.a(queue.o)