Archive member included to satisfy reference by file (symbol)

C:\Users\Lauri\Documents\MCUXpressoIDE_10.2.1_795\workspace\lab7PWM_Workspace\lpc_board_nxp_lpcxpresso_1549\Debug\liblpc_board_nxp_lpcxpresso_1549.a(board.o)
                              ./src/LAB_7.1.o (Board_LED_Set)
C:\Users\Lauri\Documents\MCUXpressoIDE_10.2.1_795\workspace\lab7PWM_Workspace\lpc_board_nxp_lpcxpresso_1549\Debug\liblpc_board_nxp_lpcxpresso_1549.a(board_sysinit.o)
                              ./src/sysinit.o (Board_SystemInit)
C:\Users\Lauri\Documents\MCUXpressoIDE_10.2.1_795\workspace\lab7PWM_Workspace\lpc_chip_15xx\Debug\liblpc_chip_15xx.a(chip_15xx.o)
                              ./src/LAB_7.1.o (SystemCoreClockUpdate)
C:\Users\Lauri\Documents\MCUXpressoIDE_10.2.1_795\workspace\lab7PWM_Workspace\lpc_chip_15xx\Debug\liblpc_chip_15xx.a(clock_15xx.o)
                              C:\Users\Lauri\Documents\MCUXpressoIDE_10.2.1_795\workspace\lab7PWM_Workspace\lpc_board_nxp_lpcxpresso_1549\Debug\liblpc_board_nxp_lpcxpresso_1549.a(board.o) (Chip_Clock_GetMainClockRate)
C:\Users\Lauri\Documents\MCUXpressoIDE_10.2.1_795\workspace\lab7PWM_Workspace\lpc_chip_15xx\Debug\liblpc_chip_15xx.a(gpio_15xx.o)
                              C:\Users\Lauri\Documents\MCUXpressoIDE_10.2.1_795\workspace\lab7PWM_Workspace\lpc_board_nxp_lpcxpresso_1549\Debug\liblpc_board_nxp_lpcxpresso_1549.a(board.o) (Chip_GPIO_Init)
C:\Users\Lauri\Documents\MCUXpressoIDE_10.2.1_795\workspace\lab7PWM_Workspace\lpc_chip_15xx\Debug\liblpc_chip_15xx.a(iocon_15xx.o)
                              C:\Users\Lauri\Documents\MCUXpressoIDE_10.2.1_795\workspace\lab7PWM_Workspace\lpc_board_nxp_lpcxpresso_1549\Debug\liblpc_board_nxp_lpcxpresso_1549.a(board_sysinit.o) (Chip_IOCON_SetPinMuxing)
C:\Users\Lauri\Documents\MCUXpressoIDE_10.2.1_795\workspace\lab7PWM_Workspace\lpc_chip_15xx\Debug\liblpc_chip_15xx.a(sct_15xx.o)
                              ./src/LAB_7.1.o (Chip_SCT_Init)
C:\Users\Lauri\Documents\MCUXpressoIDE_10.2.1_795\workspace\lab7PWM_Workspace\lpc_chip_15xx\Debug\liblpc_chip_15xx.a(swm_15xx.o)
                              ./src/ITM_write.o (Chip_SWM_MovablePinAssign)
C:\Users\Lauri\Documents\MCUXpressoIDE_10.2.1_795\workspace\lab7PWM_Workspace\lpc_chip_15xx\Debug\liblpc_chip_15xx.a(sysctl_15xx.o)
                              C:\Users\Lauri\Documents\MCUXpressoIDE_10.2.1_795\workspace\lab7PWM_Workspace\lpc_board_nxp_lpcxpresso_1549\Debug\liblpc_board_nxp_lpcxpresso_1549.a(board_sysinit.o) (Chip_SYSCTL_AssertPeriphReset)
C:\Users\Lauri\Documents\MCUXpressoIDE_10.2.1_795\workspace\lab7PWM_Workspace\lpc_chip_15xx\Debug\liblpc_chip_15xx.a(sysinit_15xx.o)
                              C:\Users\Lauri\Documents\MCUXpressoIDE_10.2.1_795\workspace\lab7PWM_Workspace\lpc_board_nxp_lpcxpresso_1549\Debug\liblpc_board_nxp_lpcxpresso_1549.a(board_sysinit.o) (Chip_SetupXtalClocking)
C:\Users\Lauri\Documents\MCUXpressoIDE_10.2.1_795\workspace\lab7PWM_Workspace\lpc_chip_15xx\Debug\liblpc_chip_15xx.a(uart_15xx.o)
                              C:\Users\Lauri\Documents\MCUXpressoIDE_10.2.1_795\workspace\lab7PWM_Workspace\lpc_board_nxp_lpcxpresso_1549\Debug\liblpc_board_nxp_lpcxpresso_1549.a(board.o) (Chip_UART_Init)
C:\Users\Lauri\Documents\MCUXpressoIDE_10.2.1_795\workspace\lab7PWM_Workspace\lpc_chip_15xx\Debug\liblpc_chip_15xx.a(ring_buffer.o)
                              C:\Users\Lauri\Documents\MCUXpressoIDE_10.2.1_795\workspace\lab7PWM_Workspace\lpc_chip_15xx\Debug\liblpc_chip_15xx.a(uart_15xx.o) (RingBuffer_Insert)
C:\Users\Lauri\Documents\MCUXpressoIDE_10.2.1_795\workspace\lab7PWM_Workspace\FreeRTOS\Debug\libFreeRTOS.a(tasks.o)
                              ./src/LAB_7.1.o (xTaskCreate)
C:\Users\Lauri\Documents\MCUXpressoIDE_10.2.1_795\workspace\lab7PWM_Workspace\FreeRTOS\Debug\libFreeRTOS.a(heap_3.o)
                              C:\Users\Lauri\Documents\MCUXpressoIDE_10.2.1_795\workspace\lab7PWM_Workspace\FreeRTOS\Debug\libFreeRTOS.a(tasks.o) (pvPortMalloc)
C:\Users\Lauri\Documents\MCUXpressoIDE_10.2.1_795\workspace\lab7PWM_Workspace\FreeRTOS\Debug\libFreeRTOS.a(port.o)
                              C:\Users\Lauri\Documents\MCUXpressoIDE_10.2.1_795\workspace\lab7PWM_Workspace\FreeRTOS\Debug\libFreeRTOS.a(tasks.o) (pxPortInitialiseStack)
C:\Users\Lauri\Documents\MCUXpressoIDE_10.2.1_795\workspace\lab7PWM_Workspace\FreeRTOS\Debug\libFreeRTOS.a(FreeRTOSCommonHooks.o)
                              C:\Users\Lauri\Documents\MCUXpressoIDE_10.2.1_795\workspace\lab7PWM_Workspace\FreeRTOS\Debug\libFreeRTOS.a(heap_3.o) (vApplicationMallocFailedHook)
C:\Users\Lauri\Documents\MCUXpressoIDE_10.2.1_795\workspace\lab7PWM_Workspace\FreeRTOS\Debug\libFreeRTOS.a(list.o)
                              C:\Users\Lauri\Documents\MCUXpressoIDE_10.2.1_795\workspace\lab7PWM_Workspace\FreeRTOS\Debug\libFreeRTOS.a(tasks.o) (vListInitialise)
c:/nxp/mcuxpressoide_10.2.1_795/ide/tools/bin/../lib/gcc/arm-none-eabi/7.2.1/thumb/v7-m\libgcc.a(_aeabi_uldivmod.o)
[...]
Memory Configuration

Name             Origin             Length             Attributes
MFlash256        0x00000000         0x00040000         xr
Ram0_16_32       0x02000000         0x00008000         xrw
Ram2_4           0x02008000         0x00001000         xrw
*default*        0x00000000         0xffffffff

Linker script and memory map

LOAD ./src/DigitalIoPin.o
LOAD ./src/ITM_write.o
LOAD ./src/LAB_7.1.o
LOAD ./src/LimitedCounter.o
LOAD ./src/cr_cpp_config.o
LOAD ./src/cr_startup_lpc15xx.o
LOAD ./src/crp.o
LOAD ./src/sysinit.o
LOAD C:\Users\Lauri\Documents\MCUXpressoIDE_10.2.1_795\workspace\lab7PWM_Workspace\lpc_board_nxp_lpcxpresso_1549\Debug\liblpc_board_nxp_lpcxpresso_1549.a
LOAD C:\Users\Lauri\Documents\MCUXpressoIDE_10.2.1_795\workspace\lab7PWM_Workspace\lpc_chip_15xx\Debug\liblpc_chip_15xx.a
LOAD C:\Users\Lauri\Documents\MCUXpressoIDE_10.2.1_795\workspace\lab7PWM_Workspace\FreeRTOS\Debug\libFreeRTOS.a
START GROUP
LOAD c:/nxp/mcuxpressoide_10.2.1_795/ide/tools/bin/../lib/gcc/arm-none-eabi/7.2.1/thumb/v7-m\libgcc.a
LOAD c:/nxp/mcuxpressoide_10.2.1_795/ide/tools/bin/../lib/gcc/arm-none-eabi/7.2.1/../../../../arm-none-eabi/lib/thumb/v7-m\libc.a
LOAD c:/nxp/mcuxpressoide_10.2.1_795/ide/tools/bin/../lib/gcc/arm-none-eabi/7.2.1/../../../../arm-none-eabi/lib/thumb/v7-m\libstdc++.a
LOAD c:/nxp/mcuxpressoide_10.2.1_795/ide/tools/bin/../lib/gcc/arm-none-eabi/7.2.1/../../../../arm-none-eabi/lib/thumb/v7-m\libm.a
LOAD c:/nxp/mcuxpressoide_10.2.1_795/ide/tools/bin/../lib/gcc/arm-none-eabi/7.2.1/../../../../arm-none-eabi/lib/thumb/v7-m\libcr_newlib_nohost.a
LOAD c:/nxp/mcuxpressoide_10.2.1_795/ide/tools/bin/../lib/gcc/arm-none-eabi/7.2.1/thumb/v7-m\crti.o
LOAD c:/nxp/mcuxpressoide_10.2.1_795/ide/tools/bin/../lib/gcc/arm-none-eabi/7.2.1/thumb/v7-m\crtn.o
LOAD c:/nxp/mcuxpressoide_10.2.1_795/ide/tools/bin/../lib/gcc/arm-none-eabi/7.2.1/thumb/v7-m\crtbegin.o
LOAD c:/nxp/mcuxpressoide_10.2.1_795/ide/tools/bin/../lib/gcc/arm-none-eabi/7.2.1/thumb/v7-m\crtend.o
END GROUP
                0x00000000                __base_MFlash256 = 0x0
                0x00000000                __base_Flash = 0x0
                0x00040000                __top_MFlash256 = 0x40000
                0x00040000                __top_Flash = 0x40000
                0x02000000                __base_Ram0_16_32 = 0x2000000
                0x02000000                __base_RAM = 0x2000000
                0x02008000                __top_Ram0_16_32 = 0x2008000
                0x02008000                __top_RAM = 0x2008000
                0x02008000                __base_Ram2_4 = 0x2008000
                0x02008000                __base_RAM2 = 0x2008000
                0x02009000                __top_Ram2_4 = 0x2009000
                0x02009000                __top_RAM2 = 0x2009000

.text           0x00000000     0x722c
 FILL mask 0xff
                0x00000000                __vectors_start__ = ABSOLUTE (.)
 *(.isr_vector)
 .isr_vector    0x00000000       0xfc ./src/cr_startup_lpc15xx.o
                0x00000000                g_pfnVectors
                0x000000fc                . = ALIGN (0x4)
                0x000000fc                __section_table_start = .
                0x000000fc                __data_section_table = .
                0x000000fc        0x4 LONG 0x7234 LOADADDR (.data)
                0x00000100        0x4 LONG 0x2000000 ADDR (.data)
                0x00000104        0x4 LONG 0x9ac SIZEOF (.data)
                0x00000108        0x4 LONG 0x7234 LOADADDR (.data_RAM2)
                0x0000010c        0x4 LONG 0x2008000 ADDR (.data_RAM2)
                0x00000110        0x4 LONG 0x0 SIZEOF (.data_RAM2)
                0x00000114                __data_section_table_end = .
                0x00000114                __bss_section_table = .
                0x00000114        0x4 LONG 0x20009ac ADDR (.bss)
                0x00000118        0x4 LONG 0x1c0 SIZEOF (.bss)
                0x0000011c        0x4 LONG 0x2008000 ADDR (.bss_RAM2)
                0x00000120        0x4 LONG 0x0 SIZEOF (.bss_RAM2)
                0x00000124                __bss_section_table_end = .
                0x00000124                __section_table_end = .
 *(.after_vectors*)
 .after_vectors
                0x00000124      0x140 ./src/cr_startup_lpc15xx.o
                0x00000124                data_init(unsigned int, unsigned int, unsigned int)
                0x00000166                bss_init(unsigned int, unsigned int)
                0x0000019c                ResetISR
                0x00000228                NMI_Handler
                0x0000022e                HardFault_Handler
                0x00000234                MemManage_Handler
                0x0000023a                BusFault_Handler
                0x00000240                UsageFault_Handler
                0x0000024c                DebugMon_Handler
                0x0000025e                UART1_IRQHandler
                0x0000025e                RTC_WAKE_IRQHandler
                0x0000025e                UART0_IRQHandler
                0x0000025e                MRT_IRQHandler
                0x0000025e                ADC1_THCMP_IRQHandler
                0x0000025e                SPI1_IRQHandler
                0x0000025e                PIN_INT6_IRQHandler
                0x0000025e                IntDefaultHandler
                0x0000025e                PIN_INT4_IRQHandler
                0x0000025e                CAN_IRQHandler
                0x0000025e                RTC_ALARM_IRQHandler
                0x0000025e                ADC1B_IRQHandler
                0x0000025e                ADC1_OVR_IRQHandler
                0x0000025e                USBWakeup_IRQHandler
                0x0000025e                UART2_IRQHandler
                0x0000025e                ADC0_OVR_IRQHandler
                0x0000025e                SCT1_IRQHandler
                0x0000025e                PIN_INT2_IRQHandler
                0x0000025e                USB_FIQHandler
                0x0000025e                SCT3_IRQHandler
                0x0000025e                PIN_INT7_IRQHandler
                0x0000025e                I2C0_IRQHandler
                0x0000025e                PIN_INT1_IRQHandler
                0x0000025e                USB_IRQHandler
                0x0000025e                BOD_IRQHandler
                0x0000025e                ADC0B_IRQHandler
                0x0000025e                ACMP0_IRQHandler
                0x0000025e                RIT_IRQHandler
                0x0000025e                SCT2_IRQHandler
                0x0000025e                WDT_IRQHandler
                0x0000025e                PIN_INT0_IRQHandler
                0x0000025e                QEI_IRQHandler
                0x0000025e                ACMP3_IRQHandler
                0x0000025e                GINT0_IRQHandler
                0x0000025e                DAC_IRQHandler
                0x0000025e                SPI0_IRQHandler
                0x0000025e                EEPROM_IRQHandler
                0x0000025e                ACMP2_IRQHandler
                0x0000025e                PIN_INT5_IRQHandler
                0x0000025e                ADC1A_IRQHandler
                0x0000025e                DMA_IRQHandler
                0x0000025e                PIN_INT3_IRQHandler
                0x0000025e                ACMP1_IRQHandler
                0x0000025e                SCT0_IRQHandler
                0x0000025e                ADC0A_IRQHandler
                0x0000025e                FMC_IRQHandler
                0x0000025e                GINT1_IRQHandler
                0x0000025e                ADC0_THCMP_IRQHandler
 *(.text*)
 .text.Chip_IOCON_PinMuxSet
                0x00000264       0x2c ./src/DigitalIoPin.o
 .text.Chip_GPIO_GetPinState
                0x00000290       0x34 ./src/DigitalIoPin.o
 .text.Chip_GPIO_SetPinDIROutput
                0x000002c4       0x3c ./src/DigitalIoPin.o
 .text.Chip_GPIO_SetPinDIRInput
                0x00000300       0x3e ./src/DigitalIoPin.o
 *fill*         0x0000033e        0x2 ff
 .text._ZN12DigitalIoPinC2EiiNS_7pinModeEb
                0x00000340       0xc0 ./src/DigitalIoPin.o
                0x00000340                DigitalIoPin::DigitalIoPin(int, int, DigitalIoPin::pinMode, bool)
                0x00000340                DigitalIoPin::DigitalIoPin(int, int, DigitalIoPin::pinMode, bool)
 .text._ZN12DigitalIoPinD2Ev
                0x00000400       0x20 ./src/DigitalIoPin.o
                0x00000400                DigitalIoPin::~DigitalIoPin()
                0x00000400                DigitalIoPin::~DigitalIoPin()
 .text._ZN12DigitalIoPinD0Ev
                0x00000420       0x1e ./src/DigitalIoPin.o
                0x00000420                DigitalIoPin::~DigitalIoPin()
 .text._ZN12DigitalIoPin4readEv
                0x0000043e       0x28 ./src/DigitalIoPin.o
                0x0000043e                DigitalIoPin::read()
 *fill*         0x00000466        0x2 ff
 .text.ITM_write
                0x00000468       0x7c ./src/ITM_write.o
                0x00000468                ITM_write
 .text.Chip_SWM_MovablePortPinAssign
                0x000004e4       0x30 ./src/LAB_7.1.o
 .text._ZN14LimitedCounterC2Eiii
                0x00000514       0x38 ./src/LAB_7.1.o
                0x00000514                LimitedCounter::LimitedCounter(int, int, int)
                0x00000514                LimitedCounter::LimitedCounter(int, int, int)
 .text._ZN14LimitedCountercviEv
                0x0000054c       0x16 ./src/LAB_7.1.o
                0x0000054c                LimitedCounter::operator int()
 *fill*         0x00000562        0x2 ff
 .text._Z10startUpSCTv
                0x00000564       0x90 ./src/LAB_7.1.o
                0x00000564                startUpSCT()
 .text._Z6setPWMi
                0x000005f4       0x20 ./src/LAB_7.1.o
                0x000005f4                setPWM(int)
 .text._Z13getPulseWidthv
                0x00000614       0x18 ./src/LAB_7.1.o
                0x00000614                getPulseWidth()
 .text._Z13buttonPWMTaskPv
                0x0000062c      0x2f0 ./src/LAB_7.1.o
                0x0000062c                buttonPWMTask(void*)
 .text.main     0x0000091c       0x50 ./src/LAB_7.1.o
                0x0000091c                main
 .text._ZN14LimitedCounterD2Ev
                0x0000096c       0x20 ./src/LimitedCounter.o
                0x0000096c                LimitedCounter::~LimitedCounter()
                0x0000096c                LimitedCounter::~LimitedCounter()
 .text._ZN14LimitedCounterD0Ev
                0x0000098c       0x1e ./src/LimitedCounter.o
                0x0000098c                LimitedCounter::~LimitedCounter()
 *fill*         0x000009aa        0x2 ff
 .text._ZN14LimitedCounterC2ERKS_
                0x000009ac       0x38 ./src/LimitedCounter.o
                0x000009ac                LimitedCounter::LimitedCounter(LimitedCounter const&)
                0x000009ac                LimitedCounter::LimitedCounter(LimitedCounter const&)
 .text._ZN14LimitedCounterppEi
                0x000009e4       0x56 ./src/LimitedCounter.o
                0x000009e4                LimitedCounter::operator++(int)
 .text._ZN14LimitedCountermmEi
                0x00000a3a       0x56 ./src/LimitedCounter.o
                0x00000a3a                LimitedCounter::operator--(int)
 .text._ZdlPv   0x00000a90       0x16 ./src/cr_cpp_config.o
                0x00000a90                operator delete(void*)
 .text.SystemInit
                0x00000aa6        0xc ./src/sysinit.o
                0x00000aa6                SystemInit
 .text.Chip_IOCON_PinMuxSet
                0x00000ab2       0x2c C:\Users\Lauri\Documents\MCUXpressoIDE_10.2.1_795\workspace\lab7PWM_Workspace\lpc_board_nxp_lpcxpresso_1549\Debug\liblpc_board_nxp_lpcxpresso_1549.a(board.o)
 .text.Chip_SWM_MovablePortPinAssign
                0x00000ade       0x30 C:\Users\Lauri\Documents\MCUXpressoIDE_10.2.1_795\workspace\lab7PWM_Workspace\lpc_board_nxp_lpcxpresso_1549\Debug\liblpc_board_nxp_lpcxpresso_1549.a(board.o)
 .text.Chip_GPIO_SetPinState
                0x00000b0e       0x36 C:\Users\Lauri\Documents\MCUXpressoIDE_10.2.1_795\workspace\lab7PWM_Workspace\lpc_board_nxp_lpcxpresso_1549\Debug\liblpc_board_nxp_lpcxpresso_1549.a(board.o)
 .text.Chip_GPIO_SetPinDIROutput
                0x00000b44       0x3c C:\Users\Lauri\Documents\MCUXpressoIDE_10.2.1_795\workspace\lab7PWM_Workspace\lpc_board_nxp_lpcxpresso_1549\Debug\liblpc_board_nxp_lpcxpresso_1549.a(board.o)
 .text.Chip_UART_Enable
                0x00000b80       0x1e C:\Users\Lauri\Documents\MCUXpressoIDE_10.2.1_795\workspace\lab7PWM_Workspace\lpc_board_nxp_lpcxpresso_1549\Debug\liblpc_board_nxp_lpcxpresso_1549.a(board.o)
 .text.Chip_UART_TXEnable
                0x00000b9e       0x1e C:\Users\Lauri\Documents\MCUXpressoIDE_10.2.1_795\workspace\lab7PWM_Workspace\lpc_board_nxp_lpcxpresso_1549\Debug\liblpc_board_nxp_lpcxpresso_1549.a(board.o)
 .text.Chip_UART_ConfigData
                0x00000bbc       0x28 C:\Users\Lauri\Documents\MCUXpressoIDE_10.2.1_795\workspace\lab7PWM_Workspace\lpc_board_nxp_lpcxpresso_1549\Debug\liblpc_board_nxp_lpcxpresso_1549.a(board.o)
 .text.Board_Debug_Init
                0x00000be4       0x70 C:\Users\Lauri\Documents\MCUXpressoIDE_10.2.1_795\workspace\lab7PWM_Workspace\lpc_board_nxp_lpcxpresso_1549\Debug\liblpc_board_nxp_lpcxpresso_1549.a(board.o)
                0x00000be4                Board_Debug_Init
 .text.Board_LED_Init
                0x00000c54       0x5c C:\Users\Lauri\Documents\MCUXpressoIDE_10.2.1_795\workspace\lab7PWM_Workspace\lpc_board_nxp_lpcxpresso_1549\Debug\liblpc_board_nxp_lpcxpresso_1549.a(board.o)
 .text.Board_LED_Set
                0x00000cb0       0x54 C:\Users\Lauri\Documents\MCUXpressoIDE_10.2.1_795\workspace\lab7PWM_Workspace\lpc_board_nxp_lpcxpresso_1549\Debug\liblpc_board_nxp_lpcxpresso_1549.a(board.o)
                0x00000cb0                Board_LED_Set
 .text.Board_Init
                0x00000d04       0x18 C:\Users\Lauri\Documents\MCUXpressoIDE_10.2.1_795\workspace\lab7PWM_Workspace\lpc_board_nxp_lpcxpresso_1549\Debug\liblpc_board_nxp_lpcxpresso_1549.a(board.o)
                0x00000d04                Board_Init
 .text.Chip_SYSCTL_PeriphReset
                0x00000d1c       0x22 C:\Users\Lauri\Documents\MCUXpressoIDE_10.2.1_795\workspace\lab7PWM_Workspace\lpc_board_nxp_lpcxpresso_1549\Debug\liblpc_board_nxp_lpcxpresso_1549.a(board_sysinit.o)
 *fill*         0x00000d3e        0x2 ff
 .text.Chip_Clock_SetUSBPLLSource
                0x00000d40       0x20 C:\Users\Lauri\Documents\MCUXpressoIDE_10.2.1_795\workspace\lab7PWM_Workspace\lpc_board_nxp_lpcxpresso_1549\Debug\liblpc_board_nxp_lpcxpresso_1549.a(board_sysinit.o)
 .text.Chip_Clock_SetupUSBPLL
                0x00000d60       0x34 C:\Users\Lauri\Documents\MCUXpressoIDE_10.2.1_795\workspace\lab7PWM_Workspace\lpc_board_nxp_lpcxpresso_1549\Debug\liblpc_board_nxp_lpcxpresso_1549.a(board_sysinit.o)
 .text.Chip_Clock_IsUSBPLLLocked
                0x00000d94       0x24 C:\Users\Lauri\Documents\MCUXpressoIDE_10.2.1_795\workspace\lab7PWM_Workspace\lpc_board_nxp_lpcxpresso_1549\Debug\liblpc_board_nxp_lpcxpresso_1549.a(board_sysinit.o)
 .text.Chip_Clock_SetSysTickClockDiv
                0x00000db8       0x20 C:\Users\Lauri\Documents\MCUXpressoIDE_10.2.1_795\workspace\lab7PWM_Workspace\lpc_board_nxp_lpcxpresso_1549\Debug\liblpc_board_nxp_lpcxpresso_1549.a(board_sysinit.o)
 .text.Chip_SWM_MovablePortPinAssign
                0x00000dd8       0x30 C:\Users\Lauri\Documents\MCUXpressoIDE_10.2.1_795\workspace\lab7PWM_Workspace\lpc_board_nxp_lpcxpresso_1549\Debug\liblpc_board_nxp_lpcxpresso_1549.a(board_sysinit.o)
 .text.Board_SetupMuxing
                0x00000e08       0x80 C:\Users\Lauri\Documents\MCUXpressoIDE_10.2.1_795\workspace\lab7PWM_Workspace\lpc_board_nxp_lpcxpresso_1549\Debug\liblpc_board_nxp_lpcxpresso_1549.a(board_sysinit.o)
                0x00000e08                Board_SetupMuxing
 .text.Board_SetupClocking
                0x00000e88       0x3a C:\Users\Lauri\Documents\MCUXpressoIDE_10.2.1_795\workspace\lab7PWM_Workspace\lpc_board_nxp_lpcxpresso_1549\Debug\liblpc_board_nxp_lpcxpresso_1549.a(board_sysinit.o)
                0x00000e88                Board_SetupClocking
 *fill*         0x00000ec2        0x2 ff
 .text.Board_SystemInit
                0x00000ec4       0x1c C:\Users\Lauri\Documents\MCUXpressoIDE_10.2.1_795\workspace\lab7PWM_Workspace\lpc_board_nxp_lpcxpresso_1549\Debug\liblpc_board_nxp_lpcxpresso_1549.a(board_sysinit.o)
                0x00000ec4                Board_SystemInit
 .text.SystemCoreClockUpdate
                0x00000ee0       0x18 C:\Users\Lauri\Documents\MCUXpressoIDE_10.2.1_795\workspace\lab7PWM_Workspace\lpc_chip_15xx\Debug\liblpc_chip_15xx.a(chip_15xx.o)
                0x00000ee0                SystemCoreClockUpdate
 .text.Chip_Clock_SetMain_A_ClockSource
                0x00000ef8       0x20 C:\Users\Lauri\Documents\MCUXpressoIDE_10.2.1_795\workspace\lab7PWM_Workspace\lpc_chip_15xx\Debug\liblpc_chip_15xx.a(clock_15xx.o)
 .text.Chip_Clock_GetMain_A_ClockSource
                0x00000f18       0x18 C:\Users\Lauri\Documents\MCUXpressoIDE_10.2.1_795\workspace\lab7PWM_Workspace\lpc_chip_15xx\Debug\liblpc_chip_15xx.a(clock_15xx.o)
 .text.Chip_Clock_SetMain_B_ClockSource
                0x00000f30       0x20 C:\Users\Lauri\Documents\MCUXpressoIDE_10.2.1_795\workspace\lab7PWM_Workspace\lpc_chip_15xx\Debug\liblpc_chip_15xx.a(clock_15xx.o)
 .text.Chip_Clock_GetMain_B_ClockSource
                0x00000f50       0x18 C:\Users\Lauri\Documents\MCUXpressoIDE_10.2.1_795\workspace\lab7PWM_Workspace\lpc_chip_15xx\Debug\liblpc_chip_15xx.a(clock_15xx.o)
 .text.Chip_Clock_SetUARTFRGDivider
                0x00000f68       0x20 C:\Users\Lauri\Documents\MCUXpressoIDE_10.2.1_795\workspace\lab7PWM_Workspace\lpc_chip_15xx\Debug\liblpc_chip_15xx.a(clock_15xx.o)
 .text.Chip_Clock_GetUARTFRGDivider
                0x00000f88       0x18 C:\Users\Lauri\Documents\MCUXpressoIDE_10.2.1_795\workspace\lab7PWM_Workspace\lpc_chip_15xx\Debug\liblpc_chip_15xx.a(clock_15xx.o)
 .text.Chip_Clock_GetMainOscRate
                0x00000fa0       0x14 C:\Users\Lauri\Documents\MCUXpressoIDE_10.2.1_795\workspace\lab7PWM_Workspace\lpc_chip_15xx\Debug\liblpc_chip_15xx.a(clock_15xx.o)
 .text.Chip_Clock_GetIntOscRate
                0x00000fb4       0x14 C:\Users\Lauri\Documents\MCUXpressoIDE_10.2.1_795\workspace\lab7PWM_Workspace\lpc_chip_15xx\Debug\liblpc_chip_15xx.a(clock_15xx.o)
 .text.Chip_Clock_GetRTCOscRate
                0x00000fc8       0x14 C:\Users\Lauri\Documents\MCUXpressoIDE_10.2.1_795\workspace\lab7PWM_Workspace\lpc_chip_15xx\Debug\liblpc_chip_15xx.a(clock_15xx.o)
 .text.Chip_Clock_GetWDTOSCRate
                0x00000fdc       0x14 C:\Users\Lauri\Documents\MCUXpressoIDE_10.2.1_795\workspace\lab7PWM_Workspace\lpc_chip_15xx\Debug\liblpc_chip_15xx.a(clock_15xx.o)
 .text.Chip_Clock_GetPLLFreq
                0x00000ff0       0x26 C:\Users\Lauri\Documents\MCUXpressoIDE_10.2.1_795\workspace\lab7PWM_Workspace\lpc_chip_15xx\Debug\liblpc_chip_15xx.a(clock_15xx.o)
 .text.Chip_Clock_GetPLLInClockRate
                0x00001016       0x38 C:\Users\Lauri\Documents\MCUXpressoIDE_10.2.1_795\workspace\lab7PWM_Workspace\lpc_chip_15xx\Debug\liblpc_chip_15xx.a(clock_15xx.o)
 *fill*         0x0000104e        0x2 ff
 .text.Chip_Clock_GetSystemPLLInClockRate
                0x00001050       0x1c C:\Users\Lauri\Documents\MCUXpressoIDE_10.2.1_795\workspace\lab7PWM_Workspace\lpc_chip_15xx\Debug\liblpc_chip_15xx.a(clock_15xx.o)
                0x00001050                Chip_Clock_GetSystemPLLInClockRate
 .text.Chip_Clock_GetSystemPLLOutClockRate
                0x0000106c       0x24 C:\Users\Lauri\Documents\MCUXpressoIDE_10.2.1_795\workspace\lab7PWM_Workspace\lpc_chip_15xx\Debug\liblpc_chip_15xx.a(clock_15xx.o)
                0x0000106c                Chip_Clock_GetSystemPLLOutClockRate
 .text.Chip_Clock_GetMain_A_ClockRate
                0x00001090       0x44 C:\Users\Lauri\Documents\MCUXpressoIDE_10.2.1_795\workspace\lab7PWM_Workspace\lpc_chip_15xx\Debug\liblpc_chip_15xx.a(clock_15xx.o)
                0x00001090                Chip_Clock_GetMain_A_ClockRate
 .text.Chip_Clock_GetMain_B_ClockRate
                0x000010d4       0x58 C:\Users\Lauri\Documents\MCUXpressoIDE_10.2.1_795\workspace\lab7PWM_Workspace\lpc_chip_15xx\Debug\liblpc_chip_15xx.a(clock_15xx.o)
                0x000010d4                Chip_Clock_GetMain_B_ClockRate
 .text.Chip_Clock_SetMainClockSource
                0x0000112c       0x3c C:\Users\Lauri\Documents\MCUXpressoIDE_10.2.1_795\workspace\lab7PWM_Workspace\lpc_chip_15xx\Debug\liblpc_chip_15xx.a(clock_15xx.o)
                0x0000112c                Chip_Clock_SetMainClockSource
 .text.Chip_Clock_GetMainClockRate
                0x00001168       0x28 C:\Users\Lauri\Documents\MCUXpressoIDE_10.2.1_795\workspace\lab7PWM_Workspace\lpc_chip_15xx\Debug\liblpc_chip_15xx.a(clock_15xx.o)
                0x00001168                Chip_Clock_GetMainClockRate
 .text.Chip_Clock_EnablePeriphClock
                0x00001190       0x58 C:\Users\Lauri\Documents\MCUXpressoIDE_10.2.1_795\workspace\lab7PWM_Workspace\lpc_chip_15xx\Debug\liblpc_chip_15xx.a(clock_15xx.o)
                0x00001190                Chip_Clock_EnablePeriphClock
 .text.Chip_Clock_GetUARTBaseClockRate
                0x000011e8       0x8c C:\Users\Lauri\Documents\MCUXpressoIDE_10.2.1_795\workspace\lab7PWM_Workspace\lpc_chip_15xx\Debug\liblpc_chip_15xx.a(clock_15xx.o)
                0x000011e8                Chip_Clock_GetUARTBaseClockRate
 .text.Chip_Clock_SetUARTBaseClockRate
                0x00001274       0xa4 C:\Users\Lauri\Documents\MCUXpressoIDE_10.2.1_795\workspace\lab7PWM_Workspace\lpc_chip_15xx\Debug\liblpc_chip_15xx.a(clock_15xx.o)
                0x00001274                Chip_Clock_SetUARTBaseClockRate
 .text.Chip_Clock_GetSystemClockRate
                0x00001318       0x1c C:\Users\Lauri\Documents\MCUXpressoIDE_10.2.1_795\workspace\lab7PWM_Workspace\lpc_chip_15xx\Debug\liblpc_chip_15xx.a(clock_15xx.o)
                0x00001318                Chip_Clock_GetSystemClockRate
 .text.Chip_SYSCTL_PeriphReset
                0x00001334       0x22 C:\Users\Lauri\Documents\MCUXpressoIDE_10.2.1_795\workspace\lab7PWM_Workspace\lpc_chip_15xx\Debug\liblpc_chip_15xx.a(gpio_15xx.o)
 .text.Chip_GPIO_Init
                0x00001356       0x2e C:\Users\Lauri\Documents\MCUXpressoIDE_10.2.1_795\workspace\lab7PWM_Workspace\lpc_chip_15xx\Debug\liblpc_chip_15xx.a(gpio_15xx.o)
                0x00001356                Chip_GPIO_Init
 .text.Chip_IOCON_PinMuxSet
                0x00001384       0x2c C:\Users\Lauri\Documents\MCUXpressoIDE_10.2.1_795\workspace\lab7PWM_Workspace\lpc_chip_15xx\Debug\liblpc_chip_15xx.a(iocon_15xx.o)
 .text.Chip_IOCON_SetPinMuxing
                0x000013b0       0x4e C:\Users\Lauri\Documents\MCUXpressoIDE_10.2.1_795\workspace\lab7PWM_Workspace\lpc_chip_15xx\Debug\liblpc_chip_15xx.a(iocon_15xx.o)
                0x000013b0                Chip_IOCON_SetPinMuxing
 .text.Chip_SYSCTL_PeriphReset
                0x000013fe       0x22 C:\Users\Lauri\Documents\MCUXpressoIDE_10.2.1_795\workspace\lab7PWM_Workspace\lpc_chip_15xx\Debug\liblpc_chip_15xx.a(sct_15xx.o)
 .text.Chip_SCT_Init
                0x00001420       0x3c C:\Users\Lauri\Documents\MCUXpressoIDE_10.2.1_795\workspace\lab7PWM_Workspace\lpc_chip_15xx\Debug\liblpc_chip_15xx.a(sct_15xx.o)
                0x00001420                Chip_SCT_Init
 .text.Chip_SWM_MovablePinAssign
                0x0000145c       0x5c C:\Users\Lauri\Documents\MCUXpressoIDE_10.2.1_795\workspace\lab7PWM_Workspace\lpc_chip_15xx\Debug\liblpc_chip_15xx.a(swm_15xx.o)
                0x0000145c                Chip_SWM_MovablePinAssign
 .text.Chip_SYSCTL_AssertPeriphReset
                0x000014b8       0x4c C:\Users\Lauri\Documents\MCUXpressoIDE_10.2.1_795\workspace\lab7PWM_Workspace\lpc_chip_15xx\Debug\liblpc_chip_15xx.a(sysctl_15xx.o)
                0x000014b8                Chip_SYSCTL_AssertPeriphReset
 .text.Chip_SYSCTL_DeassertPeriphReset
                0x00001504       0x50 C:\Users\Lauri\Documents\MCUXpressoIDE_10.2.1_795\workspace\lab7PWM_Workspace\lpc_chip_15xx\Debug\liblpc_chip_15xx.a(sysctl_15xx.o)
                0x00001504                Chip_SYSCTL_DeassertPeriphReset
 .text.Chip_SYSCTL_PowerDown
                0x00001554       0x40 C:\Users\Lauri\Documents\MCUXpressoIDE_10.2.1_795\workspace\lab7PWM_Workspace\lpc_chip_15xx\Debug\liblpc_chip_15xx.a(sysctl_15xx.o)
                0x00001554                Chip_SYSCTL_PowerDown
 .text.Chip_SYSCTL_PowerUp
                0x00001594       0x40 C:\Users\Lauri\Documents\MCUXpressoIDE_10.2.1_795\workspace\lab7PWM_Workspace\lpc_chip_15xx\Debug\liblpc_chip_15xx.a(sysctl_15xx.o)
                0x00001594                Chip_SYSCTL_PowerUp
 .text.Chip_FMC_SetFLASHAccess
                0x000015d4       0x38 C:\Users\Lauri\Documents\MCUXpressoIDE_10.2.1_795\workspace\lab7PWM_Workspace\lpc_chip_15xx\Debug\liblpc_chip_15xx.a(sysinit_15xx.o)
 .text.Chip_Clock_SetSystemPLLSource
                0x0000160c       0x20 C:\Users\Lauri\Documents\MCUXpressoIDE_10.2.1_795\workspace\lab7PWM_Workspace\lpc_chip_15xx\Debug\liblpc_chip_15xx.a(sysinit_15xx.o)
 .text.Chip_Clock_SetupSystemPLL
                0x0000162c       0x34 C:\Users\Lauri\Documents\MCUXpressoIDE_10.2.1_795\workspace\lab7PWM_Workspace\lpc_chip_15xx\Debug\liblpc_chip_15xx.a(sysinit_15xx.o)
 .text.Chip_Clock_IsSystemPLLLocked
                0x00001660       0x24 C:\Users\Lauri\Documents\MCUXpressoIDE_10.2.1_795\workspace\lab7PWM_Workspace\lpc_chip_15xx\Debug\liblpc_chip_15xx.a(sysinit_15xx.o)
 .text.Chip_Clock_SetSysClockDiv
                0x00001684       0x20 C:\Users\Lauri\Documents\MCUXpressoIDE_10.2.1_795\workspace\lab7PWM_Workspace\lpc_chip_15xx\Debug\liblpc_chip_15xx.a(sysinit_15xx.o)
 .text.Chip_SetupXtalClocking
                0x000016a4       0x6c C:\Users\Lauri\Documents\MCUXpressoIDE_10.2.1_795\workspace\lab7PWM_Workspace\lpc_chip_15xx\Debug\liblpc_chip_15xx.a(sysinit_15xx.o)
                0x000016a4                Chip_SetupXtalClocking
 .text.Chip_SYSCTL_PeriphReset
                0x00001710       0x22 C:\Users\Lauri\Documents\MCUXpressoIDE_10.2.1_795\workspace\lab7PWM_Workspace\lpc_chip_15xx\Debug\liblpc_chip_15xx.a(uart_15xx.o)
 *fill*         0x00001732        0x2 ff
 .text.getUARTClockID
                0x00001734       0x34 C:\Users\Lauri\Documents\MCUXpressoIDE_10.2.1_795\workspace\lab7PWM_Workspace\lpc_chip_15xx\Debug\liblpc_chip_15xx.a(uart_15xx.o)
 .text.Chip_UART_Init
                0x00001768       0x4c C:\Users\Lauri\Documents\MCUXpressoIDE_10.2.1_795\workspace\lab7PWM_Workspace\lpc_chip_15xx\Debug\liblpc_chip_15xx.a(uart_15xx.o)
                0x00001768                Chip_UART_Init
 .text.Chip_UART_SetBaud
                0x000017b4       0x2a C:\Users\Lauri\Documents\MCUXpressoIDE_10.2.1_795\workspace\lab7PWM_Workspace\lpc_chip_15xx\Debug\liblpc_chip_15xx.a(uart_15xx.o)
                0x000017b4                Chip_UART_SetBaud
 .text.xTaskCreate
                0x000017de       0x84 C:\Users\Lauri\Documents\MCUXpressoIDE_10.2.1_795\workspace\lab7PWM_Workspace\FreeRTOS\Debug\libFreeRTOS.a(tasks.o)
                0x000017de                xTaskCreate
 .text.prvInitialiseNewTask
                0x00001862      0x178 C:\Users\Lauri\Documents\MCUXpressoIDE_10.2.1_795\workspace\lab7PWM_Workspace\FreeRTOS\Debug\libFreeRTOS.a(tasks.o)
 *fill*         0x000019da        0x2 ff
 .text.prvAddNewTaskToReadyList
                0x000019dc       0xdc C:\Users\Lauri\Documents\MCUXpressoIDE_10.2.1_795\workspace\lab7PWM_Workspace\FreeRTOS\Debug\libFreeRTOS.a(tasks.o)
 .text.vTaskDelay
                0x00001ab8       0x48 C:\Users\Lauri\Documents\MCUXpressoIDE_10.2.1_795\workspace\lab7PWM_Workspace\FreeRTOS\Debug\libFreeRTOS.a(tasks.o)
                0x00001ab8                vTaskDelay
 .text.vTaskStartScheduler
                0x00001b00       0xa0 C:\Users\Lauri\Documents\MCUXpressoIDE_10.2.1_795\workspace\lab7PWM_Workspace\FreeRTOS\Debug\libFreeRTOS.a(tasks.o)
                0x00001b00                vTaskStartScheduler
 .text.vTaskSuspendAll
                0x00001ba0       0x1c C:\Users\Lauri\Documents\MCUXpressoIDE_10.2.1_795\workspace\lab7PWM_Workspace\FreeRTOS\Debug\libFreeRTOS.a(tasks.o)
                0x00001ba0                vTaskSuspendAll
 .text.xTaskResumeAll
                0x00001bbc      0x11c C:\Users\Lauri\Documents\MCUXpressoIDE_10.2.1_795\workspace\lab7PWM_Workspace\FreeRTOS\Debug\libFreeRTOS.a(tasks.o)
                0x00001bbc                xTaskResumeAll
 .text.xTaskIncrementTick
                0x00001cd8      0x158 C:\Users\Lauri\Documents\MCUXpressoIDE_10.2.1_795\workspace\lab7PWM_Workspace\FreeRTOS\Debug\libFreeRTOS.a(tasks.o)
                0x00001cd8                xTaskIncrementTick
 .text.vTaskSwitchContext
                0x00001e30       0xe4 C:\Users\Lauri\Documents\MCUXpressoIDE_10.2.1_795\workspace\lab7PWM_Workspace\FreeRTOS\Debug\libFreeRTOS.a(tasks.o)
                0x00001e30                vTaskSwitchContext
 .text.prvIdleTask
                0x00001f14        0xe C:\Users\Lauri\Documents\MCUXpressoIDE_10.2.1_795\workspace\lab7PWM_Workspace\FreeRTOS\Debug\libFreeRTOS.a(tasks.o)
 *fill*         0x00001f22        0x2 ff
 .text.prvInitialiseTaskLists
                0x00001f24       0x80 C:\Users\Lauri\Documents\MCUXpressoIDE_10.2.1_795\workspace\lab7PWM_Workspace\FreeRTOS\Debug\libFreeRTOS.a(tasks.o)
 .text.prvCheckTasksWaitingTermination
                0x00001fa4       0x58 C:\Users\Lauri\Documents\MCUXpressoIDE_10.2.1_795\workspace\lab7PWM_Workspace\FreeRTOS\Debug\libFreeRTOS.a(tasks.o)
 .text.prvDeleteTCB
                0x00001ffc       0x2a C:\Users\Lauri\Documents\MCUXpressoIDE_10.2.1_795\workspace\lab7PWM_Workspace\FreeRTOS\Debug\libFreeRTOS.a(tasks.o)
 *fill*         0x00002026        0x2 ff
 .text.prvResetNextTaskUnblockTime
                0x00002028       0x48 C:\Users\Lauri\Documents\MCUXpressoIDE_10.2.1_795\workspace\lab7PWM_Workspace\FreeRTOS\Debug\libFreeRTOS.a(tasks.o)
 .text.prvAddCurrentTaskToDelayedList
                0x00002070       0xcc C:\Users\Lauri\Documents\MCUXpressoIDE_10.2.1_795\workspace\lab7PWM_Workspace\FreeRTOS\Debug\libFreeRTOS.a(tasks.o)
 .text.pvPortMalloc
                0x0000213c       0x2c C:\Users\Lauri\Documents\MCUXpressoIDE_10.2.1_795\workspace\lab7PWM_Workspace\FreeRTOS\Debug\libFreeRTOS.a(heap_3.o)
                0x0000213c                pvPortMalloc
 .text.vPortFree
                0x00002168       0x24 C:\Users\Lauri\Documents\MCUXpressoIDE_10.2.1_795\workspace\lab7PWM_Workspace\FreeRTOS\Debug\libFreeRTOS.a(heap_3.o)
                0x00002168                vPortFree
 .text.pxPortInitialiseStack
                0x0000218c       0x58 C:\Users\Lauri\Documents\MCUXpressoIDE_10.2.1_795\workspace\lab7PWM_Workspace\FreeRTOS\Debug\libFreeRTOS.a(port.o)
                0x0000218c                pxPortInitialiseStack
 .text.prvTaskExitError
                0x000021e4       0x2e C:\Users\Lauri\Documents\MCUXpressoIDE_10.2.1_795\workspace\lab7PWM_Workspace\FreeRTOS\Debug\libFreeRTOS.a(port.o)
 *fill*         0x00002212        0xe ff
 .text.SVC_Handler
                0x00002220       0x28 C:\Users\Lauri\Documents\MCUXpressoIDE_10.2.1_795\workspace\lab7PWM_Workspace\FreeRTOS\Debug\libFreeRTOS.a(port.o)
                0x00002220                SVC_Handler
 .text.prvPortStartFirstTask
                0x00002248       0x20 C:\Users\Lauri\Documents\MCUXpressoIDE_10.2.1_795\workspace\lab7PWM_Workspace\FreeRTOS\Debug\libFreeRTOS.a(port.o)
 .text.xPortStartScheduler
                0x00002268       0x40 C:\Users\Lauri\Documents\MCUXpressoIDE_10.2.1_795\workspace\lab7PWM_Workspace\FreeRTOS\Debug\libFreeRTOS.a(port.o)
                0x00002268                xPortStartScheduler
 .text.vPortEnterCritical
                0x000022a8       0x30 C:\Users\Lauri\Documents\MCUXpressoIDE_10.2.1_795\workspace\lab7PWM_Workspace\FreeRTOS\Debug\libFreeRTOS.a(port.o)
                0x000022a8                vPortEnterCritical
 .text.vPortExitCritical
                0x000022d8       0x30 C:\Users\Lauri\Documents\MCUXpressoIDE_10.2.1_795\workspace\lab7PWM_Workspace\FreeRTOS\Debug\libFreeRTOS.a(port.o)
                0x000022d8                vPortExitCritical
 *fill*         0x00002308        0x8 ff
 .text.PendSV_Handler
                0x00002310       0x48 C:\Users\Lauri\Documents\MCUXpressoIDE_10.2.1_795\workspace\lab7PWM_Workspace\FreeRTOS\Debug\libFreeRTOS.a(port.o)
                0x00002310                PendSV_Handler
 .text.SysTick_Handler
                0x00002358       0x40 C:\Users\Lauri\Documents\MCUXpressoIDE_10.2.1_795\workspace\lab7PWM_Workspace\FreeRTOS\Debug\libFreeRTOS.a(port.o)
                0x00002358                SysTick_Handler
 .text.vPortSetupTimerInterrupt
                0x00002398       0x44 C:\Users\Lauri\Documents\MCUXpressoIDE_10.2.1_795\workspace\lab7PWM_Workspace\FreeRTOS\Debug\libFreeRTOS.a(port.o)
                0x00002398                vPortSetupTimerInterrupt
 .text.vApplicationMallocFailedHook
                0x000023dc       0x1c C:\Users\Lauri\Documents\MCUXpressoIDE_10.2.1_795\workspace\lab7PWM_Workspace\FreeRTOS\Debug\libFreeRTOS.a(FreeRTOSCommonHooks.o)
                0x000023dc                vApplicationMallocFailedHook
 .text.vApplicationStackOverflowHook
                0x000023f8       0x20 C:\Users\Lauri\Documents\MCUXpressoIDE_10.2.1_795\workspace\lab7PWM_Workspace\FreeRTOS\Debug\libFreeRTOS.a(FreeRTOSCommonHooks.o)
                0x000023f8                vApplicationStackOverflowHook
 .text.vListInitialise
                0x00002418       0x3e C:\Users\Lauri\Documents\MCUXpressoIDE_10.2.1_795\workspace\lab7PWM_Workspace\FreeRTOS\Debug\libFreeRTOS.a(list.o)
                0x00002418                vListInitialise
 .text.vListInitialiseItem
                0x00002456       0x18 C:\Users\Lauri\Documents\MCUXpressoIDE_10.2.1_795\workspace\lab7PWM_Workspace\FreeRTOS\Debug\libFreeRTOS.a(list.o)
                0x00002456                vListInitialiseItem
 .text.vListInsertEnd
                0x0000246e       0x46 C:\Users\Lauri\Documents\MCUXpressoIDE_10.2.1_795\workspace\lab7PWM_Workspace\FreeRTOS\Debug\libFreeRTOS.a(list.o)
                0x0000246e                vListInsertEnd
 .text.vListInsert
                0x000024b4       0x70 C:\Users\Lauri\Documents\MCUXpressoIDE_10.2.1_795\workspace\lab7PWM_Workspace\FreeRTOS\Debug\libFreeRTOS.a(list.o)
                0x000024b4                vListInsert
 .text.uxListRemove
                0x00002524       0x52 C:\Users\Lauri\Documents\MCUXpressoIDE_10.2.1_795\workspace\lab7PWM_Workspace\FreeRTOS\Debug\libFreeRTOS.a(list.o)
                0x00002524                uxListRemove
 *fill*         0x00002576        0x2 ff
 .text          0x00002578       0x30 c:/nxp/mcuxpressoide_10.2.1_795/ide/tools/bin/../lib/gcc/arm-none-eabi/7.2.1/thumb/v7-m\libgcc.a(_aeabi_uldivmod.o)
                0x00002578                __aeabi_uldivmod
 .text          0x000025a8      0x2d0 c:/nxp/mcuxpressoide_10.2.1_795/ide/tools/bin/../lib/gcc/arm-none-eabi/7.2.1/thumb/v7-m\libgcc.a(_udivmoddi4.o)
                0x000025a8                __udivmoddi4
 .text          0x00002878        0x4 c:/nxp/mcuxpressoide_10.2.1_795/ide/tools/bin/../lib/gcc/arm-none-eabi/7.2.1/thumb/v7-m\libgcc.a(_dvmd_tls.o)
                0x00002878                __aeabi_idiv0
                0x00002878                __aeabi_ldiv0
 .text.__libc_init_array
                0x0000287c       0x48 c:/nxp/mcuxpressoide_10.2.1_795/ide/tools/bin/../lib/gcc/arm-none-eabi/7.2.1/../../../../arm-none-eabi/lib/thumb/v7-m\libc.a(lib_a-init.o)
                0x0000287c                __libc_init_array
 .text.malloc   0x000028c4       0x10 c:/nxp/mcuxpressoide_10.2.1_795/ide/tools/bin/../lib/gcc/arm-none-eabi/7.2.1/../../../../arm-none-eabi/lib/thumb/v7-m\libc.a(lib_a-malloc.o)
                0x000028c4                malloc
 .text.free     0x000028d4       0x10 c:/nxp/mcuxpressoide_10.2.1_795/ide/tools/bin/../lib/gcc/arm-none-eabi/7.2.1/../../../../arm-none-eabi/lib/thumb/v7-m\libc.a(lib_a-malloc.o)
                0x000028d4                free
 .text._malloc_r
                0x000028e4      0x524 c:/nxp/mcuxpressoide_10.2.1_795/ide/tools/bin/../lib/gcc/arm-none-eabi/7.2.1/../../../../arm-none-eabi/lib/thumb/v7-m\libc.a(lib_a-mallocr.o)
                0x000028e4                _malloc_r
 .text          0x00002e08       0xec c:/nxp/mcuxpressoide_10.2.1_795/ide/tools/bin/../lib/gcc/arm-none-eabi/7.2.1/../../../../arm-none-eabi/lib/thumb/v7-m\libc.a(lib_a-memcpy.o)
                0x00002e08                memcpy
 .text.memset   0x00002ef4       0x94 c:/nxp/mcuxpressoide_10.2.1_795/ide/tools/bin/../lib/gcc/arm-none-eabi/7.2.1/../../../../arm-none-eabi/lib/thumb/v7-m\libc.a(lib_a-memset.o)
                0x00002ef4                memset
 .text.__malloc_lock
                0x00002f88        0xc c:/nxp/mcuxpressoide_10.2.1_795/ide/tools/bin/../lib/gcc/arm-none-eabi/7.2.1/../../../../arm-none-eabi/lib/thumb/v7-m\libc.a(lib_a-mlock.o)
                0x00002f88                __malloc_lock
 .text.__malloc_unlock
                0x00002f94        0xc c:/nxp/mcuxpressoide_10.2.1_795/ide/tools/bin/../lib/gcc/arm-none-eabi/7.2.1/../../../../arm-none-eabi/lib/thumb/v7-m\libc.a(lib_a-mlock.o)
                0x00002f94                __malloc_unlock
 .text.cleanup_glue
                0x00002fa0       0x28 c:/nxp/mcuxpressoide_10.2.1_795/ide/tools/bin/../lib/gcc/arm-none-eabi/7.2.1/../../../../arm-none-eabi/lib/thumb/v7-m\libc.a(lib_a-reent.o)
                0x00002fa0                cleanup_glue
 .text._reclaim_reent
                0x00002fc8       0x88 c:/nxp/mcuxpressoide_10.2.1_795/ide/tools/bin/../lib/gcc/arm-none-eabi/7.2.1/../../../../arm-none-eabi/lib/thumb/v7-m\libc.a(lib_a-reent.o)
                0x00002fc8                _reclaim_reent
 .text._sbrk_r  0x00003050       0x24 c:/nxp/mcuxpressoide_10.2.1_795/ide/tools/bin/../lib/gcc/arm-none-eabi/7.2.1/../../../../arm-none-eabi/lib/thumb/v7-m\libc.a(lib_a-sbrkr.o)
                0x00003050                _sbrk_r
 .text.snprintf
                0x00003074       0x8c c:/nxp/mcuxpressoide_10.2.1_795/ide/tools/bin/../lib/gcc/arm-none-eabi/7.2.1/../../../../arm-none-eabi/lib/thumb/v7-m\libc.a(lib_a-snprintf.o)
                0x00003074                snprintf
 .text.strlen   0x00003100       0x5c c:/nxp/mcuxpressoide_10.2.1_795/ide/tools/bin/../lib/gcc/arm-none-eabi/7.2.1/../../../../arm-none-eabi/lib/thumb/v7-m\libc.a(lib_a-strlen-stub.o)
                0x00003100                strlen
 .text._svfprintf_r
                0x0000315c     0x14ec c:/nxp/mcuxpressoide_10.2.1_795/ide/tools/bin/../lib/gcc/arm-none-eabi/7.2.1/../../../../arm-none-eabi/lib/thumb/v7-m\libc.a(lib_a-svfprintf.o)
                0x0000315c                _svfprintf_r
 .text.quorem   0x00004648      0x124 c:/nxp/mcuxpressoide_10.2.1_795/ide/tools/bin/../lib/gcc/arm-none-eabi/7.2.1/../../../../arm-none-eabi/lib/thumb/v7-m\libc.a(lib_a-dtoa.o)
 *fill*         0x0000476c        0x4 ff
 .text._dtoa_r  0x00004770      0xe30 c:/nxp/mcuxpressoide_10.2.1_795/ide/tools/bin/../lib/gcc/arm-none-eabi/7.2.1/../../../../arm-none-eabi/lib/thumb/v7-m\libc.a(lib_a-dtoa.o)
                0x00004770                _dtoa_r
 .text._malloc_trim_r
                0x000055a0       0xa0 c:/nxp/mcuxpressoide_10.2.1_795/ide/tools/bin/../lib/gcc/arm-none-eabi/7.2.1/../../../../arm-none-eabi/lib/thumb/v7-m\libc.a(lib_a-freer.o)
                0x000055a0                _malloc_trim_r
 .text._free_r  0x00005640      0x1e8 c:/nxp/mcuxpressoide_10.2.1_795/ide/tools/bin/../lib/gcc/arm-none-eabi/7.2.1/../../../../arm-none-eabi/lib/thumb/v7-m\libc.a(lib_a-freer.o)
                0x00005640                _free_r
 .text._localeconv_r
                0x00005828       0x1c c:/nxp/mcuxpressoide_10.2.1_795/ide/tools/bin/../lib/gcc/arm-none-eabi/7.2.1/../../../../arm-none-eabi/lib/thumb/v7-m\libc.a(lib_a-localeconv.o)
                0x00005828                _localeconv_r
 .text.__retarget_lock_acquire_recursive
                0x00005844        0x4 c:/nxp/mcuxpressoide_10.2.1_795/ide/tools/bin/../lib/gcc/arm-none-eabi/7.2.1/../../../../arm-none-eabi/lib/thumb/v7-m\libc.a(lib_a-lock.o)
                0x00005844                __retarget_lock_acquire_recursive
 .text.__retarget_lock_release_recursive
                0x00005848        0x4 c:/nxp/mcuxpressoide_10.2.1_795/ide/tools/bin/../lib/gcc/arm-none-eabi/7.2.1/../../../../arm-none-eabi/lib/thumb/v7-m\libc.a(lib_a-lock.o)
                0x00005848                __retarget_lock_release_recursive
 .text.memchr   0x0000584c       0x8c c:/nxp/mcuxpressoide_10.2.1_795/ide/tools/bin/../lib/gcc/arm-none-eabi/7.2.1/../../../../arm-none-eabi/lib/thumb/v7-m\libc.a(lib_a-memchr-stub.o)
                0x0000584c                memchr
 .text._Balloc  0x000058d8       0x4c c:/nxp/mcuxpressoide_10.2.1_795/ide/tools/bin/../lib/gcc/arm-none-eabi/7.2.1/../../../../arm-none-eabi/lib/thumb/v7-m\libc.a(lib_a-mprec.o)
                0x000058d8                _Balloc
 .text._Bfree   0x00005924       0x14 c:/nxp/mcuxpressoide_10.2.1_795/ide/tools/bin/../lib/gcc/arm-none-eabi/7.2.1/../../../../arm-none-eabi/lib/thumb/v7-m\libc.a(lib_a-mprec.o)
                0x00005924                _Bfree
 .text.__multadd
                0x00005938       0x84 c:/nxp/mcuxpressoide_10.2.1_795/ide/tools/bin/../lib/gcc/arm-none-eabi/7.2.1/../../../../arm-none-eabi/lib/thumb/v7-m\libc.a(lib_a-mprec.o)
                0x00005938                __multadd
 .text.__hi0bits
                0x000059bc       0x40 c:/nxp/mcuxpressoide_10.2.1_795/ide/tools/bin/../lib/gcc/arm-none-eabi/7.2.1/../../../../arm-none-eabi/lib/thumb/v7-m\libc.a(lib_a-mprec.o)
                0x000059bc                __hi0bits
 .text.__lo0bits
                0x000059fc       0x60 c:/nxp/mcuxpressoide_10.2.1_795/ide/tools/bin/../lib/gcc/arm-none-eabi/7.2.1/../../../../arm-none-eabi/lib/thumb/v7-m\libc.a(lib_a-mprec.o)
                0x000059fc                __lo0bits
 .text.__i2b    0x00005a5c       0x14 c:/nxp/mcuxpressoide_10.2.1_795/ide/tools/bin/../lib/gcc/arm-none-eabi/7.2.1/../../../../arm-none-eabi/lib/thumb/v7-m\libc.a(lib_a-mprec.o)
                0x00005a5c                __i2b
 .text.__multiply
                0x00005a70      0x14c c:/nxp/mcuxpressoide_10.2.1_795/ide/tools/bin/../lib/gcc/arm-none-eabi/7.2.1/../../../../arm-none-eabi/lib/thumb/v7-m\libc.a(lib_a-mprec.o)
                0x00005a70                __multiply
 .text.__pow5mult
                0x00005bbc       0xa0 c:/nxp/mcuxpressoide_10.2.1_795/ide/tools/bin/../lib/gcc/arm-none-eabi/7.2.1/../../../../arm-none-eabi/lib/thumb/v7-m\libc.a(lib_a-mprec.o)
                0x00005bbc                __pow5mult
 .text.__lshift
                0x00005c5c       0xb4 c:/nxp/mcuxpressoide_10.2.1_795/ide/tools/bin/../lib/gcc/arm-none-eabi/7.2.1/../../../../arm-none-eabi/lib/thumb/v7-m\libc.a(lib_a-mprec.o)
                0x00005c5c                __lshift
 .text.__mcmp   0x00005d10       0x38 c:/nxp/mcuxpressoide_10.2.1_795/ide/tools/bin/../lib/gcc/arm-none-eabi/7.2.1/../../../../arm-none-eabi/lib/thumb/v7-m\libc.a(lib_a-mprec.o)
                0x00005d10                __mcmp
 .text.__mdiff  0x00005d48      0x100 c:/nxp/mcuxpressoide_10.2.1_795/ide/tools/bin/../lib/gcc/arm-none-eabi/7.2.1/../../../../arm-none-eabi/lib/thumb/v7-m\libc.a(lib_a-mprec.o)
                0x00005d48                __mdiff
 .text.__d2b    0x00005e48       0xb0 c:/nxp/mcuxpressoide_10.2.1_795/ide/tools/bin/../lib/gcc/arm-none-eabi/7.2.1/../../../../arm-none-eabi/lib/thumb/v7-m\libc.a(lib_a-mprec.o)
                0x00005e48                __d2b
 .text.__ssprint_r
                0x00005ef8       0xf4 c:/nxp/mcuxpressoide_10.2.1_795/ide/tools/bin/../lib/gcc/arm-none-eabi/7.2.1/../../../../arm-none-eabi/lib/thumb/v7-m\libc.a(lib_a-svfiprintf.o)
                0x00005ef8                __ssprint_r
 .text._calloc_r
                0x00005fec       0x6c c:/nxp/mcuxpressoide_10.2.1_795/ide/tools/bin/../lib/gcc/arm-none-eabi/7.2.1/../../../../arm-none-eabi/lib/thumb/v7-m\libc.a(lib_a-callocr.o)
                0x00005fec                _calloc_r
 .text.__ascii_mbtowc
                0x00006058       0x2c c:/nxp/mcuxpressoide_10.2.1_795/ide/tools/bin/../lib/gcc/arm-none-eabi/7.2.1/../../../../arm-none-eabi/lib/thumb/v7-m\libc.a(lib_a-mbtowc_r.o)
                0x00006058                __ascii_mbtowc
 .text.memmove  0x00006084       0xc4 c:/nxp/mcuxpressoide_10.2.1_795/ide/tools/bin/../lib/gcc/arm-none-eabi/7.2.1/../../../../arm-none-eabi/lib/thumb/v7-m\libc.a(lib_a-memmove.o)
                0x00006084                memmove
 .text._realloc_r
                0x00006148      0x374 c:/nxp/mcuxpressoide_10.2.1_795/ide/tools/bin/../lib/gcc/arm-none-eabi/7.2.1/../../../../arm-none-eabi/lib/thumb/v7-m\libc.a(lib_a-reallocr.o)
                0x00006148                _realloc_r
 .text.__ascii_wctomb
                0x000064bc       0x18 c:/nxp/mcuxpressoide_10.2.1_795/ide/tools/bin/../lib/gcc/arm-none-eabi/7.2.1/../../../../arm-none-eabi/lib/thumb/v7-m\libc.a(lib_a-wctomb_r.o)
                0x000064bc                __ascii_wctomb
 .text._sbrk    0x000064d4       0x3c c:/nxp/mcuxpressoide_10.2.1_795/ide/tools/bin/../lib/gcc/arm-none-eabi/7.2.1/../../../../arm-none-eabi/lib/thumb/v7-m\libcr_newlib_nohost.a(_cr_sbrk.o)
                0x000064d4                _sbrk
 .text.__check_heap_overflow
                0x00006510       0x18 c:/nxp/mcuxpressoide_10.2.1_795/ide/tools/bin/../lib/gcc/arm-none-eabi/7.2.1/../../../../arm-none-eabi/lib/thumb/v7-m\libcr_newlib_nohost.a(_cr_check_heap.o)
                0x00006510                __check_heap_overflow
 .text          0x00006528       0x40 c:/nxp/mcuxpressoide_10.2.1_795/ide/tools/bin/../lib/gcc/arm-none-eabi/7.2.1/thumb/v7-m\crtbegin.o
 .text          0x00006568      0x378 c:/nxp/mcuxpressoide_10.2.1_795/ide/tools/bin/../lib/gcc/arm-none-eabi/7.2.1/thumb/v7-m\libgcc.a(_arm_addsubdf3.o)
                0x00006568                __aeabi_drsub
                0x00006570                __aeabi_dsub
                0x00006570                __subdf3
                0x00006574                __aeabi_dadd
                0x00006574                __adddf3
                0x000067ec                __floatunsidf
                0x000067ec                __aeabi_ui2d
                0x0000680c                __floatsidf
                0x0000680c                __aeabi_i2d
                0x00006830                __aeabi_f2d
                0x00006830                __extendsfdf2
                0x00006874                __floatundidf
                0x00006874                __aeabi_ul2d
                0x00006884                __floatdidf
                0x00006884                __aeabi_l2d
 .text          0x000068e0      0x424 c:/nxp/mcuxpressoide_10.2.1_795/ide/tools/bin/../lib/gcc/arm-none-eabi/7.2.1/thumb/v7-m\libgcc.a(_arm_muldivdf3.o)
                0x000068e0                __aeabi_dmul
                0x000068e0                __muldf3
                0x00006b34                __divdf3
                0x00006b34                __aeabi_ddiv
 .text          0x00006d04      0x110 c:/nxp/mcuxpressoide_10.2.1_795/ide/tools/bin/../lib/gcc/arm-none-eabi/7.2.1/thumb/v7-m\libgcc.a(_arm_cmpdf2.o)
                0x00006d04                __gtdf2
                0x00006d04                __gedf2
                0x00006d0c                __ltdf2
                0x00006d0c                __ledf2
                0x00006d14                __nedf2
                0x00006d14                __eqdf2
                0x00006d14                __cmpdf2
                0x00006d90                __aeabi_cdrcmple
                0x00006da0                __aeabi_cdcmpeq
                0x00006da0                __aeabi_cdcmple
                0x00006db0                __aeabi_dcmpeq
                0x00006dc4                __aeabi_dcmplt
                0x00006dd8                __aeabi_dcmple
                0x00006dec                __aeabi_dcmpge
                0x00006e00                __aeabi_dcmpgt
 .text          0x00006e14       0x2c c:/nxp/mcuxpressoide_10.2.1_795/ide/tools/bin/../lib/gcc/arm-none-eabi/7.2.1/thumb/v7-m\libgcc.a(_arm_unorddf2.o)
                0x00006e14                __unorddf2
                0x00006e14                __aeabi_dcmpun
 .text          0x00006e40       0x50 c:/nxp/mcuxpressoide_10.2.1_795/ide/tools/bin/../lib/gcc/arm-none-eabi/7.2.1/thumb/v7-m\libgcc.a(_arm_fixdfsi.o)
                0x00006e40                __aeabi_d2iz
                0x00006e40                __fixdfsi
 .text.__errno  0x00006e90        0xc c:/nxp/mcuxpressoide_10.2.1_795/ide/tools/bin/../lib/gcc/arm-none-eabi/7.2.1/../../../../arm-none-eabi/lib/thumb/v7-m\libc.a(lib_a-errno.o)
                0x00006e90                __errno
 *(.rodata .rodata.* .constdata .constdata.*)
 .rodata._ZTV12DigitalIoPin
                0x00006e9c       0x14 ./src/DigitalIoPin.o
                0x00006e9c                vtable for DigitalIoPin
 .rodata        0x00006eb0       0x16 ./src/LAB_7.1.o
 *fill*         0x00006ec6        0x2 ff
 .rodata._ZTV14LimitedCounter
                0x00006ec8       0x10 ./src/LimitedCounter.o
                0x00006ec8                vtable for LimitedCounter
 .rodata.OscRateIn
                0x00006ed8        0x4 C:\Users\Lauri\Documents\MCUXpressoIDE_10.2.1_795\workspace\lab7PWM_Workspace\lpc_board_nxp_lpcxpresso_1549\Debug\liblpc_board_nxp_lpcxpresso_1549.a(board.o)
                0x00006ed8                OscRateIn
 .rodata.RTCOscRateIn
                0x00006edc        0x4 C:\Users\Lauri\Documents\MCUXpressoIDE_10.2.1_795\workspace\lab7PWM_Workspace\lpc_board_nxp_lpcxpresso_1549\Debug\liblpc_board_nxp_lpcxpresso_1549.a(board.o)
                0x00006edc                RTCOscRateIn
 .rodata.ledpins
                0x00006ee0        0x3 C:\Users\Lauri\Documents\MCUXpressoIDE_10.2.1_795\workspace\lab7PWM_Workspace\lpc_board_nxp_lpcxpresso_1549\Debug\liblpc_board_nxp_lpcxpresso_1549.a(board.o)
 *fill*         0x00006ee3        0x1 ff
 .rodata.ledports
                0x00006ee4        0x3 C:\Users\Lauri\Documents\MCUXpressoIDE_10.2.1_795\workspace\lab7PWM_Workspace\lpc_board_nxp_lpcxpresso_1549\Debug\liblpc_board_nxp_lpcxpresso_1549.a(board.o)
 *fill*         0x00006ee7        0x1 ff
 .rodata.ioconSetup
                0x00006ee8       0x74 C:\Users\Lauri\Documents\MCUXpressoIDE_10.2.1_795\workspace\lab7PWM_Workspace\lpc_board_nxp_lpcxpresso_1549\Debug\liblpc_board_nxp_lpcxpresso_1549.a(board_sysinit.o)
 .rodata.swmSetup
                0x00006f5c        0x6 C:\Users\Lauri\Documents\MCUXpressoIDE_10.2.1_795\workspace\lab7PWM_Workspace\lpc_board_nxp_lpcxpresso_1549\Debug\liblpc_board_nxp_lpcxpresso_1549.a(board_sysinit.o)
 *fill*         0x00006f62        0x2 ff
 .rodata        0x00006f64       0x28 C:\Users\Lauri\Documents\MCUXpressoIDE_10.2.1_795\workspace\lab7PWM_Workspace\FreeRTOS\Debug\libFreeRTOS.a(tasks.o)
                0x00006f7c                FreeRTOSDebugConfig
 .rodata._svfprintf_r.str1.4
                0x00006f8c       0x42 c:/nxp/mcuxpressoide_10.2.1_795/ide/tools/bin/../lib/gcc/arm-none-eabi/7.2.1/../../../../arm-none-eabi/lib/thumb/v7-m\libc.a(lib_a-svfprintf.o)
 *fill*         0x00006fce        0x2 ff
 .rodata.blanks.7276
                0x00006fd0       0x10 c:/nxp/mcuxpressoide_10.2.1_795/ide/tools/bin/../lib/gcc/arm-none-eabi/7.2.1/../../../../arm-none-eabi/lib/thumb/v7-m\libc.a(lib_a-svfprintf.o)
 .rodata.zeroes.7277
                0x00006fe0       0x10 c:/nxp/mcuxpressoide_10.2.1_795/ide/tools/bin/../lib/gcc/arm-none-eabi/7.2.1/../../../../arm-none-eabi/lib/thumb/v7-m\libc.a(lib_a-svfprintf.o)
 .rodata._dtoa_r.str1.4
                0x00006ff0       0x10 c:/nxp/mcuxpressoide_10.2.1_795/ide/tools/bin/../lib/gcc/arm-none-eabi/7.2.1/../../../../arm-none-eabi/lib/thumb/v7-m\libc.a(lib_a-dtoa.o)
                                 0x12 (size before relaxing)
 .rodata.__mprec_bigtens
                0x00007000       0x28 c:/nxp/mcuxpressoide_10.2.1_795/ide/tools/bin/../lib/gcc/arm-none-eabi/7.2.1/../../../../arm-none-eabi/lib/thumb/v7-m\libc.a(lib_a-mprec.o)
                0x00007000                __mprec_bigtens
 .rodata.__mprec_tens
                0x00007028       0xc8 c:/nxp/mcuxpressoide_10.2.1_795/ide/tools/bin/../lib/gcc/arm-none-eabi/7.2.1/../../../../arm-none-eabi/lib/thumb/v7-m\libc.a(lib_a-mprec.o)
                0x00007028                __mprec_tens
 .rodata.p05.6092
                0x000070f0        0xc c:/nxp/mcuxpressoide_10.2.1_795/ide/tools/bin/../lib/gcc/arm-none-eabi/7.2.1/../../../../arm-none-eabi/lib/thumb/v7-m\libc.a(lib_a-mprec.o)
 .rodata._setlocale_r.str1.4
                0x000070fc        0xa c:/nxp/mcuxpressoide_10.2.1_795/ide/tools/bin/../lib/gcc/arm-none-eabi/7.2.1/../../../../arm-none-eabi/lib/thumb/v7-m\libc.a(lib_a-locale.o)
                                  0xd (size before relaxing)
 *fill*         0x00007106        0x2 ff
 .rodata.str1.4
                0x00007108        0x4 c:/nxp/mcuxpressoide_10.2.1_795/ide/tools/bin/../lib/gcc/arm-none-eabi/7.2.1/../../../../arm-none-eabi/lib/thumb/v7-m\libc.a(lib_a-locale.o)
                                  0x2 (size before relaxing)
 .rodata._ctype_
                0x0000710c      0x101 c:/nxp/mcuxpressoide_10.2.1_795/ide/tools/bin/../lib/gcc/arm-none-eabi/7.2.1/../../../../arm-none-eabi/lib/thumb/v7-m\libc.a(lib_a-ctype_.o)
                0x0000710c                _ctype_
                0x00007210                . = ALIGN (0x4)
 *fill*         0x0000720d        0x3 ff
                0x00007210                . = ALIGN (0x4)
 *(.init)
 .init          0x00007210        0x4 c:/nxp/mcuxpressoide_10.2.1_795/ide/tools/bin/../lib/gcc/arm-none-eabi/7.2.1/thumb/v7-m\crti.o
                0x00007210                _init
 .init          0x00007214        0x8 c:/nxp/mcuxpressoide_10.2.1_795/ide/tools/bin/../lib/gcc/arm-none-eabi/7.2.1/thumb/v7-m\crtn.o
                0x0000721c                . = ALIGN (0x4)
                0x0000721c                __preinit_array_start = .
 *(.preinit_array)
                0x0000721c                __preinit_array_end = .
                0x0000721c                . = ALIGN (0x4)
                0x0000721c                __init_array_start = .
 *(SORT_BY_NAME(.init_array.*))
 *(.init_array)
 .init_array    0x0000721c        0x4 c:/nxp/mcuxpressoide_10.2.1_795/ide/tools/bin/../lib/gcc/arm-none-eabi/7.2.1/thumb/v7-m\crtbegin.o
                0x00007220                __init_array_end = .
 *(.fini)
 .fini          0x00007220        0x4 c:/nxp/mcuxpressoide_10.2.1_795/ide/tools/bin/../lib/gcc/arm-none-eabi/7.2.1/thumb/v7-m\crti.o
                0x00007220                _fini
 .fini          0x00007224        0x8 c:/nxp/mcuxpressoide_10.2.1_795/ide/tools/bin/../lib/gcc/arm-none-eabi/7.2.1/thumb/v7-m\crtn.o
                0x0000722c                . = ALIGN (0x4)
 *crtbegin.o(.ctors)
 *(EXCLUDE_FILE(*crtend.o) .ctors)
 *(SORT_BY_NAME(.ctors.*))
 *crtend.o(.ctors)
                0x0000722c                . = ALIGN (0x4)
 *crtbegin.o(.dtors)
 *(EXCLUDE_FILE(*crtend.o) .dtors)
 *(SORT_BY_NAME(.dtors.*))
 *crtend.o(.dtors)
                0x0000722c                . = ALIGN (0x4)

.glue_7         0x0000722c        0x0
 .glue_7        0x0000722c        0x0 linker stubs

.glue_7t        0x0000722c        0x0
 .glue_7t       0x0000722c        0x0 linker stubs

.vfp11_veneer   0x0000722c        0x0
 .vfp11_veneer  0x0000722c        0x0 linker stubs

.v4_bx          0x0000722c        0x0
 .v4_bx         0x0000722c        0x0 linker stubs

.iplt           0x0000722c        0x0
 .iplt          0x0000722c        0x0 ./src/DigitalIoPin.o

.ARM.extab
 *(.ARM.extab* .gnu.linkonce.armextab.*)
                0x0000722c                __exidx_start = .

.ARM.exidx      0x0000722c        0x8
 *(.ARM.exidx* .gnu.linkonce.armexidx.*)
 .ARM.exidx     0x0000722c        0x8 c:/nxp/mcuxpressoide_10.2.1_795/ide/tools/bin/../lib/gcc/arm-none-eabi/7.2.1/thumb/v7-m\libgcc.a(_udivmoddi4.o)
                0x00007234                __exidx_end = .
                0x00007234                _etext = .

.rel.dyn        0x00007234        0x0
 .rel.iplt      0x00007234        0x0 ./src/DigitalIoPin.o

.eh_frame       0x00007234        0x0
 .eh_frame      0x00007234        0x0 c:/nxp/mcuxpressoide_10.2.1_795/ide/tools/bin/../lib/gcc/arm-none-eabi/7.2.1/thumb/v7-m\crtbegin.o

.data_RAM2      0x02008000        0x0 load address 0x00007234
 FILL mask 0xff
                [!provide]                PROVIDE (__start_data_RAM2, .)
 *(.ramfunc.$RAM2)
 *(.ramfunc.$Ram2_4)
 *(.data.$RAM2*)
 *(.data.$Ram2_4*)
                0x02008000                . = ALIGN (0x4)
                [!provide]                PROVIDE (__end_data_RAM2, .)

.uninit_RESERVED
                0x02000000        0x0
 *(.bss.$RESERVED*)
                0x02000000                . = ALIGN (0x4)
                0x02000000                _end_uninit_RESERVED = .

.data           0x02000000      0x9ac load address 0x00007234
 FILL mask 0xff
                0x02000000                _data = .
 *(vtable)
 *(.ramfunc*)
 *(.data*)
 .data.uxCriticalNesting
                0x02000000        0x4 C:\Users\Lauri\Documents\MCUXpressoIDE_10.2.1_795\workspace\lab7PWM_Workspace\FreeRTOS\Debug\libFreeRTOS.a(port.o)
 .data._impure_ptr
                0x02000004        0x4 c:/nxp/mcuxpressoide_10.2.1_795/ide/tools/bin/../lib/gcc/arm-none-eabi/7.2.1/../../../../arm-none-eabi/lib/thumb/v7-m\libc.a(lib_a-impure.o)
                0x02000004                _impure_ptr
 .data.impure_data
                0x02000008      0x428 c:/nxp/mcuxpressoide_10.2.1_795/ide/tools/bin/../lib/gcc/arm-none-eabi/7.2.1/../../../../arm-none-eabi/lib/thumb/v7-m\libc.a(lib_a-impure.o)
 .data.__malloc_av_
                0x02000430      0x408 c:/nxp/mcuxpressoide_10.2.1_795/ide/tools/bin/../lib/gcc/arm-none-eabi/7.2.1/../../../../arm-none-eabi/lib/thumb/v7-m\libc.a(lib_a-mallocr.o)
                0x02000430                __malloc_av_
 .data.__malloc_sbrk_base
                0x02000838        0x4 c:/nxp/mcuxpressoide_10.2.1_795/ide/tools/bin/../lib/gcc/arm-none-eabi/7.2.1/../../../../arm-none-eabi/lib/thumb/v7-m\libc.a(lib_a-mallocr.o)
                0x02000838                __malloc_sbrk_base
 .data.__malloc_trim_threshold
                0x0200083c        0x4 c:/nxp/mcuxpressoide_10.2.1_795/ide/tools/bin/../lib/gcc/arm-none-eabi/7.2.1/../../../../arm-none-eabi/lib/thumb/v7-m\libc.a(lib_a-mallocr.o)
                0x0200083c                __malloc_trim_threshold
 .data.__global_locale
                0x02000840      0x16c c:/nxp/mcuxpressoide_10.2.1_795/ide/tools/bin/../lib/gcc/arm-none-eabi/7.2.1/../../../../arm-none-eabi/lib/thumb/v7-m\libc.a(lib_a-locale.o)
                0x02000840                __global_locale
                0x020009ac                . = ALIGN (0x4)
                0x020009ac                _edata = .

.igot.plt       0x020009ac        0x0 load address 0x00007be0
 .igot.plt      0x020009ac        0x0 ./src/DigitalIoPin.o

.bss_RAM2       0x02008000        0x0
                [!provide]                PROVIDE (__start_bss_RAM2, .)
 *(.bss.$RAM2*)
 *(.bss.$Ram2_4*)
                0x02008000                . = ALIGN ((. != 0x0)?0x4:0x1)
                [!provide]                PROVIDE (__end_bss_RAM2, .)

.bss            0x020009ac      0x1c0
                0x020009ac                _bss = .
 *(.bss*)
 .bss.pxCurrentTCB
                0x020009ac        0x4 C:\Users\Lauri\Documents\MCUXpressoIDE_10.2.1_795\workspace\lab7PWM_Workspace\FreeRTOS\Debug\libFreeRTOS.a(tasks.o)
                0x020009ac                pxCurrentTCB
 .bss.pxReadyTasksLists
                0x020009b0       0xa0 C:\Users\Lauri\Documents\MCUXpressoIDE_10.2.1_795\workspace\lab7PWM_Workspace\FreeRTOS\Debug\libFreeRTOS.a(tasks.o)
 .bss.xDelayedTaskList1
                0x02000a50       0x14 C:\Users\Lauri\Documents\MCUXpressoIDE_10.2.1_795\workspace\lab7PWM_Workspace\FreeRTOS\Debug\libFreeRTOS.a(tasks.o)
 .bss.xDelayedTaskList2
                0x02000a64       0x14 C:\Users\Lauri\Documents\MCUXpressoIDE_10.2.1_795\workspace\lab7PWM_Workspace\FreeRTOS\Debug\libFreeRTOS.a(tasks.o)
 .bss.pxDelayedTaskList
                0x02000a78        0x4 C:\Users\Lauri\Documents\MCUXpressoIDE_10.2.1_795\workspace\lab7PWM_Workspace\FreeRTOS\Debug\libFreeRTOS.a(tasks.o)
 .bss.pxOverflowDelayedTaskList
                0x02000a7c        0x4 C:\Users\Lauri\Documents\MCUXpressoIDE_10.2.1_795\workspace\lab7PWM_Workspace\FreeRTOS\Debug\libFreeRTOS.a(tasks.o)
 .bss.xPendingReadyList
                0x02000a80       0x14 C:\Users\Lauri\Documents\MCUXpressoIDE_10.2.1_795\workspace\lab7PWM_Workspace\FreeRTOS\Debug\libFreeRTOS.a(tasks.o)
 .bss.xTasksWaitingTermination
                0x02000a94       0x14 C:\Users\Lauri\Documents\MCUXpressoIDE_10.2.1_795\workspace\lab7PWM_Workspace\FreeRTOS\Debug\libFreeRTOS.a(tasks.o)
 .bss.uxDeletedTasksWaitingCleanUp
                0x02000aa8        0x4 C:\Users\Lauri\Documents\MCUXpressoIDE_10.2.1_795\workspace\lab7PWM_Workspace\FreeRTOS\Debug\libFreeRTOS.a(tasks.o)
 .bss.xSuspendedTaskList
                0x02000aac       0x14 C:\Users\Lauri\Documents\MCUXpressoIDE_10.2.1_795\workspace\lab7PWM_Workspace\FreeRTOS\Debug\libFreeRTOS.a(tasks.o)
 .bss.uxCurrentNumberOfTasks
                0x02000ac0        0x4 C:\Users\Lauri\Documents\MCUXpressoIDE_10.2.1_795\workspace\lab7PWM_Workspace\FreeRTOS\Debug\libFreeRTOS.a(tasks.o)
 .bss.xTickCount
                0x02000ac4        0x4 C:\Users\Lauri\Documents\MCUXpressoIDE_10.2.1_795\workspace\lab7PWM_Workspace\FreeRTOS\Debug\libFreeRTOS.a(tasks.o)
 .bss.uxTopReadyPriority
                0x02000ac8        0x4 C:\Users\Lauri\Documents\MCUXpressoIDE_10.2.1_795\workspace\lab7PWM_Workspace\FreeRTOS\Debug\libFreeRTOS.a(tasks.o)
 .bss.xSchedulerRunning
                0x02000acc        0x4 C:\Users\Lauri\Documents\MCUXpressoIDE_10.2.1_795\workspace\lab7PWM_Workspace\FreeRTOS\Debug\libFreeRTOS.a(tasks.o)
 .bss.uxPendedTicks
                0x02000ad0        0x4 C:\Users\Lauri\Documents\MCUXpressoIDE_10.2.1_795\workspace\lab7PWM_Workspace\FreeRTOS\Debug\libFreeRTOS.a(tasks.o)
 .bss.xYieldPending
                0x02000ad4        0x4 C:\Users\Lauri\Documents\MCUXpressoIDE_10.2.1_795\workspace\lab7PWM_Workspace\FreeRTOS\Debug\libFreeRTOS.a(tasks.o)
 .bss.xNumOfOverflows
                0x02000ad8        0x4 C:\Users\Lauri\Documents\MCUXpressoIDE_10.2.1_795\workspace\lab7PWM_Workspace\FreeRTOS\Debug\libFreeRTOS.a(tasks.o)
 .bss.uxTaskNumber
                0x02000adc        0x4 C:\Users\Lauri\Documents\MCUXpressoIDE_10.2.1_795\workspace\lab7PWM_Workspace\FreeRTOS\Debug\libFreeRTOS.a(tasks.o)
 .bss.xNextTaskUnblockTime
                0x02000ae0        0x4 C:\Users\Lauri\Documents\MCUXpressoIDE_10.2.1_795\workspace\lab7PWM_Workspace\FreeRTOS\Debug\libFreeRTOS.a(tasks.o)
 .bss.xIdleTaskHandle
                0x02000ae4        0x4 C:\Users\Lauri\Documents\MCUXpressoIDE_10.2.1_795\workspace\lab7PWM_Workspace\FreeRTOS\Debug\libFreeRTOS.a(tasks.o)
 .bss.uxSchedulerSuspended
                0x02000ae8        0x4 C:\Users\Lauri\Documents\MCUXpressoIDE_10.2.1_795\workspace\lab7PWM_Workspace\FreeRTOS\Debug\libFreeRTOS.a(tasks.o)
 .bss.__malloc_current_mallinfo
                0x02000aec       0x28 c:/nxp/mcuxpressoide_10.2.1_795/ide/tools/bin/../lib/gcc/arm-none-eabi/7.2.1/../../../../arm-none-eabi/lib/thumb/v7-m\libc.a(lib_a-mallocr.o)
                0x02000aec                __malloc_current_mallinfo
 .bss.__malloc_max_sbrked_mem
                0x02000b14        0x4 c:/nxp/mcuxpressoide_10.2.1_795/ide/tools/bin/../lib/gcc/arm-none-eabi/7.2.1/../../../../arm-none-eabi/lib/thumb/v7-m\libc.a(lib_a-mallocr.o)
                0x02000b14                __malloc_max_sbrked_mem
 .bss.__malloc_max_total_mem
                0x02000b18        0x4 c:/nxp/mcuxpressoide_10.2.1_795/ide/tools/bin/../lib/gcc/arm-none-eabi/7.2.1/../../../../arm-none-eabi/lib/thumb/v7-m\libc.a(lib_a-mallocr.o)
                0x02000b18                __malloc_max_total_mem
 .bss.__malloc_top_pad
                0x02000b1c        0x4 c:/nxp/mcuxpressoide_10.2.1_795/ide/tools/bin/../lib/gcc/arm-none-eabi/7.2.1/../../../../arm-none-eabi/lib/thumb/v7-m\libc.a(lib_a-mallocr.o)
                0x02000b1c                __malloc_top_pad
 .bss.__end_of_heap
                0x02000b20        0x4 c:/nxp/mcuxpressoide_10.2.1_795/ide/tools/bin/../lib/gcc/arm-none-eabi/7.2.1/../../../../arm-none-eabi/lib/thumb/v7-m\libcr_newlib_nohost.a(_cr_sbrk.o)
                0x02000b20                __end_of_heap
 .bss           0x02000b24       0x1c c:/nxp/mcuxpressoide_10.2.1_795/ide/tools/bin/../lib/gcc/arm-none-eabi/7.2.1/thumb/v7-m\crtbegin.o
 *(COMMON)
 COMMON         0x02000b40        0x4 C:\Users\Lauri\Documents\MCUXpressoIDE_10.2.1_795\workspace\lab7PWM_Workspace\lpc_chip_15xx\Debug\liblpc_chip_15xx.a(chip_15xx.o)
                0x02000b40                SystemCoreClock
 COMMON         0x02000b44        0x4 c:/nxp/mcuxpressoide_10.2.1_795/ide/tools/bin/../lib/gcc/arm-none-eabi/7.2.1/../../../../arm-none-eabi/lib/thumb/v7-m\libc.a(lib_a-reent.o)
                0x02000b44                errno
 COMMON         0x02000b48       0x21 c:/nxp/mcuxpressoide_10.2.1_795/ide/tools/bin/../lib/gcc/arm-none-eabi/7.2.1/../../../../arm-none-eabi/lib/thumb/v7-m\libc.a(lib_a-lock.o)
                0x02000b48                __lock___atexit_recursive_mutex
                0x02000b4c                __lock___arc4random_mutex
                0x02000b50                __lock___env_recursive_mutex
                0x02000b54                __lock___sinit_recursive_mutex
                0x02000b58                __lock___malloc_recursive_mutex
                0x02000b5c                __lock___at_quick_exit_mutex
                0x02000b60                __lock___dd_hash_mutex
                0x02000b64                __lock___tz_mutex
                0x02000b68                __lock___sfp_recursive_mutex
                0x02000b6c                . = ALIGN (0x4)
 *fill*         0x02000b69        0x3 
                0x02000b6c                _ebss = .
                [!provide]                PROVIDE (end, .)

.noinit_RAM2    0x02008000        0x0
 *(.noinit.$RAM2*)
 *(.noinit.$Ram2_4*)
                0x02008000                . = ALIGN (0x4)

.noinit         0x02000b6c        0x0
                0x02000b6c                _noinit = .
 *(.noinit*)
                0x02000b6c                . = ALIGN (0x4)
                0x02000b6c                _end_noinit = .
                0x02000b6c                PROVIDE (_pvHeapStart, DEFINED (__user_heap_base)?__user_heap_base:.)
                0x02008000                PROVIDE (_vStackTop, DEFINED (__user_stack_top)?__user_stack_top:(__top_Ram0_16_32 - 0x0))
                0xfdff735a                PROVIDE (__valid_user_code_checksum, (0x0 - ((((((_vStackTop + (ResetISR + 0x1)) + (NMI_Handler + 0x1)) + (HardFault_Handler + 0x1)) + (DEFINED (MemManage_Handler)?MemManage_Handler:0x0 + 0x1)) + (DEFINED (BusFault_Handler)?BusFault_Handler:0x0 + 0x1)) + (DEFINED (UsageFault_Handler)?UsageFault_Handler:0x0 + 0x1))))
                0x00000000                _image_start = LOADADDR (.text)
                0x00007be0                _image_end = (LOADADDR (.data) + SIZEOF (.data))
                0x00007be0                _image_size = (_image_end - _image_start)
OUTPUT(LAB_7.1.axf elf32-littlearm)

.debug_info     0x00000000    0x11879
 .debug_info    0x00000000      0x6c3 ./src/DigitalIoPin.o
 .debug_info    0x000006c3      0x3ae ./src/ITM_write.o
 .debug_info    0x00000a71     0x1dbf ./src/LAB_7.1.o
 .debug_info    0x00002830      0x57a ./src/LimitedCounter.o
 .debug_info    0x00002daa     0x109f ./src/cr_cpp_config.o
 .debug_info    0x00003e49      0x27e ./src/cr_startup_lpc15xx.o
 .debug_info    0x000040c7      0x96c ./src/sysinit.o
 .debug_info    0x00004a33     0x135e C:\Users\Lauri\Documents\MCUXpressoIDE_10.2.1_795\workspace\lab7PWM_Workspace\lpc_board_nxp_lpcxpresso_1549\Debug\liblpc_board_nxp_lpcxpresso_1549.a(board.o)
 .debug_info    0x00005d91     0x150a C:\Users\Lauri\Documents\MCUXpressoIDE_10.2.1_795\workspace\lab7PWM_Workspace\lpc_board_nxp_lpcxpresso_1549\Debug\liblpc_board_nxp_lpcxpresso_1549.a(board_sysinit.o)
 .debug_info    0x0000729b      0x9dd C:\Users\Lauri\Documents\MCUXpressoIDE_10.2.1_795\workspace\lab7PWM_Workspace\lpc_chip_15xx\Debug\liblpc_chip_15xx.a(chip_15xx.o)
 .debug_info    0x00007c78      0xd9e C:\Users\Lauri\Documents\MCUXpressoIDE_10.2.1_795\workspace\lab7PWM_Workspace\lpc_chip_15xx\Debug\liblpc_chip_15xx.a(clock_15xx.o)
 .debug_info    0x00008a16      0x688 C:\Users\Lauri\Documents\MCUXpressoIDE_10.2.1_795\workspace\lab7PWM_Workspace\lpc_chip_15xx\Debug\liblpc_chip_15xx.a(gpio_15xx.o)
 .debug_info    0x0000909e      0x279 C:\Users\Lauri\Documents\MCUXpressoIDE_10.2.1_795\workspace\lab7PWM_Workspace\lpc_chip_15xx\Debug\liblpc_chip_15xx.a(iocon_15xx.o)
 .debug_info    0x00009317      0xaba C:\Users\Lauri\Documents\MCUXpressoIDE_10.2.1_795\workspace\lab7PWM_Workspace\lpc_chip_15xx\Debug\liblpc_chip_15xx.a(sct_15xx.o)
 .debug_info    0x00009dd1      0x66c C:\Users\Lauri\Documents\MCUXpressoIDE_10.2.1_795\workspace\lab7PWM_Workspace\lpc_chip_15xx\Debug\liblpc_chip_15xx.a(swm_15xx.o)
 .debug_info    0x0000a43d      0x79f C:\Users\Lauri\Documents\MCUXpressoIDE_10.2.1_795\workspace\lab7PWM_Workspace\lpc_chip_15xx\Debug\liblpc_chip_15xx.a(sysctl_15xx.o)
 .debug_info    0x0000abdc      0x778 C:\Users\Lauri\Documents\MCUXpressoIDE_10.2.1_795\workspace\lab7PWM_Workspace\lpc_chip_15xx\Debug\liblpc_chip_15xx.a(sysinit_15xx.o)
 .debug_info    0x0000b354      0x955 C:\Users\Lauri\Documents\MCUXpressoIDE_10.2.1_795\workspace\lab7PWM_Workspace\lpc_chip_15xx\Debug\liblpc_chip_15xx.a(uart_15xx.o)
 .debug_info    0x0000bca9     0x2591 C:\Users\Lauri\Documents\MCUXpressoIDE_10.2.1_795\workspace\lab7PWM_Workspace\FreeRTOS\Debug\libFreeRTOS.a(tasks.o)
 .debug_info    0x0000e23a      0x9d7 C:\Users\Lauri\Documents\MCUXpressoIDE_10.2.1_795\workspace\lab7PWM_Workspace\FreeRTOS\Debug\libFreeRTOS.a(heap_3.o)
 .debug_info    0x0000ec11      0xca4 C:\Users\Lauri\Documents\MCUXpressoIDE_10.2.1_795\workspace\lab7PWM_Workspace\FreeRTOS\Debug\libFreeRTOS.a(port.o)
 .debug_info    0x0000f8b5      0xa85 C:\Users\Lauri\Documents\MCUXpressoIDE_10.2.1_795\workspace\lab7PWM_Workspace\FreeRTOS\Debug\libFreeRTOS.a(FreeRTOSCommonHooks.o)
 .debug_info    0x0001033a      0xb76 C:\Users\Lauri\Documents\MCUXpressoIDE_10.2.1_795\workspace\lab7PWM_Workspace\FreeRTOS\Debug\libFreeRTOS.a(list.o)
 .debug_info    0x00010eb0      0x95f c:/nxp/mcuxpressoide_10.2.1_795/ide/tools/bin/../lib/gcc/arm-none-eabi/7.2.1/../../../../arm-none-eabi/lib/thumb/v7-m\libcr_newlib_nohost.a(_cr_sbrk.o)
 .debug_info    0x0001180f       0x6a c:/nxp/mcuxpressoide_10.2.1_795/ide/tools/bin/../lib/gcc/arm-none-eabi/7.2.1/../../../../arm-none-eabi/lib/thumb/v7-m\libcr_newlib_nohost.a(_cr_check_heap.o)

.debug_abbrev   0x00000000     0x35ef
 .debug_abbrev  0x00000000      0x2da ./src/DigitalIoPin.o
 .debug_abbrev  0x000002da      0x134 ./src/ITM_write.o
 .debug_abbrev  0x0000040e      0x496 ./src/LAB_7.1.o
 .debug_abbrev  0x000008a4      0x1f9 ./src/LimitedCounter.o
 .debug_abbrev  0x00000a9d      0x32c ./src/cr_cpp_config.o
 .debug_abbrev  0x00000dc9      0x106 ./src/cr_startup_lpc15xx.o
 .debug_abbrev  0x00000ecf      0x1b1 ./src/sysinit.o
 .debug_abbrev  0x00001080      0x32b C:\Users\Lauri\Documents\MCUXpressoIDE_10.2.1_795\workspace\lab7PWM_Workspace\lpc_board_nxp_lpcxpresso_1549\Debug\liblpc_board_nxp_lpcxpresso_1549.a(board.o)
 .debug_abbrev  0x000013ab      0x2fa C:\Users\Lauri\Documents\MCUXpressoIDE_10.2.1_795\workspace\lab7PWM_Workspace\lpc_board_nxp_lpcxpresso_1549\Debug\liblpc_board_nxp_lpcxpresso_1549.a(board_sysinit.o)
 .debug_abbrev  0x000016a5      0x1c0 C:\Users\Lauri\Documents\MCUXpressoIDE_10.2.1_795\workspace\lab7PWM_Workspace\lpc_chip_15xx\Debug\liblpc_chip_15xx.a(chip_15xx.o)
 .debug_abbrev  0x00001865      0x2ac C:\Users\Lauri\Documents\MCUXpressoIDE_10.2.1_795\workspace\lab7PWM_Workspace\lpc_chip_15xx\Debug\liblpc_chip_15xx.a(clock_15xx.o)
 .debug_abbrev  0x00001b11      0x188 C:\Users\Lauri\Documents\MCUXpressoIDE_10.2.1_795\workspace\lab7PWM_Workspace\lpc_chip_15xx\Debug\liblpc_chip_15xx.a(gpio_15xx.o)
 .debug_abbrev  0x00001c99      0x144 C:\Users\Lauri\Documents\MCUXpressoIDE_10.2.1_795\workspace\lab7PWM_Workspace\lpc_chip_15xx\Debug\liblpc_chip_15xx.a(iocon_15xx.o)
 .debug_abbrev  0x00001ddd      0x202 C:\Users\Lauri\Documents\MCUXpressoIDE_10.2.1_795\workspace\lab7PWM_Workspace\lpc_chip_15xx\Debug\liblpc_chip_15xx.a(sct_15xx.o)
 .debug_abbrev  0x00001fdf      0x165 C:\Users\Lauri\Documents\MCUXpressoIDE_10.2.1_795\workspace\lab7PWM_Workspace\lpc_chip_15xx\Debug\liblpc_chip_15xx.a(swm_15xx.o)
 .debug_abbrev  0x00002144      0x13a C:\Users\Lauri\Documents\MCUXpressoIDE_10.2.1_795\workspace\lab7PWM_Workspace\lpc_chip_15xx\Debug\liblpc_chip_15xx.a(sysctl_15xx.o)
 .debug_abbrev  0x0000227e      0x1b5 C:\Users\Lauri\Documents\MCUXpressoIDE_10.2.1_795\workspace\lab7PWM_Workspace\lpc_chip_15xx\Debug\liblpc_chip_15xx.a(sysinit_15xx.o)
 .debug_abbrev  0x00002433      0x1fa C:\Users\Lauri\Documents\MCUXpressoIDE_10.2.1_795\workspace\lab7PWM_Workspace\lpc_chip_15xx\Debug\liblpc_chip_15xx.a(uart_15xx.o)
 .debug_abbrev  0x0000262d      0x398 C:\Users\Lauri\Documents\MCUXpressoIDE_10.2.1_795\workspace\lab7PWM_Workspace\FreeRTOS\Debug\libFreeRTOS.a(tasks.o)
 .debug_abbrev  0x000029c5      0x214 C:\Users\Lauri\Documents\MCUXpressoIDE_10.2.1_795\workspace\lab7PWM_Workspace\FreeRTOS\Debug\libFreeRTOS.a(heap_3.o)
 .debug_abbrev  0x00002bd9      0x31d C:\Users\Lauri\Documents\MCUXpressoIDE_10.2.1_795\workspace\lab7PWM_Workspace\FreeRTOS\Debug\libFreeRTOS.a(port.o)
 .debug_abbrev  0x00002ef6      0x26f C:\Users\Lauri\Documents\MCUXpressoIDE_10.2.1_795\workspace\lab7PWM_Workspace\FreeRTOS\Debug\libFreeRTOS.a(FreeRTOSCommonHooks.o)
 .debug_abbrev  0x00003165      0x205 C:\Users\Lauri\Documents\MCUXpressoIDE_10.2.1_795\workspace\lab7PWM_Workspace\FreeRTOS\Debug\libFreeRTOS.a(list.o)
 .debug_abbrev  0x0000336a      0x223 c:/nxp/mcuxpressoide_10.2.1_795/ide/tools/bin/../lib/gcc/arm-none-eabi/7.2.1/../../../../arm-none-eabi/lib/thumb/v7-m\libcr_newlib_nohost.a(_cr_sbrk.o)
 .debug_abbrev  0x0000358d       0x62 c:/nxp/mcuxpressoide_10.2.1_795/ide/tools/bin/../lib/gcc/arm-none-eabi/7.2.1/../../../../arm-none-eabi/lib/thumb/v7-m\libcr_newlib_nohost.a(_cr_check_heap.o)

.debug_aranges  0x00000000      0xae0
 .debug_aranges
                0x00000000       0x68 ./src/DigitalIoPin.o
 .debug_aranges
                0x00000068       0x30 ./src/ITM_write.o
 .debug_aranges
                0x00000098       0x58 ./src/LAB_7.1.o
 .debug_aranges
                0x000000f0       0x80 ./src/LimitedCounter.o
 .debug_aranges
                0x00000170       0x48 ./src/cr_cpp_config.o
 .debug_aranges
                0x000001b8       0x80 ./src/cr_startup_lpc15xx.o
 .debug_aranges
                0x00000238       0x20 ./src/sysinit.o
 .debug_aranges
                0x00000258       0xd0 C:\Users\Lauri\Documents\MCUXpressoIDE_10.2.1_795\workspace\lab7PWM_Workspace\lpc_board_nxp_lpcxpresso_1549\Debug\liblpc_board_nxp_lpcxpresso_1549.a(board.o)
 .debug_aranges
                0x00000328       0x60 C:\Users\Lauri\Documents\MCUXpressoIDE_10.2.1_795\workspace\lab7PWM_Workspace\lpc_board_nxp_lpcxpresso_1549\Debug\liblpc_board_nxp_lpcxpresso_1549.a(board_sysinit.o)
 .debug_aranges
                0x00000388       0x50 C:\Users\Lauri\Documents\MCUXpressoIDE_10.2.1_795\workspace\lab7PWM_Workspace\lpc_chip_15xx\Debug\liblpc_chip_15xx.a(chip_15xx.o)
 .debug_aranges
                0x000003d8      0x128 C:\Users\Lauri\Documents\MCUXpressoIDE_10.2.1_795\workspace\lab7PWM_Workspace\lpc_chip_15xx\Debug\liblpc_chip_15xx.a(clock_15xx.o)
 .debug_aranges
                0x00000500       0x70 C:\Users\Lauri\Documents\MCUXpressoIDE_10.2.1_795\workspace\lab7PWM_Workspace\lpc_chip_15xx\Debug\liblpc_chip_15xx.a(gpio_15xx.o)
 .debug_aranges
                0x00000570       0x28 C:\Users\Lauri\Documents\MCUXpressoIDE_10.2.1_795\workspace\lab7PWM_Workspace\lpc_chip_15xx\Debug\liblpc_chip_15xx.a(iocon_15xx.o)
 .debug_aranges
                0x00000598       0x50 C:\Users\Lauri\Documents\MCUXpressoIDE_10.2.1_795\workspace\lab7PWM_Workspace\lpc_chip_15xx\Debug\liblpc_chip_15xx.a(sct_15xx.o)
 .debug_aranges
                0x000005e8       0x40 C:\Users\Lauri\Documents\MCUXpressoIDE_10.2.1_795\workspace\lab7PWM_Workspace\lpc_chip_15xx\Debug\liblpc_chip_15xx.a(swm_15xx.o)
 .debug_aranges
                0x00000628       0x50 C:\Users\Lauri\Documents\MCUXpressoIDE_10.2.1_795\workspace\lab7PWM_Workspace\lpc_chip_15xx\Debug\liblpc_chip_15xx.a(sysctl_15xx.o)
 .debug_aranges
                0x00000678       0x58 C:\Users\Lauri\Documents\MCUXpressoIDE_10.2.1_795\workspace\lab7PWM_Workspace\lpc_chip_15xx\Debug\liblpc_chip_15xx.a(sysinit_15xx.o)
 .debug_aranges
                0x000006d0       0xc8 C:\Users\Lauri\Documents\MCUXpressoIDE_10.2.1_795\workspace\lab7PWM_Workspace\lpc_chip_15xx\Debug\liblpc_chip_15xx.a(uart_15xx.o)
 .debug_aranges
                0x00000798      0x1f0 C:\Users\Lauri\Documents\MCUXpressoIDE_10.2.1_795\workspace\lab7PWM_Workspace\FreeRTOS\Debug\libFreeRTOS.a(tasks.o)
 .debug_aranges
                0x00000988       0x28 C:\Users\Lauri\Documents\MCUXpressoIDE_10.2.1_795\workspace\lab7PWM_Workspace\FreeRTOS\Debug\libFreeRTOS.a(heap_3.o)
 .debug_aranges
                0x000009b0       0x70 C:\Users\Lauri\Documents\MCUXpressoIDE_10.2.1_795\workspace\lab7PWM_Workspace\FreeRTOS\Debug\libFreeRTOS.a(port.o)
 .debug_aranges
                0x00000a20       0x40 C:\Users\Lauri\Documents\MCUXpressoIDE_10.2.1_795\workspace\lab7PWM_Workspace\FreeRTOS\Debug\libFreeRTOS.a(FreeRTOSCommonHooks.o)
 .debug_aranges
                0x00000a60       0x40 C:\Users\Lauri\Documents\MCUXpressoIDE_10.2.1_795\workspace\lab7PWM_Workspace\FreeRTOS\Debug\libFreeRTOS.a(list.o)
 .debug_aranges
                0x00000aa0       0x20 c:/nxp/mcuxpressoide_10.2.1_795/ide/tools/bin/../lib/gcc/arm-none-eabi/7.2.1/../../../../arm-none-eabi/lib/thumb/v7-m\libcr_newlib_nohost.a(_cr_sbrk.o)
 .debug_aranges
                0x00000ac0       0x20 c:/nxp/mcuxpressoide_10.2.1_795/ide/tools/bin/../lib/gcc/arm-none-eabi/7.2.1/../../../../arm-none-eabi/lib/thumb/v7-m\libcr_newlib_nohost.a(_cr_check_heap.o)

.debug_ranges   0x00000000      0x968
 .debug_ranges  0x00000000       0x58 ./src/DigitalIoPin.o
 .debug_ranges  0x00000058       0x20 ./src/ITM_write.o
 .debug_ranges  0x00000078       0x48 ./src/LAB_7.1.o
 .debug_ranges  0x000000c0       0x70 ./src/LimitedCounter.o
 .debug_ranges  0x00000130       0x38 ./src/cr_cpp_config.o
 .debug_ranges  0x00000168       0x70 ./src/cr_startup_lpc15xx.o
 .debug_ranges  0x000001d8       0x10 ./src/sysinit.o
 .debug_ranges  0x000001e8       0xd8 C:\Users\Lauri\Documents\MCUXpressoIDE_10.2.1_795\workspace\lab7PWM_Workspace\lpc_board_nxp_lpcxpresso_1549\Debug\liblpc_board_nxp_lpcxpresso_1549.a(board.o)
 .debug_ranges  0x000002c0       0x50 C:\Users\Lauri\Documents\MCUXpressoIDE_10.2.1_795\workspace\lab7PWM_Workspace\lpc_board_nxp_lpcxpresso_1549\Debug\liblpc_board_nxp_lpcxpresso_1549.a(board_sysinit.o)
 .debug_ranges  0x00000310       0x40 C:\Users\Lauri\Documents\MCUXpressoIDE_10.2.1_795\workspace\lab7PWM_Workspace\lpc_chip_15xx\Debug\liblpc_chip_15xx.a(chip_15xx.o)
 .debug_ranges  0x00000350      0x118 C:\Users\Lauri\Documents\MCUXpressoIDE_10.2.1_795\workspace\lab7PWM_Workspace\lpc_chip_15xx\Debug\liblpc_chip_15xx.a(clock_15xx.o)
 .debug_ranges  0x00000468       0x60 C:\Users\Lauri\Documents\MCUXpressoIDE_10.2.1_795\workspace\lab7PWM_Workspace\lpc_chip_15xx\Debug\liblpc_chip_15xx.a(gpio_15xx.o)
 .debug_ranges  0x000004c8       0x18 C:\Users\Lauri\Documents\MCUXpressoIDE_10.2.1_795\workspace\lab7PWM_Workspace\lpc_chip_15xx\Debug\liblpc_chip_15xx.a(iocon_15xx.o)
 .debug_ranges  0x000004e0       0x40 C:\Users\Lauri\Documents\MCUXpressoIDE_10.2.1_795\workspace\lab7PWM_Workspace\lpc_chip_15xx\Debug\liblpc_chip_15xx.a(sct_15xx.o)
 .debug_ranges  0x00000520       0x30 C:\Users\Lauri\Documents\MCUXpressoIDE_10.2.1_795\workspace\lab7PWM_Workspace\lpc_chip_15xx\Debug\liblpc_chip_15xx.a(swm_15xx.o)
 .debug_ranges  0x00000550       0x40 C:\Users\Lauri\Documents\MCUXpressoIDE_10.2.1_795\workspace\lab7PWM_Workspace\lpc_chip_15xx\Debug\liblpc_chip_15xx.a(sysctl_15xx.o)
 .debug_ranges  0x00000590       0x48 C:\Users\Lauri\Documents\MCUXpressoIDE_10.2.1_795\workspace\lab7PWM_Workspace\lpc_chip_15xx\Debug\liblpc_chip_15xx.a(sysinit_15xx.o)
 .debug_ranges  0x000005d8       0xb8 C:\Users\Lauri\Documents\MCUXpressoIDE_10.2.1_795\workspace\lab7PWM_Workspace\lpc_chip_15xx\Debug\liblpc_chip_15xx.a(uart_15xx.o)
 .debug_ranges  0x00000690      0x1e0 C:\Users\Lauri\Documents\MCUXpressoIDE_10.2.1_795\workspace\lab7PWM_Workspace\FreeRTOS\Debug\libFreeRTOS.a(tasks.o)
 .debug_ranges  0x00000870       0x18 C:\Users\Lauri\Documents\MCUXpressoIDE_10.2.1_795\workspace\lab7PWM_Workspace\FreeRTOS\Debug\libFreeRTOS.a(heap_3.o)
 .debug_ranges  0x00000888       0x60 C:\Users\Lauri\Documents\MCUXpressoIDE_10.2.1_795\workspace\lab7PWM_Workspace\FreeRTOS\Debug\libFreeRTOS.a(port.o)
 .debug_ranges  0x000008e8       0x30 C:\Users\Lauri\Documents\MCUXpressoIDE_10.2.1_795\workspace\lab7PWM_Workspace\FreeRTOS\Debug\libFreeRTOS.a(FreeRTOSCommonHooks.o)
 .debug_ranges  0x00000918       0x30 C:\Users\Lauri\Documents\MCUXpressoIDE_10.2.1_795\workspace\lab7PWM_Workspace\FreeRTOS\Debug\libFreeRTOS.a(list.o)
 .debug_ranges  0x00000948       0x10 c:/nxp/mcuxpressoide_10.2.1_795/ide/tools/bin/../lib/gcc/arm-none-eabi/7.2.1/../../../../arm-none-eabi/lib/thumb/v7-m\libcr_newlib_nohost.a(_cr_sbrk.o)
 .debug_ranges  0x00000958       0x10 c:/nxp/mcuxpressoide_10.2.1_795/ide/tools/bin/../lib/gcc/arm-none-eabi/7.2.1/../../../../arm-none-eabi/lib/thumb/v7-m\libcr_newlib_nohost.a(_cr_check_heap.o)

.debug_macro    0x00000000     0xcff8
 .debug_macro   0x00000000      0x26f ./src/DigitalIoPin.o
 .debug_macro   0x0000026f      0xb1a ./src/DigitalIoPin.o
 .debug_macro   0x00000d89       0x1c ./src/DigitalIoPin.o
 .debug_macro   0x00000da5       0x22 ./src/DigitalIoPin.o
 .debug_macro   0x00000dc7       0x4f ./src/DigitalIoPin.o
 .debug_macro   0x00000e16       0x51 ./src/DigitalIoPin.o
 .debug_macro   0x00000e67       0xef ./src/DigitalIoPin.o
 .debug_macro   0x00000f56       0x6a ./src/DigitalIoPin.o
 .debug_macro   0x00000fc0      0x1df ./src/DigitalIoPin.o
 .debug_macro   0x0000119f       0x16 ./src/DigitalIoPin.o
 .debug_macro   0x000011b5       0x7b ./src/DigitalIoPin.o
 .debug_macro   0x00001230       0x10 ./src/DigitalIoPin.o
 .debug_macro   0x00001240       0x2d ./src/DigitalIoPin.o
 .debug_macro   0x0000126d       0x3a ./src/DigitalIoPin.o
 .debug_macro   0x000012a7       0x2d ./src/DigitalIoPin.o
 .debug_macro   0x000012d4      0xa7d ./src/DigitalIoPin.o
 .debug_macro   0x00001d51      0x1b4 ./src/DigitalIoPin.o
 .debug_macro   0x00001f05       0xca ./src/DigitalIoPin.o
 .debug_macro   0x00001fcf       0x18 ./src/DigitalIoPin.o
 .debug_macro   0x00001fe7       0xb2 ./src/DigitalIoPin.o
 .debug_macro   0x00002099       0x70 ./src/DigitalIoPin.o
 .debug_macro   0x00002109       0x46 ./src/DigitalIoPin.o
 .debug_macro   0x0000214f       0xd0 ./src/DigitalIoPin.o
 .debug_macro   0x0000221f       0x40 ./src/DigitalIoPin.o
 .debug_macro   0x0000225f      0x233 ./src/DigitalIoPin.o
 .debug_macro   0x00002492       0x16 ./src/DigitalIoPin.o
 .debug_macro   0x000024a8       0x88 ./src/DigitalIoPin.o
 .debug_macro   0x00002530       0x34 ./src/DigitalIoPin.o
 .debug_macro   0x00002564       0x6a ./src/DigitalIoPin.o
 .debug_macro   0x000025ce       0x40 ./src/DigitalIoPin.o
 .debug_macro   0x0000260e       0x1c ./src/DigitalIoPin.o
 .debug_macro   0x0000262a       0x16 ./src/DigitalIoPin.o
 .debug_macro   0x00002640      0x10c ./src/DigitalIoPin.o
 .debug_macro   0x0000274c      0x2a9 ./src/DigitalIoPin.o
 .debug_macro   0x000029f5       0x76 ./src/DigitalIoPin.o
 .debug_macro   0x00002a6b       0x22 ./src/DigitalIoPin.o
 .debug_macro   0x00002a8d      0x152 ./src/DigitalIoPin.o
 .debug_macro   0x00002bdf       0x82 ./src/DigitalIoPin.o
 .debug_macro   0x00002c61       0xe6 ./src/DigitalIoPin.o
 .debug_macro   0x00002d47       0x3a ./src/DigitalIoPin.o
 .debug_macro   0x00002d81       0x34 ./src/DigitalIoPin.o
 .debug_macro   0x00002db5       0x10 ./src/DigitalIoPin.o
 .debug_macro   0x00002dc5       0x76 ./src/DigitalIoPin.o
 .debug_macro   0x00002e3b       0x58 ./src/DigitalIoPin.o
 .debug_macro   0x00002e93      0x2ca ./src/DigitalIoPin.o
 .debug_macro   0x0000315d      0x22b ./src/DigitalIoPin.o
 .debug_macro   0x00003388       0x2e ./src/DigitalIoPin.o
 .debug_macro   0x000033b6      0x2a0 ./src/ITM_write.o
 .debug_macro   0x00003656      0xa78 ./src/ITM_write.o
 .debug_macro   0x000040ce       0x22 ./src/ITM_write.o
 .debug_macro   0x000040f0      0xa7d ./src/ITM_write.o
 .debug_macro   0x00004b6d      0x549 ./src/LAB_7.1.o
 .debug_macro   0x000050b6       0x34 ./src/LAB_7.1.o
 .debug_macro   0x000050ea       0x58 ./src/LAB_7.1.o
 .debug_macro   0x00005142       0x17 ./src/LAB_7.1.o
 .debug_macro   0x00005159       0x35 ./src/LAB_7.1.o
 .debug_macro   0x0000518e       0x9c ./src/LAB_7.1.o
 .debug_macro   0x0000522a       0x16 ./src/LAB_7.1.o
 .debug_macro   0x00005240       0x97 ./src/LAB_7.1.o
 .debug_macro   0x000052d7      0x353 ./src/LAB_7.1.o
 .debug_macro   0x0000562a      0x104 ./src/LAB_7.1.o
 .debug_macro   0x0000572e       0x10 ./src/LAB_7.1.o
 .debug_macro   0x0000573e       0x58 ./src/LAB_7.1.o
 .debug_macro   0x00005796       0x1f ./src/LAB_7.1.o
 .debug_macro   0x000057b5       0x43 ./src/LAB_7.1.o
 .debug_macro   0x000057f8       0x20 ./src/LAB_7.1.o
 .debug_macro   0x00005818      0x18e ./src/LAB_7.1.o
 .debug_macro   0x000059a6       0x10 ./src/LAB_7.1.o
 .debug_macro   0x000059b6       0xb6 ./src/LAB_7.1.o
 .debug_macro   0x00005a6c       0x16 ./src/LAB_7.1.o
 .debug_macro   0x00005a82      0x114 ./src/LAB_7.1.o
 .debug_macro   0x00005b96       0x20 ./src/LAB_7.1.o
 .debug_macro   0x00005bb6       0x82 ./src/LAB_7.1.o
 .debug_macro   0x00005c38      0x118 ./src/LAB_7.1.o
 .debug_macro   0x00005d50      0x15a ./src/LAB_7.1.o
 .debug_macro   0x00005eaa       0xd6 ./src/LAB_7.1.o
 .debug_macro   0x00005f80       0x10 ./src/LAB_7.1.o
 .debug_macro   0x00005f90       0x1f ./src/LAB_7.1.o
 .debug_macro   0x00005faf       0x16 ./src/LAB_7.1.o
 .debug_macro   0x00005fc5       0x35 ./src/LAB_7.1.o
 .debug_macro   0x00005ffa      0x46b ./src/LAB_7.1.o
 .debug_macro   0x00006465       0xb5 ./src/LAB_7.1.o
 .debug_macro   0x0000651a       0x8c ./src/LAB_7.1.o
 .debug_macro   0x000065a6       0x86 ./src/LAB_7.1.o
 .debug_macro   0x0000662c       0x7e ./src/LAB_7.1.o
 .debug_macro   0x000066aa      0x168 ./src/LAB_7.1.o
 .debug_macro   0x00006812       0x10 ./src/LAB_7.1.o
 .debug_macro   0x00006822      0x3f4 ./src/LAB_7.1.o
 .debug_macro   0x00006c16       0x10 ./src/LAB_7.1.o
 .debug_macro   0x00006c26       0x16 ./src/LAB_7.1.o
 .debug_macro   0x00006c3c       0x22 ./src/LAB_7.1.o
 .debug_macro   0x00006c5e       0x1c ./src/LAB_7.1.o
 .debug_macro   0x00006c7a       0xde ./src/LAB_7.1.o
 .debug_macro   0x00006d58       0x16 ./src/LAB_7.1.o
 .debug_macro   0x00006d6e       0x10 ./src/LAB_7.1.o
 .debug_macro   0x00006d7e       0x10 ./src/LAB_7.1.o
 .debug_macro   0x00006d8e       0x2e ./src/LAB_7.1.o
 .debug_macro   0x00006dbc       0x46 ./src/LAB_7.1.o
 .debug_macro   0x00006e02       0x17 ./src/LAB_7.1.o
 .debug_macro   0x00006e19       0x28 ./src/LAB_7.1.o
 .debug_macro   0x00006e41       0x1f ./src/LAB_7.1.o
 .debug_macro   0x00006e60       0x12 ./src/LAB_7.1.o
 .debug_macro   0x00006e72       0x16 ./src/LAB_7.1.o
 .debug_macro   0x00006e88       0x8e ./src/LAB_7.1.o
 .debug_macro   0x00006f16       0x1b ./src/LimitedCounter.o
 .debug_macro   0x00006f31      0x137 ./src/cr_cpp_config.o
 .debug_macro   0x00007068       0x52 ./src/cr_cpp_config.o
 .debug_macro   0x000070ba       0x55 ./src/cr_cpp_config.o
 .debug_macro   0x0000710f      0x10e ./src/cr_cpp_config.o
 .debug_macro   0x0000721d       0x94 ./src/cr_cpp_config.o
 .debug_macro   0x000072b1       0x57 ./src/cr_cpp_config.o
 .debug_macro   0x00007308       0x23 ./src/cr_startup_lpc15xx.o
 .debug_macro   0x0000732b      0x376 ./src/sysinit.o
 .debug_macro   0x000076a1       0x9c ./src/sysinit.o
 .debug_macro   0x0000773d       0x97 ./src/sysinit.o
 .debug_macro   0x000077d4      0x330 ./src/sysinit.o
 .debug_macro   0x00007b04       0xfd ./src/sysinit.o
 .debug_macro   0x00007c01       0x43 ./src/sysinit.o
 .debug_macro   0x00007c44      0x129 ./src/sysinit.o
 .debug_macro   0x00007d6d      0x3f3 C:\Users\Lauri\Documents\MCUXpressoIDE_10.2.1_795\workspace\lab7PWM_Workspace\lpc_board_nxp_lpcxpresso_1549\Debug\liblpc_board_nxp_lpcxpresso_1549.a(board.o)
 .debug_macro   0x00008160      0xa6c C:\Users\Lauri\Documents\MCUXpressoIDE_10.2.1_795\workspace\lab7PWM_Workspace\lpc_board_nxp_lpcxpresso_1549\Debug\liblpc_board_nxp_lpcxpresso_1549.a(board.o)
 .debug_macro   0x00008bcc       0x87 C:\Users\Lauri\Documents\MCUXpressoIDE_10.2.1_795\workspace\lab7PWM_Workspace\lpc_board_nxp_lpcxpresso_1549\Debug\liblpc_board_nxp_lpcxpresso_1549.a(board.o)
 .debug_macro   0x00008c53       0x1c C:\Users\Lauri\Documents\MCUXpressoIDE_10.2.1_795\workspace\lab7PWM_Workspace\lpc_board_nxp_lpcxpresso_1549\Debug\liblpc_board_nxp_lpcxpresso_1549.a(board.o)
 .debug_macro   0x00008c6f       0x52 C:\Users\Lauri\Documents\MCUXpressoIDE_10.2.1_795\workspace\lab7PWM_Workspace\lpc_board_nxp_lpcxpresso_1549\Debug\liblpc_board_nxp_lpcxpresso_1549.a(board.o)
 .debug_macro   0x00008cc1       0x40 C:\Users\Lauri\Documents\MCUXpressoIDE_10.2.1_795\workspace\lab7PWM_Workspace\lpc_board_nxp_lpcxpresso_1549\Debug\liblpc_board_nxp_lpcxpresso_1549.a(board.o)
 .debug_macro   0x00008d01       0x10 C:\Users\Lauri\Documents\MCUXpressoIDE_10.2.1_795\workspace\lab7PWM_Workspace\lpc_board_nxp_lpcxpresso_1549\Debug\liblpc_board_nxp_lpcxpresso_1549.a(board.o)
 .debug_macro   0x00008d11       0x40 C:\Users\Lauri\Documents\MCUXpressoIDE_10.2.1_795\workspace\lab7PWM_Workspace\lpc_board_nxp_lpcxpresso_1549\Debug\liblpc_board_nxp_lpcxpresso_1549.a(board.o)
 .debug_macro   0x00008d51       0xd7 C:\Users\Lauri\Documents\MCUXpressoIDE_10.2.1_795\workspace\lab7PWM_Workspace\lpc_board_nxp_lpcxpresso_1549\Debug\liblpc_board_nxp_lpcxpresso_1549.a(board.o)
 .debug_macro   0x00008e28       0x1c C:\Users\Lauri\Documents\MCUXpressoIDE_10.2.1_795\workspace\lab7PWM_Workspace\lpc_board_nxp_lpcxpresso_1549\Debug\liblpc_board_nxp_lpcxpresso_1549.a(board.o)
 .debug_macro   0x00008e44       0x3d C:\Users\Lauri\Documents\MCUXpressoIDE_10.2.1_795\workspace\lab7PWM_Workspace\lpc_board_nxp_lpcxpresso_1549\Debug\liblpc_board_nxp_lpcxpresso_1549.a(board.o)
 .debug_macro   0x00008e81      0x16f C:\Users\Lauri\Documents\MCUXpressoIDE_10.2.1_795\workspace\lab7PWM_Workspace\lpc_board_nxp_lpcxpresso_1549\Debug\liblpc_board_nxp_lpcxpresso_1549.a(board.o)
 .debug_macro   0x00008ff0       0x12 C:\Users\Lauri\Documents\MCUXpressoIDE_10.2.1_795\workspace\lab7PWM_Workspace\lpc_board_nxp_lpcxpresso_1549\Debug\liblpc_board_nxp_lpcxpresso_1549.a(board.o)
 .debug_macro   0x00009002      0x414 C:\Users\Lauri\Documents\MCUXpressoIDE_10.2.1_795\workspace\lab7PWM_Workspace\lpc_board_nxp_lpcxpresso_1549\Debug\liblpc_board_nxp_lpcxpresso_1549.a(board_sysinit.o)
 .debug_macro   0x00009416       0x35 C:\Users\Lauri\Documents\MCUXpressoIDE_10.2.1_795\workspace\lab7PWM_Workspace\lpc_board_nxp_lpcxpresso_1549\Debug\liblpc_board_nxp_lpcxpresso_1549.a(board_sysinit.o)
 .debug_macro   0x0000944b      0x260 C:\Users\Lauri\Documents\MCUXpressoIDE_10.2.1_795\workspace\lab7PWM_Workspace\lpc_chip_15xx\Debug\liblpc_chip_15xx.a(chip_15xx.o)
 .debug_macro   0x000096ab      0x260 C:\Users\Lauri\Documents\MCUXpressoIDE_10.2.1_795\workspace\lab7PWM_Workspace\lpc_chip_15xx\Debug\liblpc_chip_15xx.a(clock_15xx.o)
 .debug_macro   0x0000990b      0x260 C:\Users\Lauri\Documents\MCUXpressoIDE_10.2.1_795\workspace\lab7PWM_Workspace\lpc_chip_15xx\Debug\liblpc_chip_15xx.a(gpio_15xx.o)
 .debug_macro   0x00009b6b      0x260 C:\Users\Lauri\Documents\MCUXpressoIDE_10.2.1_795\workspace\lab7PWM_Workspace\lpc_chip_15xx\Debug\liblpc_chip_15xx.a(iocon_15xx.o)
 .debug_macro   0x00009dcb      0x260 C:\Users\Lauri\Documents\MCUXpressoIDE_10.2.1_795\workspace\lab7PWM_Workspace\lpc_chip_15xx\Debug\liblpc_chip_15xx.a(sct_15xx.o)
 .debug_macro   0x0000a02b      0x26c C:\Users\Lauri\Documents\MCUXpressoIDE_10.2.1_795\workspace\lab7PWM_Workspace\lpc_chip_15xx\Debug\liblpc_chip_15xx.a(swm_15xx.o)
 .debug_macro   0x0000a297      0x278 C:\Users\Lauri\Documents\MCUXpressoIDE_10.2.1_795\workspace\lab7PWM_Workspace\lpc_chip_15xx\Debug\liblpc_chip_15xx.a(sysctl_15xx.o)
 .debug_macro   0x0000a50f      0x260 C:\Users\Lauri\Documents\MCUXpressoIDE_10.2.1_795\workspace\lab7PWM_Workspace\lpc_chip_15xx\Debug\liblpc_chip_15xx.a(sysinit_15xx.o)
 .debug_macro   0x0000a76f      0x260 C:\Users\Lauri\Documents\MCUXpressoIDE_10.2.1_795\workspace\lab7PWM_Workspace\lpc_chip_15xx\Debug\liblpc_chip_15xx.a(uart_15xx.o)
 .debug_macro   0x0000a9cf      0x574 C:\Users\Lauri\Documents\MCUXpressoIDE_10.2.1_795\workspace\lab7PWM_Workspace\FreeRTOS\Debug\libFreeRTOS.a(tasks.o)